108.162.229.144 - - [03/Apr/2021:18:05:29 +0000] "GET /api/bots/187636089073172481/votes?user_id=194623247592062976 HTTP/1.1" 200 92 "-" "Python/3.9 aiohttp/3.7.4.post0" "78.197.116.88"
162.158.126.148 - - [03/Apr/2021:18:05:29 +0000] "GET /bot/780943575394942987 HTTP/1.1" 200 33763 "https://fateslist.xyz/bot/780943575394942987/vote" "Mozilla/5.0 (Windows NT 10.0; Win64; x64) AppleWebKit/537.36 (KHTML, like Gecko) Chrome/89.0.4389.105 Safari/537.36" "69.172.186.205"
162.158.126.152 - - [03/Apr/2021:18:05:29 +0000] "GET /static/assets/img/b7e5d6e0a9f6fddb68ea920a07546e6a%20(1).png HTTP/1.1" 403 555 "https://fateslist.xyz/bot/780943575394942987" "Mozilla/5.0 (Windows NT 10.0; Win64; x64) AppleWebKit/537.36 (KHTML, like Gecko) Chrome/89.0.4389.105 Safari/537.36" "69.172.186.205"
162.158.126.162 - - [03/Apr/2021:18:05:29 +0000] "GET /static/favicon.ico HTTP/1.1" 403 555 "https://fateslist.xyz/bot/780943575394942987" "Mozilla/5.0 (Windows NT 10.0; Win64; x64) AppleWebKit/537.36 (KHTML, like Gecko) Chrome/89.0.4389.105 Safari/537.36" "69.172.186.205"
141.101.98.96 - - [03/Apr/2021:18:05:39 +0000] "GET / HTTP/1.1" 200 100698 "-" "Mozilla/5.0 (Macintosh; Intel Mac OS X 10_15_6) AppleWebKit/605.1.15 (KHTML, like Gecko) Version/14.1 Safari/605.1.15" "122.172.56.69"
141.101.98.96 - - [03/Apr/2021:18:05:40 +0000] "GET /none HTTP/1.1" 301 5 "https://fateslist.xyz/" "Mozilla/5.0 (Macintosh; Intel Mac OS X 10_15_6) AppleWebKit/605.1.15 (KHTML, like Gecko) Version/14.1 Safari/605.1.15" "122.172.56.69"
141.101.98.96 - - [03/Apr/2021:18:05:42 +0000] "GET /auth/login HTTP/1.1" 200 11904 "https://fateslist.xyz/" "Mozilla/5.0 (Macintosh; Intel Mac OS X 10_15_6) AppleWebKit/605.1.15 (KHTML, like Gecko) Version/14.1 Safari/605.1.15" "122.172.56.69"
141.101.98.96 - - [03/Apr/2021:18:05:44 +0000] "POST /auth/login HTTP/2.0" 303 0 "https://fateslist.xyz/auth/login" "Mozilla/5.0 (Macintosh; Intel Mac OS X 10_15_6) AppleWebKit/605.1.15 (KHTML, like Gecko) Version/14.1 Safari/605.1.15" "122.172.56.69"
141.101.98.96 - - [03/Apr/2021:18:05:44 +0000] "POST /auth/login HTTP/1.1" 303 5 "https://fateslist.xyz/auth/login" "Mozilla/5.0 (Macintosh; Intel Mac OS X 10_15_6) AppleWebKit/605.1.15 (KHTML, like Gecko) Version/14.1 Safari/605.1.15" "122.172.56.69"
162.158.91.83 - - [03/Apr/2021:18:05:49 +0000] "POST /api/bots/713142514986778715/stats HTTP/1.1" 200 27 "-" "Python/3.8 aiohttp/3.7.3" "46.4.197.65"
172.69.22.62 - - [03/Apr/2021:18:06:03 +0000] "GET / HTTP/1.1" 200 101191 "-" "Mozilla/5.0 (Windows NT 10.0; Win64; x64) AppleWebKit/537.36 (KHTML, like Gecko) Chrome/89.0.4389.114 Safari/537.36" "2001:5b0:49c0:fe18:814:6f6d:ec2f:4b82"
172.68.132.243 - - [03/Apr/2021:18:06:07 +0000] "GET /static/assets/img/b7e5d6e0a9f6fddb68ea920a07546e6a%20(1).png HTTP/1.1" 403 555 "https://fateslist.xyz/" "Mozilla/5.0 (Windows NT 10.0; Win64; x64) AppleWebKit/537.36 (KHTML, like Gecko) Chrome/89.0.4389.114 Safari/537.36" "2001:5b0:49c0:fe18:814:6f6d:ec2f:4b82"
141.101.98.96 - - [03/Apr/2021:18:06:08 +0000] "GET /auth/login/confirm?code=E2VUR8KelSPXwu6P7jPGlaPtUHanCG&state=Lp5wahxDfSmE41H1b6hmFWjOG8LCh7QA5wgoPrdEUnzfLUsizaykl3Cubvt8jxl3neRIV1PqgrWmX8q3EU8Bv7wfr6a2057BR9p6o HTTP/1.1" 307 5 "https://discord.com/oauth2/authorize?client_id=798951566634778641&redirect_uri=https://fateslist.xyz/auth/login/confirm&state=Lp5wahxDfSmE41H1b6hmFWjOG8LCh7QA5wgoPrdEUnzfLUsizaykl3Cubvt8jxl3neRIV1PqgrWmX8q3EU8Bv7wfr6a2057BR9p6o&response_type=code&scope=identify%20guilds.join%20guilds" "Mozilla/5.0 (Macintosh; Intel Mac OS X 10_15_6) AppleWebKit/605.1.15 (KHTML, like Gecko) Version/14.1 Safari/605.1.15" "122.172.56.69"
141.101.98.96 - - [03/Apr/2021:18:06:09 +0000] "GET / HTTP/1.1" 200 101236 "https://discord.com/oauth2/authorize?client_id=798951566634778641&redirect_uri=https://fateslist.xyz/auth/login/confirm&state=Lp5wahxDfSmE41H1b6hmFWjOG8LCh7QA5wgoPrdEUnzfLUsizaykl3Cubvt8jxl3neRIV1PqgrWmX8q3EU8Bv7wfr6a2057BR9p6o&response_type=code&scope=identify%20guilds.join%20guilds" "Mozilla/5.0 (Macintosh; Intel Mac OS X 10_15_6) AppleWebKit/605.1.15 (KHTML, like Gecko) Version/14.1 Safari/605.1.15" "122.172.56.69"
141.101.98.96 - - [03/Apr/2021:18:06:11 +0000] "GET /api/bots/random HTTP/1.1" 200 474 "https://fateslist.xyz/" "Mozilla/5.0 (Macintosh; Intel Mac OS X 10_15_6) AppleWebKit/605.1.15 (KHTML, like Gecko) Version/14.1 Safari/605.1.15" "122.172.56.69"
141.101.98.96 - - [03/Apr/2021:18:06:12 +0000] "GET /bot/admin/add HTTP/1.1" 200 21922 "https://fateslist.xyz/" "Mozilla/5.0 (Macintosh; Intel Mac OS X 10_15_6) AppleWebKit/605.1.15 (KHTML, like Gecko) Version/14.1 Safari/605.1.15" "122.172.56.69"
172.69.22.176 - - [03/Apr/2021:18:06:12 +0000] "GET /static/favicon.ico HTTP/1.1" 403 555 "https://fateslist.xyz/" "Mozilla/5.0 (Windows NT 10.0; Win64; x64) AppleWebKit/537.36 (KHTML, like Gecko) Chrome/89.0.4389.114 Safari/537.36" "2001:5b0:49c0:fe18:814:6f6d:ec2f:4b82"
172.69.22.62 - - [03/Apr/2021:18:06:12 +0000] "GET /api/bots/random HTTP/1.1" 200 458 "https://fateslist.xyz/" "Mozilla/5.0 (Windows NT 10.0; Win64; x64) AppleWebKit/537.36 (KHTML, like Gecko) Chrome/89.0.4389.114 Safari/537.36" "2001:5b0:49c0:fe18:814:6f6d:ec2f:4b82"
172.69.22.62 - - [03/Apr/2021:18:06:13 +0000] "GET /bot/admin/add HTTP/1.1" 200 21877 "https://fateslist.xyz/" "Mozilla/5.0 (Windows NT 10.0; Win64; x64) AppleWebKit/537.36 (KHTML, like Gecko) Chrome/89.0.4389.114 Safari/537.36" "2001:5b0:49c0:fe18:814:6f6d:ec2f:4b82"
172.68.141.124 - - [03/Apr/2021:18:06:13 +0000] "GET /static/assets/img/banner.webp HTTP/1.1" 403 555 "https://fateslist.xyz/" "Mozilla/5.0 (Windows NT 10.0; Win64; x64) AppleWebKit/537.36 (KHTML, like Gecko) Chrome/89.0.4389.114 Safari/537.36" "2001:5b0:49c0:fe18:814:6f6d:ec2f:4b82"
172.69.22.134 - - [03/Apr/2021:18:06:17 +0000] "GET /static/assets/js/bundle.min.js HTTP/1.1" 403 555 "https://fateslist.xyz/bot/admin/add" "Mozilla/5.0 (Windows NT 10.0; Win64; x64) AppleWebKit/537.36 (KHTML, like Gecko) Chrome/89.0.4389.114 Safari/537.36" "2001:5b0:49c0:fe18:814:6f6d:ec2f:4b82"
172.68.132.243 - - [03/Apr/2021:18:06:17 +0000] "GET /static/assets/img/b7e5d6e0a9f6fddb68ea920a07546e6a%20(1).png HTTP/1.1" 403 555 "https://fateslist.xyz/bot/admin/add" "Mozilla/5.0 (Windows NT 10.0; Win64; x64) AppleWebKit/537.36 (KHTML, like Gecko) Chrome/89.0.4389.114 Safari/537.36" "2001:5b0:49c0:fe18:814:6f6d:ec2f:4b82"
172.69.22.180 - - [03/Apr/2021:18:06:21 +0000] "GET /static/favicon.ico HTTP/2.0" 403 555 "https://fateslist.xyz/bot/admin/add" "Mozilla/5.0 (Windows NT 10.0; Win64; x64) AppleWebKit/537.36 (KHTML, like Gecko) Chrome/89.0.4389.114 Safari/537.36" "2001:5b0:49c0:fe18:814:6f6d:ec2f:4b82"
162.158.88.10 - - [03/Apr/2021:18:07:44 +0000] "POST /api/bots/356268235697553409/stats HTTP/1.1" 401 25 "-" "BotListAPI 5.5.2 - .fmbot#8173" "46.4.197.65"
172.69.22.62 - - [03/Apr/2021:18:07:44 +0000] "GET /auth/logout HTTP/1.1" 307 5 "https://fateslist.xyz/bot/admin/add" "Mozilla/5.0 (Windows NT 10.0; Win64; x64) AppleWebKit/537.36 (KHTML, like Gecko) Chrome/89.0.4389.114 Safari/537.36" "2001:5b0:49c0:fe18:814:6f6d:ec2f:4b82"
172.69.22.62 - - [03/Apr/2021:18:07:45 +0000] "GET / HTTP/1.1" 200 100698 "https://fateslist.xyz/bot/admin/add" "Mozilla/5.0 (Windows NT 10.0; Win64; x64) AppleWebKit/537.36 (KHTML, like Gecko) Chrome/89.0.4389.114 Safari/537.36" "2001:5b0:49c0:fe18:814:6f6d:ec2f:4b82"
172.69.170.118 - - [03/Apr/2021:18:07:48 +0000] "HEAD / HTTP/1.1" 200 0 "https://FatesList.xyz" "Mozilla/5.0+(compatible; UptimeRobot/2.0; http://www.uptimerobot.com/)" "69.162.124.237"
172.68.132.243 - - [03/Apr/2021:18:07:48 +0000] "GET /static/assets/img/b7e5d6e0a9f6fddb68ea920a07546e6a%20(1).png HTTP/1.1" 403 555 "https://fateslist.xyz/" "Mozilla/5.0 (Windows NT 10.0; Win64; x64) AppleWebKit/537.36 (KHTML, like Gecko) Chrome/89.0.4389.114 Safari/537.36" "2001:5b0:49c0:fe18:814:6f6d:ec2f:4b82"
172.69.22.176 - - [03/Apr/2021:18:07:51 +0000] "GET /static/favicon.ico HTTP/1.1" 403 555 "https://fateslist.xyz/" "Mozilla/5.0 (Windows NT 10.0; Win64; x64) AppleWebKit/537.36 (KHTML, like Gecko) Chrome/89.0.4389.114 Safari/537.36" "2001:5b0:49c0:fe18:814:6f6d:ec2f:4b82"
172.69.22.62 - - [03/Apr/2021:18:07:51 +0000] "GET /api/bots/random HTTP/1.1" 200 466 "https://fateslist.xyz/" "Mozilla/5.0 (Windows NT 10.0; Win64; x64) AppleWebKit/537.36 (KHTML, like Gecko) Chrome/89.0.4389.114 Safari/537.36" "2001:5b0:49c0:fe18:814:6f6d:ec2f:4b82"
172.68.141.124 - - [03/Apr/2021:18:08:16 +0000] "GET /static/assets/img/banner.webp HTTP/1.1" 403 555 "https://fateslist.xyz/" "Mozilla/5.0 (Windows NT 10.0; Win64; x64) AppleWebKit/537.36 (KHTML, like Gecko) Chrome/89.0.4389.114 Safari/537.36" "2001:5b0:49c0:fe18:814:6f6d:ec2f:4b82"
172.69.22.62 - - [03/Apr/2021:18:08:18 +0000] "GET /auth/login HTTP/1.1" 200 11904 "https://fateslist.xyz/" "Mozilla/5.0 (Windows NT 10.0; Win64; x64) AppleWebKit/537.36 (KHTML, like Gecko) Chrome/89.0.4389.114 Safari/537.36" "2001:5b0:49c0:fe18:814:6f6d:ec2f:4b82"
172.68.132.243 - - [03/Apr/2021:18:08:19 +0000] "GET /static/assets/img/b7e5d6e0a9f6fddb68ea920a07546e6a%20(1).png HTTP/1.1" 403 555 "https://fateslist.xyz/auth/login" "Mozilla/5.0 (Windows NT 10.0; Win64; x64) AppleWebKit/537.36 (KHTML, like Gecko) Chrome/89.0.4389.114 Safari/537.36" "2001:5b0:49c0:fe18:814:6f6d:ec2f:4b82"
172.69.22.62 - - [03/Apr/2021:18:08:37 +0000] "POST /auth/login HTTP/1.1" 303 5 "https://fateslist.xyz/auth/login" "Mozilla/5.0 (Windows NT 10.0; Win64; x64) AppleWebKit/537.36 (KHTML, like Gecko) Chrome/89.0.4389.114 Safari/537.36" "2001:5b0:49c0:fe18:814:6f6d:ec2f:4b82"
108.162.216.222 - - [03/Apr/2021:18:09:23 +0000] "GET / HTTP/1.1" 200 100698 "-" "Mozilla/5.0 (iPhone; CPU iPhone OS 14_4_2 like Mac OS X) AppleWebKit/605.1.15 (KHTML, like Gecko) Version/14.0.3 Mobile/15E148 Safari/604.1" "207.228.78.214"
108.162.216.222 - - [03/Apr/2021:18:09:25 +0000] "GET /api/bots/random HTTP/2.0" 200 480 "https://fateslist.xyz/" "Mozilla/5.0 (iPhone; CPU iPhone OS 14_4_2 like Mac OS X) AppleWebKit/605.1.15 (KHTML, like Gecko) Version/14.0.3 Mobile/15E148 Safari/604.1" "207.228.78.214"
108.162.216.222 - - [03/Apr/2021:18:09:28 +0000] "GET /auth/login HTTP/1.1" 200 11904 "https://fateslist.xyz/" "Mozilla/5.0 (iPhone; CPU iPhone OS 14_4_2 like Mac OS X) AppleWebKit/605.1.15 (KHTML, like Gecko) Version/14.0.3 Mobile/15E148 Safari/604.1" "207.228.78.214"
108.162.216.222 - - [03/Apr/2021:18:09:29 +0000] "POST /auth/login HTTP/1.1" 303 5 "https://fateslist.xyz/auth/login" "Mozilla/5.0 (iPhone; CPU iPhone OS 14_4_2 like Mac OS X) AppleWebKit/605.1.15 (KHTML, like Gecko) Version/14.0.3 Mobile/15E148 Safari/604.1" "207.228.78.214"
162.158.74.145 - - [03/Apr/2021:18:09:50 +0000] "GET /auth/login/confirm?code=J0OJ5tzXI0WaaGuek3GsPdCTO11XdN&state=SXoLckm1js98w548P2dg7ZVOdIKV1SsgwlC2DCbLl6qc1kTPLRf8J6pjPZJkBBctBmP2ThLKBxBWBkTNaLeYVSAou9glQdI6hUHsp HTTP/1.1" 307 5 "https://discord.com/oauth2/authorize?client_id=798951566634778641&redirect_uri=https://fateslist.xyz/auth/login/confirm&state=SXoLckm1js98w548P2dg7ZVOdIKV1SsgwlC2DCbLl6qc1kTPLRf8J6pjPZJkBBctBmP2ThLKBxBWBkTNaLeYVSAou9glQdI6hUHsp&response_type=code&scope=identify%20guilds.join%20guilds" "Mozilla/5.0 (iPhone; CPU iPhone OS 14_4_2 like Mac OS X) AppleWebKit/605.1.15 (KHTML, like Gecko) Version/14.0.3 Mobile/15E148 Safari/604.1" "207.228.78.214"
162.158.74.145 - - [03/Apr/2021:18:09:51 +0000] "GET / HTTP/1.1" 200 101161 "https://discord.com/oauth2/authorize?client_id=798951566634778641&redirect_uri=https://fateslist.xyz/auth/login/confirm&state=SXoLckm1js98w548P2dg7ZVOdIKV1SsgwlC2DCbLl6qc1kTPLRf8J6pjPZJkBBctBmP2ThLKBxBWBkTNaLeYVSAou9glQdI6hUHsp&response_type=code&scope=identify%20guilds.join%20guilds" "Mozilla/5.0 (iPhone; CPU iPhone OS 14_4_2 like Mac OS X) AppleWebKit/605.1.15 (KHTML, like Gecko) Version/14.0.3 Mobile/15E148 Safari/604.1" "207.228.78.214"
162.158.74.145 - - [03/Apr/2021:18:09:51 +0000] "GET /auth/login/confirm?code=GL3Qn4wCaiSwbaYUFdveS63lc9ofU9&state=SXoLckm1js98w548P2dg7ZVOdIKV1SsgwlC2DCbLl6qc1kTPLRf8J6pjPZJkBBctBmP2ThLKBxBWBkTNaLeYVSAou9glQdI6hUHsp HTTP/1.1" 307 5 "https://discord.com/oauth2/authorize?client_id=798951566634778641&redirect_uri=https://fateslist.xyz/auth/login/confirm&state=SXoLckm1js98w548P2dg7ZVOdIKV1SsgwlC2DCbLl6qc1kTPLRf8J6pjPZJkBBctBmP2ThLKBxBWBkTNaLeYVSAou9glQdI6hUHsp&response_type=code&scope=identify%20guilds.join%20guilds" "Mozilla/5.0 (iPhone; CPU iPhone OS 14_4_2 like Mac OS X) AppleWebKit/605.1.15 (KHTML, like Gecko) Version/14.0.3 Mobile/15E148 Safari/604.1" "207.228.78.214"
162.158.74.145 - - [03/Apr/2021:18:09:51 +0000] "GET / HTTP/1.1" 200 101161 "https://discord.com/oauth2/authorize?client_id=798951566634778641&redirect_uri=https://fateslist.xyz/auth/login/confirm&state=SXoLckm1js98w548P2dg7ZVOdIKV1SsgwlC2DCbLl6qc1kTPLRf8J6pjPZJkBBctBmP2ThLKBxBWBkTNaLeYVSAou9glQdI6hUHsp&response_type=code&scope=identify%20guilds.join%20guilds" "Mozilla/5.0 (iPhone; CPU iPhone OS 14_4_2 like Mac OS X) AppleWebKit/605.1.15 (KHTML, like Gecko) Version/14.0.3 Mobile/15E148 Safari/604.1" "207.228.78.214"
162.158.74.145 - - [03/Apr/2021:18:09:52 +0000] "GET /api/bots/random HTTP/1.1" 200 395 "https://fateslist.xyz/" "Mozilla/5.0 (iPhone; CPU iPhone OS 14_4_2 like Mac OS X) AppleWebKit/605.1.15 (KHTML, like Gecko) Version/14.0.3 Mobile/15E148 Safari/604.1" "207.228.78.214"
162.158.88.234 - - [03/Apr/2021:18:09:56 +0000] "POST /api/bots/434556304661544960/stats HTTP/1.1" 401 25 "-" "BotListAPI 1.1.1 - Waifu#2747" "46.4.197.65"
162.158.74.145 - - [03/Apr/2021:18:09:59 +0000] "GET /bot/admin/add HTTP/1.1" 200 21847 "https://fateslist.xyz/" "Mozilla/5.0 (iPhone; CPU iPhone OS 14_4_2 like Mac OS X) AppleWebKit/605.1.15 (KHTML, like Gecko) Version/14.0.3 Mobile/15E148 Safari/604.1" "207.228.78.214"
172.69.22.66 - - [03/Apr/2021:18:10:25 +0000] "GET /auth/login/confirm?code=q9VFu4GFUGQwlEPFNEsB0UZxOcQmcV&state=TsLSmfCimMrXFCB04mky7Fs2f7ZBtiF6iJulpseLUT9XUB7S1bk2pLSpwoItWkRt4PUa3wc3FI4dB8sqdf2v6uBzAwGvaZCrQxnqr HTTP/2.0" 307 0 "https://discord.com/" "Mozilla/5.0 (Windows NT 10.0; Win64; x64) AppleWebKit/537.36 (KHTML, like Gecko) Chrome/89.0.4389.114 Safari/537.36" "2001:5b0:49c0:fe18:814:6f6d:ec2f:4b82"
172.69.22.62 - - [03/Apr/2021:18:10:26 +0000] "GET / HTTP/1.1" 200 101191 "https://discord.com/" "Mozilla/5.0 (Windows NT 10.0; Win64; x64) AppleWebKit/537.36 (KHTML, like Gecko) Chrome/89.0.4389.114 Safari/537.36" "2001:5b0:49c0:fe18:814:6f6d:ec2f:4b82"
172.68.132.243 - - [03/Apr/2021:18:10:29 +0000] "GET /static/assets/img/b7e5d6e0a9f6fddb68ea920a07546e6a%20(1).png HTTP/1.1" 403 555 "https://fateslist.xyz/" "Mozilla/5.0 (Windows NT 10.0; Win64; x64) AppleWebKit/537.36 (KHTML, like Gecko) Chrome/89.0.4389.114 Safari/537.36" "2001:5b0:49c0:fe18:814:6f6d:ec2f:4b82"
172.69.22.176 - - [03/Apr/2021:18:10:30 +0000] "GET /static/favicon.ico HTTP/1.1" 403 555 "https://fateslist.xyz/" "Mozilla/5.0 (Windows NT 10.0; Win64; x64) AppleWebKit/537.36 (KHTML, like Gecko) Chrome/89.0.4389.114 Safari/537.36" "2001:5b0:49c0:fe18:814:6f6d:ec2f:4b82"
172.69.22.62 - - [03/Apr/2021:18:10:30 +0000] "GET /api/bots/random HTTP/1.1" 200 454 "https://fateslist.xyz/" "Mozilla/5.0 (Windows NT 10.0; Win64; x64) AppleWebKit/537.36 (KHTML, like Gecko) Chrome/89.0.4389.114 Safari/537.36" "2001:5b0:49c0:fe18:814:6f6d:ec2f:4b82"
172.68.141.124 - - [03/Apr/2021:18:10:32 +0000] "GET /static/assets/img/banner.webp HTTP/1.1" 403 555 "https://fateslist.xyz/" "Mozilla/5.0 (Windows NT 10.0; Win64; x64) AppleWebKit/537.36 (KHTML, like Gecko) Chrome/89.0.4389.114 Safari/537.36" "2001:5b0:49c0:fe18:814:6f6d:ec2f:4b82"
172.69.22.62 - - [03/Apr/2021:18:10:32 +0000] "GET /bot/admin/add HTTP/1.1" 200 21877 "https://fateslist.xyz/" "Mozilla/5.0 (Windows NT 10.0; Win64; x64) AppleWebKit/537.36 (KHTML, like Gecko) Chrome/89.0.4389.114 Safari/537.36" "2001:5b0:49c0:fe18:814:6f6d:ec2f:4b82"
172.68.132.243 - - [03/Apr/2021:18:10:35 +0000] "GET /static/assets/img/b7e5d6e0a9f6fddb68ea920a07546e6a%20(1).png HTTP/1.1" 403 555 "https://fateslist.xyz/bot/admin/add" "Mozilla/5.0 (Windows NT 10.0; Win64; x64) AppleWebKit/537.36 (KHTML, like Gecko) Chrome/89.0.4389.114 Safari/537.36" "2001:5b0:49c0:fe18:814:6f6d:ec2f:4b82"
172.69.22.134 - - [03/Apr/2021:18:10:35 +0000] "GET /static/assets/js/bundle.min.js HTTP/1.1" 403 555 "https://fateslist.xyz/bot/admin/add" "Mozilla/5.0 (Windows NT 10.0; Win64; x64) AppleWebKit/537.36 (KHTML, like Gecko) Chrome/89.0.4389.114 Safari/537.36" "2001:5b0:49c0:fe18:814:6f6d:ec2f:4b82"
172.69.22.176 - - [03/Apr/2021:18:10:37 +0000] "GET /static/favicon.ico HTTP/1.1" 403 555 "https://fateslist.xyz/bot/admin/add" "Mozilla/5.0 (Windows NT 10.0; Win64; x64) AppleWebKit/537.36 (KHTML, like Gecko) Chrome/89.0.4389.114 Safari/537.36" "2001:5b0:49c0:fe18:814:6f6d:ec2f:4b82"
172.69.33.69 - - [03/Apr/2021:18:10:47 +0000] "GET /bot/735403725132136510/invite HTTP/1.1" 307 5 "-" "Mozilla/5.0 (Linux; Android 5.0) AppleWebKit/537.36 (KHTML, like Gecko) Mobile Safari/537.36 (compatible; Bytespider; https://zhanzhang.toutiao.com/)" "111.225.149.24"
162.158.75.186 - - [03/Apr/2021:18:11:09 +0000] "GET / HTTP/1.1" 200 100698 "-" "Mozilla/5.0 (iPhone; CPU iPhone OS 14_4 like Mac OS X) AppleWebKit/605.1.15 (KHTML, like Gecko) CriOS/87.0.4280.77 Mobile/15E148 Safari/604.1" "207.228.78.214"
162.158.75.186 - - [03/Apr/2021:18:11:10 +0000] "GET /api/bots/random HTTP/1.1" 200 393 "https://fateslist.xyz/" "Mozilla/5.0 (iPhone; CPU iPhone OS 14_4 like Mac OS X) AppleWebKit/605.1.15 (KHTML, like Gecko) CriOS/87.0.4280.77 Mobile/15E148 Safari/604.1" "207.228.78.214"
162.158.75.186 - - [03/Apr/2021:18:11:15 +0000] "GET /auth/login HTTP/1.1" 200 11904 "https://fateslist.xyz/" "Mozilla/5.0 (iPhone; CPU iPhone OS 14_4 like Mac OS X) AppleWebKit/605.1.15 (KHTML, like Gecko) CriOS/87.0.4280.77 Mobile/15E148 Safari/604.1" "207.228.78.214"
162.158.75.186 - - [03/Apr/2021:18:11:17 +0000] "POST /auth/login HTTP/1.1" 303 5 "https://fateslist.xyz/auth/login" "Mozilla/5.0 (iPhone; CPU iPhone OS 14_4 like Mac OS X) AppleWebKit/605.1.15 (KHTML, like Gecko) CriOS/87.0.4280.77 Mobile/15E148 Safari/604.1" "207.228.78.214"
172.69.22.62 - - [03/Apr/2021:18:11:50 +0000] "POST /api/preview HTTP/1.1" 200 760 "https://fateslist.xyz/bot/admin/add" "Mozilla/5.0 (Windows NT 10.0; Win64; x64) AppleWebKit/537.36 (KHTML, like Gecko) Chrome/89.0.4389.114 Safari/537.36" "2001:5b0:49c0:fe18:814:6f6d:ec2f:4b82"
172.68.57.35 - - [03/Apr/2021:18:11:56 +0000] "GET /auth/login/confirm?code=5LiqcdflWY2z5ElPKckmEAkgwuANHI&state=aqzZ4r0U2LppJotcp4pvGEky34BMFyjkSsxbWRoJVaT48WttKYDUvgnbQOMhXAuIWuHaEPnjPY4UYPLxm4VDUQPtUlsFq4HkYPJ5E HTTP/1.1" 307 5 "https://discord.com/oauth2/authorize?client_id=798951566634778641&redirect_uri=https://fateslist.xyz/auth/login/confirm&state=aqzZ4r0U2LppJotcp4pvGEky34BMFyjkSsxbWRoJVaT48WttKYDUvgnbQOMhXAuIWuHaEPnjPY4UYPLxm4VDUQPtUlsFq4HkYPJ5E&response_type=code&scope=identify%20guilds.join%20guilds" "Mozilla/5.0 (iPhone; CPU iPhone OS 14_4 like Mac OS X) AppleWebKit/605.1.15 (KHTML, like Gecko) CriOS/87.0.4280.77 Mobile/15E148 Safari/604.1" "207.228.78.214"
172.68.57.35 - - [03/Apr/2021:18:11:56 +0000] "GET / HTTP/1.1" 200 101161 "https://discord.com/oauth2/authorize?client_id=798951566634778641&redirect_uri=https://fateslist.xyz/auth/login/confirm&state=aqzZ4r0U2LppJotcp4pvGEky34BMFyjkSsxbWRoJVaT48WttKYDUvgnbQOMhXAuIWuHaEPnjPY4UYPLxm4VDUQPtUlsFq4HkYPJ5E&response_type=code&scope=identify%20guilds.join%20guilds" "Mozilla/5.0 (iPhone; CPU iPhone OS 14_4 like Mac OS X) AppleWebKit/605.1.15 (KHTML, like Gecko) CriOS/87.0.4280.77 Mobile/15E148 Safari/604.1" "207.228.78.214"
172.68.57.35 - - [03/Apr/2021:18:11:56 +0000] "GET /api/bots/random HTTP/1.1" 200 509 "https://fateslist.xyz/" "Mozilla/5.0 (iPhone; CPU iPhone OS 14_4 like Mac OS X) AppleWebKit/605.1.15 (KHTML, like Gecko) CriOS/87.0.4280.77 Mobile/15E148 Safari/604.1" "207.228.78.214"
172.68.57.35 - - [03/Apr/2021:18:11:58 +0000] "GET / HTTP/1.1" 200 101161 "https://discord.com/oauth2/authorize?client_id=798951566634778641&redirect_uri=https://fateslist.xyz/auth/login/confirm&state=aqzZ4r0U2LppJotcp4pvGEky34BMFyjkSsxbWRoJVaT48WttKYDUvgnbQOMhXAuIWuHaEPnjPY4UYPLxm4VDUQPtUlsFq4HkYPJ5E&response_type=code&scope=identify%20guilds.join%20guilds" "Mozilla/5.0 (iPhone; CPU iPhone OS 14_4 like Mac OS X) AppleWebKit/605.1.15 (KHTML, like Gecko) CriOS/87.0.4280.77 Mobile/15E148 Safari/604.1" "207.228.78.214"
172.68.57.35 - - [03/Apr/2021:18:11:58 +0000] "GET /api/bots/random HTTP/1.1" 200 476 "https://fateslist.xyz/" "Mozilla/5.0 (iPhone; CPU iPhone OS 14_4 like Mac OS X) AppleWebKit/605.1.15 (KHTML, like Gecko) CriOS/87.0.4280.77 Mobile/15E148 Safari/604.1" "207.228.78.214"
172.68.57.35 - - [03/Apr/2021:18:12:00 +0000] "GET /bot/admin/add HTTP/1.1" 200 21847 "https://fateslist.xyz/" "Mozilla/5.0 (iPhone; CPU iPhone OS 14_4 like Mac OS X) AppleWebKit/605.1.15 (KHTML, like Gecko) CriOS/87.0.4280.77 Mobile/15E148 Safari/604.1" "207.228.78.214"
162.158.187.187 - - [03/Apr/2021:18:12:33 +0000] "GET /bot/187636089073172481 HTTP/1.1" 200 67674 "-" "Mozilla/5.0 (Linux; Android 6.0.1; Nexus 5X Build/MMB29P) AppleWebKit/537.36 (KHTML, like Gecko) Chrome/89.0.4389.102 Mobile Safari/537.36 (compatible; Googlebot/2.1; +http://www.google.com/bot.html)" "66.249.64.251"
172.69.170.122 - - [03/Apr/2021:18:12:48 +0000] "HEAD / HTTP/1.1" 200 0 "https://FatesList.xyz" "Mozilla/5.0+(compatible; UptimeRobot/2.0; http://www.uptimerobot.com/)" "69.162.124.237"
172.69.22.62 - - [03/Apr/2021:18:12:57 +0000] "GET /profile/815684414045552680 HTTP/1.1" 200 19791 "https://fateslist.xyz/bot/admin/add" "Mozilla/5.0 (Windows NT 10.0; Win64; x64) AppleWebKit/537.36 (KHTML, like Gecko) Chrome/89.0.4389.114 Safari/537.36" "2001:5b0:49c0:fe18:814:6f6d:ec2f:4b82"
172.68.132.243 - - [03/Apr/2021:18:12:58 +0000] "GET /static/assets/img/b7e5d6e0a9f6fddb68ea920a07546e6a%20(1).png HTTP/1.1" 403 555 "https://fateslist.xyz/profile/815684414045552680" "Mozilla/5.0 (Windows NT 10.0; Win64; x64) AppleWebKit/537.36 (KHTML, like Gecko) Chrome/89.0.4389.114 Safari/537.36" "2001:5b0:49c0:fe18:814:6f6d:ec2f:4b82"
172.69.22.62 - - [03/Apr/2021:18:12:59 +0000] "GET /profile/none HTTP/1.1" 404 9816 "https://fateslist.xyz/profile/815684414045552680" "Mozilla/5.0 (Windows NT 10.0; Win64; x64) AppleWebKit/537.36 (KHTML, like Gecko) Chrome/89.0.4389.114 Safari/537.36" "2001:5b0:49c0:fe18:814:6f6d:ec2f:4b82"
172.69.22.176 - - [03/Apr/2021:18:13:02 +0000] "GET /static/favicon.ico HTTP/1.1" 403 555 "https://fateslist.xyz/profile/815684414045552680" "Mozilla/5.0 (Windows NT 10.0; Win64; x64) AppleWebKit/537.36 (KHTML, like Gecko) Chrome/89.0.4389.114 Safari/537.36" "2001:5b0:49c0:fe18:814:6f6d:ec2f:4b82"
172.69.22.62 - - [03/Apr/2021:18:13:23 +0000] "GET /profile/815684414045552680 HTTP/1.1" 200 17755 "https://fateslist.xyz/bot/admin/add" "Mozilla/5.0 (Windows NT 10.0; Win64; x64) AppleWebKit/537.36 (KHTML, like Gecko) Chrome/89.0.4389.114 Safari/537.36" "2001:5b0:49c0:fe18:814:6f6d:ec2f:4b82"
172.68.132.243 - - [03/Apr/2021:18:13:25 +0000] "GET /static/assets/img/b7e5d6e0a9f6fddb68ea920a07546e6a%20(1).png HTTP/1.1" 403 555 "https://fateslist.xyz/profile/815684414045552680" "Mozilla/5.0 (Windows NT 10.0; Win64; x64) AppleWebKit/537.36 (KHTML, like Gecko) Chrome/89.0.4389.114 Safari/537.36" "2001:5b0:49c0:fe18:814:6f6d:ec2f:4b82"
172.69.22.62 - - [03/Apr/2021:18:13:25 +0000] "GET /profile/none HTTP/1.1" 404 9323 "https://fateslist.xyz/profile/815684414045552680" "Mozilla/5.0 (Windows NT 10.0; Win64; x64) AppleWebKit/537.36 (KHTML, like Gecko) Chrome/89.0.4389.114 Safari/537.36" "2001:5b0:49c0:fe18:814:6f6d:ec2f:4b82"
172.69.22.62 - - [03/Apr/2021:18:13:28 +0000] "GET /auth/login HTTP/1.1" 200 11904 "https://fateslist.xyz/profile/815684414045552680" "Mozilla/5.0 (Windows NT 10.0; Win64; x64) AppleWebKit/537.36 (KHTML, like Gecko) Chrome/89.0.4389.114 Safari/537.36" "2001:5b0:49c0:fe18:814:6f6d:ec2f:4b82"
172.68.132.243 - - [03/Apr/2021:18:13:33 +0000] "GET /static/assets/img/b7e5d6e0a9f6fddb68ea920a07546e6a%20(1).png HTTP/1.1" 403 555 "https://fateslist.xyz/auth/login" "Mozilla/5.0 (Windows NT 10.0; Win64; x64) AppleWebKit/537.36 (KHTML, like Gecko) Chrome/89.0.4389.114 Safari/537.36" "2001:5b0:49c0:fe18:814:6f6d:ec2f:4b82"
172.69.22.62 - - [03/Apr/2021:18:13:35 +0000] "POST /auth/login HTTP/1.1" 303 5 "https://fateslist.xyz/auth/login" "Mozilla/5.0 (Windows NT 10.0; Win64; x64) AppleWebKit/537.36 (KHTML, like Gecko) Chrome/89.0.4389.114 Safari/537.36" "2001:5b0:49c0:fe18:814:6f6d:ec2f:4b82"
172.68.37.36 - - [03/Apr/2021:18:13:44 +0000] "POST /api/bots/663515546557480990/stats HTTP/1.1" 200 27 "-" "-" "209.126.8.122"
162.158.92.54 - - [03/Apr/2021:18:13:46 +0000] "POST /api/bots/785358819021815828/stats HTTP/1.1" 200 27 "-" "BotListAPI 1.1.1 - Reactify#5687" "46.4.197.65"
172.69.22.62 - - [03/Apr/2021:18:13:53 +0000] "GET /auth/login/confirm?code=jvFGBYZ6yFfNNMAtO9Pf6x4zHClyRT&state=1HEWay7ZxK3Fp0cmyBh7tjCvmFso3h2VbwUjVWAGo8HhfyhIy02gkXvsRewaWr35vQjHuXcnzwgg1LWlQviYKdclSuYworarBkwfz HTTP/1.1" 307 5 "https://discord.com/" "Mozilla/5.0 (Windows NT 10.0; Win64; x64) AppleWebKit/537.36 (KHTML, like Gecko) Chrome/89.0.4389.114 Safari/537.36" "2001:5b0:49c0:fe18:814:6f6d:ec2f:4b82"
172.69.22.62 - - [03/Apr/2021:18:13:54 +0000] "GET / HTTP/1.1" 200 101191 "https://discord.com/" "Mozilla/5.0 (Windows NT 10.0; Win64; x64) AppleWebKit/537.36 (KHTML, like Gecko) Chrome/89.0.4389.114 Safari/537.36" "2001:5b0:49c0:fe18:814:6f6d:ec2f:4b82"
172.68.132.243 - - [03/Apr/2021:18:13:59 +0000] "GET /static/assets/img/b7e5d6e0a9f6fddb68ea920a07546e6a%20(1).png HTTP/1.1" 403 555 "https://fateslist.xyz/" "Mozilla/5.0 (Windows NT 10.0; Win64; x64) AppleWebKit/537.36 (KHTML, like Gecko) Chrome/89.0.4389.114 Safari/537.36" "2001:5b0:49c0:fe18:814:6f6d:ec2f:4b82"
172.69.22.62 - - [03/Apr/2021:18:14:00 +0000] "GET /bot/admin/add HTTP/1.1" 200 21877 "https://fateslist.xyz/" "Mozilla/5.0 (Windows NT 10.0; Win64; x64) AppleWebKit/537.36 (KHTML, like Gecko) Chrome/89.0.4389.114 Safari/537.36" "2001:5b0:49c0:fe18:814:6f6d:ec2f:4b82"
172.68.132.243 - - [03/Apr/2021:18:14:04 +0000] "GET /static/assets/img/b7e5d6e0a9f6fddb68ea920a07546e6a%20(1).png HTTP/1.1" 403 555 "https://fateslist.xyz/bot/admin/add" "Mozilla/5.0 (Windows NT 10.0; Win64; x64) AppleWebKit/537.36 (KHTML, like Gecko) Chrome/89.0.4389.114 Safari/537.36" "2001:5b0:49c0:fe18:814:6f6d:ec2f:4b82"
172.69.22.134 - - [03/Apr/2021:18:14:04 +0000] "GET /static/assets/js/bundle.min.js HTTP/1.1" 403 555 "https://fateslist.xyz/bot/admin/add" "Mozilla/5.0 (Windows NT 10.0; Win64; x64) AppleWebKit/537.36 (KHTML, like Gecko) Chrome/89.0.4389.114 Safari/537.36" "2001:5b0:49c0:fe18:814:6f6d:ec2f:4b82"
172.69.22.176 - - [03/Apr/2021:18:14:06 +0000] "GET /static/favicon.ico HTTP/1.1" 403 555 "https://fateslist.xyz/bot/admin/add" "Mozilla/5.0 (Windows NT 10.0; Win64; x64) AppleWebKit/537.36 (KHTML, like Gecko) Chrome/89.0.4389.114 Safari/537.36" "2001:5b0:49c0:fe18:814:6f6d:ec2f:4b82"
172.68.37.40 - - [03/Apr/2021:18:14:08 +0000] "POST /api/bots/617706329229754379/stats HTTP/1.1" 200 27 "-" "-" "209.126.8.122"
172.69.22.62 - - [03/Apr/2021:18:14:18 +0000] "POST /api/preview HTTP/1.1" 200 760 "https://fateslist.xyz/bot/admin/add" "Mozilla/5.0 (Windows NT 10.0; Win64; x64) AppleWebKit/537.36 (KHTML, like Gecko) Chrome/89.0.4389.114 Safari/537.36" "2001:5b0:49c0:fe18:814:6f6d:ec2f:4b82"
141.101.105.74 - - [03/Apr/2021:18:15:29 +0000] "GET /bot/784871149695533076 HTTP/1.1" 200 24609 "-" "Mozilla/5.0 (compatible; AhrefsBot/7.0; +http://ahrefs.com/robot/)" "54.36.148.8"
172.69.22.176 - - [03/Apr/2021:18:15:45 +0000] "GET /static/favicon.ico HTTP/1.1" 403 555 "https://fateslist.xyz/bot/admin/add" "Mozilla/5.0 (Windows NT 10.0; Win64; x64) AppleWebKit/537.36 (KHTML, like Gecko) Chrome/89.0.4389.114 Safari/537.36" "2001:5b0:49c0:fe18:814:6f6d:ec2f:4b82"
162.158.88.40 - - [03/Apr/2021:18:17:46 +0000] "POST /api/bots/356268235697553409/stats HTTP/1.1" 401 25 "-" "BotListAPI 5.5.2 - .fmbot#8173" "46.4.197.65"
172.69.170.122 - - [03/Apr/2021:18:17:48 +0000] "HEAD / HTTP/1.1" 200 0 "https://FatesList.xyz" "Mozilla/5.0+(compatible; UptimeRobot/2.0; http://www.uptimerobot.com/)" "69.162.124.237"
162.158.94.116 - - [03/Apr/2021:18:18:15 +0000] "POST /api/bots/764153912190042133/stats HTTP/1.1" 200 27 "-" "node-fetch/1.0 (+https://github.com/bitinn/node-fetch)" "46.4.197.65"
162.158.88.234 - - [03/Apr/2021:18:19:12 +0000] "POST /api/bots/760515811000582165/stats HTTP/1.1" 200 27 "-" "node-fetch/1.0 (+https://github.com/bitinn/node-fetch)" "46.4.197.65"
162.158.88.10 - - [03/Apr/2021:18:19:56 +0000] "POST /api/bots/434556304661544960/stats HTTP/1.1" 401 25 "-" "BotListAPI 1.1.1 - Waifu#2747" "46.4.197.65"
162.158.155.254 - - [03/Apr/2021:18:20:07 +0000] "GET /bot/admin/add HTTP/1.1" 200 21922 "-" "Mozilla/5.0 (Macintosh; Intel Mac OS X 10_15_6) AppleWebKit/605.1.15 (KHTML, like Gecko) Version/14.1 Safari/605.1.15" "122.172.56.69"
162.158.155.254 - - [03/Apr/2021:18:20:08 +0000] "GET / HTTP/1.1" 200 101236 "-" "Mozilla/5.0 (Macintosh; Intel Mac OS X 10_15_6) AppleWebKit/605.1.15 (KHTML, like Gecko) Version/14.1 Safari/605.1.15" "122.172.56.69"
162.158.155.254 - - [03/Apr/2021:18:20:10 +0000] "GET /static HTTP/1.1" 403 153 "-" "Mozilla/5.0 (Macintosh; Intel Mac OS X 10_15_6) AppleWebKit/605.1.15 (KHTML, like Gecko) Version/14.1 Safari/605.1.15" "122.172.56.69"
141.101.99.177 - - [03/Apr/2021:18:20:11 +0000] "GET /favicon.ico HTTP/1.1" 404 9858 "https://fateslist.xyz/static" "Mozilla/5.0 (Macintosh; Intel Mac OS X 10_15_6) AppleWebKit/605.1.15 (KHTML, like Gecko) Version/14.1 Safari/605.1.15" "122.172.56.69"
141.101.99.177 - - [03/Apr/2021:18:20:20 +0000] "GET /favicon.ico HTTP/1.1" 404 9858 "https://fateslist.xyz/static/favicon.ico" "Mozilla/5.0 (Macintosh; Intel Mac OS X 10_15_6) AppleWebKit/605.1.15 (KHTML, like Gecko) Version/14.1 Safari/605.1.15" "122.172.56.69"
172.69.33.25 - - [03/Apr/2021:18:20:53 +0000] "GET /bot/788277009893031997/invite HTTP/1.1" 307 5 "-" "Mozilla/5.0 (Linux; Android 5.0) AppleWebKit/537.36 (KHTML, like Gecko) Mobile Safari/537.36 (compatible; Bytespider; https://zhanzhang.toutiao.com/)" "111.225.148.90"
162.158.159.112 - - [03/Apr/2021:18:20:57 +0000] "GET /static/bundle.min.js HTTP/1.1" 403 153 "-" "Mozilla/5.0 (Macintosh; Intel Mac OS X 10_15_6) AppleWebKit/605.1.15 (KHTML, like Gecko) Version/14.1 Safari/605.1.15" "122.172.56.69"
141.101.99.177 - - [03/Apr/2021:18:20:58 +0000] "GET /favicon.ico HTTP/1.1" 404 9858 "https://fateslist.xyz/static/bundle.min.js" "Mozilla/5.0 (Macintosh; Intel Mac OS X 10_15_6) AppleWebKit/605.1.15 (KHTML, like Gecko) Version/14.1 Safari/605.1.15" "122.172.56.69"
172.68.141.226 - - [03/Apr/2021:18:21:17 +0000] "GET / HTTP/1.1" 200 100698 "-" "Mozilla/5.0 (Windows NT 10.0; Win64; x64) AppleWebKit/537.36 (KHTML, like Gecko) Chrome/88.0.4324.192 Safari/537.36 OPR/74.0.3911.232" "2001:5b0:49c0:fe18:814:6f6d:ec2f:4b82"
172.68.132.243 - - [03/Apr/2021:18:21:27 +0000] "GET /static/assets/img/b7e5d6e0a9f6fddb68ea920a07546e6a%20(1).png HTTP/1.1" 403 555 "https://fateslist.xyz/" "Mozilla/5.0 (Windows NT 10.0; Win64; x64) AppleWebKit/537.36 (KHTML, like Gecko) Chrome/88.0.4324.192 Safari/537.36 OPR/74.0.3911.232" "2001:5b0:49c0:fe18:814:6f6d:ec2f:4b82"
172.69.22.176 - - [03/Apr/2021:18:21:31 +0000] "GET /static/favicon.ico HTTP/1.1" 403 555 "https://fateslist.xyz/" "Mozilla/5.0 (Windows NT 10.0; Win64; x64) AppleWebKit/537.36 (KHTML, like Gecko) Chrome/88.0.4324.192 Safari/537.36 OPR/74.0.3911.232" "2001:5b0:49c0:fe18:814:6f6d:ec2f:4b82"
172.68.141.226 - - [03/Apr/2021:18:21:31 +0000] "GET /api/bots/random HTTP/1.1" 200 499 "https://fateslist.xyz/" "Mozilla/5.0 (Windows NT 10.0; Win64; x64) AppleWebKit/537.36 (KHTML, like Gecko) Chrome/88.0.4324.192 Safari/537.36 OPR/74.0.3911.232" "2001:5b0:49c0:fe18:814:6f6d:ec2f:4b82"
172.68.141.226 - - [03/Apr/2021:18:21:32 +0000] "GET /auth/login HTTP/1.1" 200 11904 "https://fateslist.xyz/" "Mozilla/5.0 (Windows NT 10.0; Win64; x64) AppleWebKit/537.36 (KHTML, like Gecko) Chrome/88.0.4324.192 Safari/537.36 OPR/74.0.3911.232" "2001:5b0:49c0:fe18:814:6f6d:ec2f:4b82"
172.68.141.124 - - [03/Apr/2021:18:21:32 +0000] "GET /static/assets/img/banner.webp HTTP/1.1" 403 555 "https://fateslist.xyz/" "Mozilla/5.0 (Windows NT 10.0; Win64; x64) AppleWebKit/537.36 (KHTML, like Gecko) Chrome/88.0.4324.192 Safari/537.36 OPR/74.0.3911.232" "2001:5b0:49c0:fe18:814:6f6d:ec2f:4b82"
172.68.132.243 - - [03/Apr/2021:18:21:33 +0000] "GET /static/assets/img/b7e5d6e0a9f6fddb68ea920a07546e6a%20(1).png HTTP/1.1" 403 555 "https://fateslist.xyz/auth/login" "Mozilla/5.0 (Windows NT 10.0; Win64; x64) AppleWebKit/537.36 (KHTML, like Gecko) Chrome/88.0.4324.192 Safari/537.36 OPR/74.0.3911.232" "2001:5b0:49c0:fe18:814:6f6d:ec2f:4b82"
172.68.141.226 - - [03/Apr/2021:18:21:46 +0000] "POST /auth/login HTTP/1.1" 303 5 "https://fateslist.xyz/auth/login" "Mozilla/5.0 (Windows NT 10.0; Win64; x64) AppleWebKit/537.36 (KHTML, like Gecko) Chrome/88.0.4324.192 Safari/537.36 OPR/74.0.3911.232" "2001:5b0:49c0:fe18:814:6f6d:ec2f:4b82"
141.101.98.6 - - [03/Apr/2021:18:22:15 +0000] "GET /static/assets/bundle.min.js HTTP/1.1" 403 153 "-" "Mozilla/5.0 (Macintosh; Intel Mac OS X 10_15_6) AppleWebKit/605.1.15 (KHTML, like Gecko) Version/14.1 Safari/605.1.15" "122.172.56.69"
141.101.99.177 - - [03/Apr/2021:18:22:16 +0000] "GET /favicon.ico HTTP/1.1" 404 9858 "https://fateslist.xyz/static/assets/bundle.min.js" "Mozilla/5.0 (Macintosh; Intel Mac OS X 10_15_6) AppleWebKit/605.1.15 (KHTML, like Gecko) Version/14.1 Safari/605.1.15" "122.172.56.69"
141.101.99.177 - - [03/Apr/2021:18:22:25 +0000] "GET /favicon.ico HTTP/1.1" 404 9858 "https://fateslist.xyz/static/assets/js/bundle.min.js" "Mozilla/5.0 (Macintosh; Intel Mac OS X 10_15_6) AppleWebKit/605.1.15 (KHTML, like Gecko) Version/14.1 Safari/605.1.15" "122.172.56.69"
172.68.141.226 - - [03/Apr/2021:18:22:41 +0000] "GET /auth/login/confirm?code=XtFzj2PTNB3Lt2eeMnpyQ02y6tW2j2&state=cPcRvknGhxf6zWH7EbP5tlQsOzM4lA4uQyz7ncmegdBcJGw7Xdr7XQ4R5R4qpKDB3gxsDK8WhJJmI8D0wA9K0SutWMi2aSyYPiMaq HTTP/1.1" 307 5 "https://discord.com/oauth2/authorize?client_id=798951566634778641&redirect_uri=https://fateslist.xyz/auth/login/confirm&state=cPcRvknGhxf6zWH7EbP5tlQsOzM4lA4uQyz7ncmegdBcJGw7Xdr7XQ4R5R4qpKDB3gxsDK8WhJJmI8D0wA9K0SutWMi2aSyYPiMaq&response_type=code&scope=identify%20guilds.join%20guilds" "Mozilla/5.0 (Windows NT 10.0; Win64; x64) AppleWebKit/537.36 (KHTML, like Gecko) Chrome/88.0.4324.192 Safari/537.36 OPR/74.0.3911.232" "2001:5b0:49c0:fe18:814:6f6d:ec2f:4b82"
172.68.141.226 - - [03/Apr/2021:18:22:42 +0000] "GET / HTTP/1.1" 200 101191 "https://discord.com/oauth2/authorize?client_id=798951566634778641&redirect_uri=https://fateslist.xyz/auth/login/confirm&state=cPcRvknGhxf6zWH7EbP5tlQsOzM4lA4uQyz7ncmegdBcJGw7Xdr7XQ4R5R4qpKDB3gxsDK8WhJJmI8D0wA9K0SutWMi2aSyYPiMaq&response_type=code&scope=identify%20guilds.join%20guilds" "Mozilla/5.0 (Windows NT 10.0; Win64; x64) AppleWebKit/537.36 (KHTML, like Gecko) Chrome/88.0.4324.192 Safari/537.36 OPR/74.0.3911.232" "2001:5b0:49c0:fe18:814:6f6d:ec2f:4b82"
172.68.132.243 - - [03/Apr/2021:18:22:43 +0000] "GET /static/assets/img/b7e5d6e0a9f6fddb68ea920a07546e6a%20(1).png HTTP/1.1" 403 555 "https://fateslist.xyz/" "Mozilla/5.0 (Windows NT 10.0; Win64; x64) AppleWebKit/537.36 (KHTML, like Gecko) Chrome/88.0.4324.192 Safari/537.36 OPR/74.0.3911.232" "2001:5b0:49c0:fe18:814:6f6d:ec2f:4b82"
172.69.22.176 - - [03/Apr/2021:18:22:45 +0000] "GET /static/favicon.ico HTTP/1.1" 403 555 "https://fateslist.xyz/" "Mozilla/5.0 (Windows NT 10.0; Win64; x64) AppleWebKit/537.36 (KHTML, like Gecko) Chrome/88.0.4324.192 Safari/537.36 OPR/74.0.3911.232" "2001:5b0:49c0:fe18:814:6f6d:ec2f:4b82"
172.68.141.226 - - [03/Apr/2021:18:22:45 +0000] "GET /api/bots/random HTTP/1.1" 200 559 "https://fateslist.xyz/" "Mozilla/5.0 (Windows NT 10.0; Win64; x64) AppleWebKit/537.36 (KHTML, like Gecko) Chrome/88.0.4324.192 Safari/537.36 OPR/74.0.3911.232" "2001:5b0:49c0:fe18:814:6f6d:ec2f:4b82"
172.68.141.226 - - [03/Apr/2021:18:22:46 +0000] "GET /bot/admin/add HTTP/1.1" 200 21877 "https://fateslist.xyz/" "Mozilla/5.0 (Windows NT 10.0; Win64; x64) AppleWebKit/537.36 (KHTML, like Gecko) Chrome/88.0.4324.192 Safari/537.36 OPR/74.0.3911.232" "2001:5b0:49c0:fe18:814:6f6d:ec2f:4b82"
172.68.132.243 - - [03/Apr/2021:18:22:47 +0000] "GET /static/assets/img/b7e5d6e0a9f6fddb68ea920a07546e6a%20(1).png HTTP/2.0" 403 555 "https://fateslist.xyz/bot/admin/add" "Mozilla/5.0 (Windows NT 10.0; Win64; x64) AppleWebKit/537.36 (KHTML, like Gecko) Chrome/88.0.4324.192 Safari/537.36 OPR/74.0.3911.232" "2001:5b0:49c0:fe18:814:6f6d:ec2f:4b82"
172.69.22.134 - - [03/Apr/2021:18:22:47 +0000] "GET /static/assets/js/bundle.min.js HTTP/1.1" 403 555 "https://fateslist.xyz/bot/admin/add" "Mozilla/5.0 (Windows NT 10.0; Win64; x64) AppleWebKit/537.36 (KHTML, like Gecko) Chrome/88.0.4324.192 Safari/537.36 OPR/74.0.3911.232" "2001:5b0:49c0:fe18:814:6f6d:ec2f:4b82"
172.69.170.118 - - [03/Apr/2021:18:22:48 +0000] "HEAD / HTTP/1.1" 200 0 "https://FatesList.xyz" "Mozilla/5.0+(compatible; UptimeRobot/2.0; http://www.uptimerobot.com/)" "69.162.124.237"
172.69.22.176 - - [03/Apr/2021:18:22:48 +0000] "GET /static/favicon.ico HTTP/1.1" 403 555 "https://fateslist.xyz/bot/admin/add" "Mozilla/5.0 (Windows NT 10.0; Win64; x64) AppleWebKit/537.36 (KHTML, like Gecko) Chrome/88.0.4324.192 Safari/537.36 OPR/74.0.3911.232" "2001:5b0:49c0:fe18:814:6f6d:ec2f:4b82"
172.68.37.46 - - [03/Apr/2021:18:23:44 +0000] "POST /api/bots/663515546557480990/stats HTTP/1.1" 200 27 "-" "-" "209.126.8.122"
162.158.94.166 - - [03/Apr/2021:18:23:46 +0000] "POST /api/bots/785358819021815828/stats HTTP/1.1" 200 27 "-" "BotListAPI 1.1.1 - Reactify#5687" "46.4.197.65"
172.68.37.40 - - [03/Apr/2021:18:24:08 +0000] "POST /api/bots/617706329229754379/stats HTTP/1.1" 200 27 "-" "-" "209.126.8.122"
172.68.132.57 - - [03/Apr/2021:18:24:32 +0000] "GET / HTTP/2.0" 200 100703 "-" "Mozilla/5.0 (Windows NT 10.0; Win64; x64; rv:84.0) Gecko/20100101 Firefox/84.0" "2001:5b0:49c0:fe18:814:6f6d:ec2f:4b82"
172.68.132.243 - - [03/Apr/2021:18:24:33 +0000] "GET /static/assets/img/b7e5d6e0a9f6fddb68ea920a07546e6a%20(1).png HTTP/1.1" 403 153 "https://fateslist.xyz/" "Mozilla/5.0 (Windows NT 10.0; Win64; x64; rv:84.0) Gecko/20100101 Firefox/84.0" "2001:5b0:49c0:fe18:814:6f6d:ec2f:4b82"
172.68.132.243 - - [03/Apr/2021:18:24:37 +0000] "GET /static/assets/img/b7e5d6e0a9f6fddb68ea920a07546e6a%20(1).png HTTP/1.1" 403 153 "https://fateslist.xyz/" "Mozilla/5.0 (Windows NT 10.0; Win64; x64; rv:84.0) Gecko/20100101 Firefox/84.0" "2001:5b0:49c0:fe18:814:6f6d:ec2f:4b82"
172.69.22.176 - - [03/Apr/2021:18:24:40 +0000] "GET /static/favicon.ico HTTP/1.1" 403 153 "https://fateslist.xyz/" "Mozilla/5.0 (Windows NT 10.0; Win64; x64; rv:84.0) Gecko/20100101 Firefox/84.0" "2001:5b0:49c0:fe18:814:6f6d:ec2f:4b82"
172.68.132.57 - - [03/Apr/2021:18:24:47 +0000] "GET /api/bots/random HTTP/1.1" 200 481 "https://fateslist.xyz/" "Mozilla/5.0 (Windows NT 10.0; Win64; x64; rv:84.0) Gecko/20100101 Firefox/84.0" "2001:5b0:49c0:fe18:814:6f6d:ec2f:4b82"
172.68.132.57 - - [03/Apr/2021:18:24:56 +0000] "GET /auth/login HTTP/1.1" 200 11904 "https://fateslist.xyz/" "Mozilla/5.0 (Windows NT 10.0; Win64; x64; rv:84.0) Gecko/20100101 Firefox/84.0" "2001:5b0:49c0:fe18:814:6f6d:ec2f:4b82"
172.68.132.243 - - [03/Apr/2021:18:24:57 +0000] "GET /static/assets/img/b7e5d6e0a9f6fddb68ea920a07546e6a%20(1).png HTTP/1.1" 403 153 "https://fateslist.xyz/auth/login" "Mozilla/5.0 (Windows NT 10.0; Win64; x64; rv:84.0) Gecko/20100101 Firefox/84.0" "2001:5b0:49c0:fe18:814:6f6d:ec2f:4b82"
172.69.22.176 - - [03/Apr/2021:18:24:57 +0000] "GET /static/favicon.ico HTTP/1.1" 403 153 "https://fateslist.xyz/auth/login" "Mozilla/5.0 (Windows NT 10.0; Win64; x64; rv:84.0) Gecko/20100101 Firefox/84.0" "2001:5b0:49c0:fe18:814:6f6d:ec2f:4b82"
172.68.132.57 - - [03/Apr/2021:18:25:06 +0000] "POST /auth/login HTTP/1.1" 303 5 "https://fateslist.xyz/auth/login" "Mozilla/5.0 (Windows NT 10.0; Win64; x64; rv:84.0) Gecko/20100101 Firefox/84.0" "2001:5b0:49c0:fe18:814:6f6d:ec2f:4b82"
172.68.132.57 - - [03/Apr/2021:18:26:21 +0000] "GET /auth/login/confirm?code=22tuhS3IVnP493JKRQtgJzCqcjoGrL&state=ylWRfYKJn7p61yTfOpMxh9QyR5KSd9Pt2YaikVi2Hno9BdmDKlU1VuSfiX5cGoZ2kgRi8qyMfwmC6kIo5vxQZamHRu5meZIAglP7n HTTP/1.1" 307 5 "https://discord.com/oauth2/authorize?client_id=798951566634778641&redirect_uri=https://fateslist.xyz/auth/login/confirm&state=ylWRfYKJn7p61yTfOpMxh9QyR5KSd9Pt2YaikVi2Hno9BdmDKlU1VuSfiX5cGoZ2kgRi8qyMfwmC6kIo5vxQZamHRu5meZIAglP7n&response_type=code&scope=identify%20guilds.join%20guilds" "Mozilla/5.0 (Windows NT 10.0; Win64; x64; rv:84.0) Gecko/20100101 Firefox/84.0" "2001:5b0:49c0:fe18:814:6f6d:ec2f:4b82"
172.68.132.57 - - [03/Apr/2021:18:26:23 +0000] "GET / HTTP/1.1" 200 101196 "https://discord.com/oauth2/authorize?client_id=798951566634778641&redirect_uri=https://fateslist.xyz/auth/login/confirm&state=ylWRfYKJn7p61yTfOpMxh9QyR5KSd9Pt2YaikVi2Hno9BdmDKlU1VuSfiX5cGoZ2kgRi8qyMfwmC6kIo5vxQZamHRu5meZIAglP7n&response_type=code&scope=identify%20guilds.join%20guilds" "Mozilla/5.0 (Windows NT 10.0; Win64; x64; rv:84.0) Gecko/20100101 Firefox/84.0" "2001:5b0:49c0:fe18:814:6f6d:ec2f:4b82"
172.68.132.243 - - [03/Apr/2021:18:26:24 +0000] "GET /static/assets/img/b7e5d6e0a9f6fddb68ea920a07546e6a%20(1).png HTTP/1.1" 403 153 "https://fateslist.xyz/" "Mozilla/5.0 (Windows NT 10.0; Win64; x64; rv:84.0) Gecko/20100101 Firefox/84.0" "2001:5b0:49c0:fe18:814:6f6d:ec2f:4b82"
172.69.22.176 - - [03/Apr/2021:18:26:24 +0000] "GET /static/favicon.ico HTTP/1.1" 403 153 "https://fateslist.xyz/" "Mozilla/5.0 (Windows NT 10.0; Win64; x64; rv:84.0) Gecko/20100101 Firefox/84.0" "2001:5b0:49c0:fe18:814:6f6d:ec2f:4b82"
141.101.69.115 - - [03/Apr/2021:18:26:25 +0000] "POST /api/bots/187636089073172481/stats HTTP/1.1" 200 27 "-" "Python/3.9 aiohttp/3.7.4.post0" "78.197.116.88"
172.68.132.57 - - [03/Apr/2021:18:26:26 +0000] "GET /api/bots/random HTTP/1.1" 200 431 "https://fateslist.xyz/" "Mozilla/5.0 (Windows NT 10.0; Win64; x64; rv:84.0) Gecko/20100101 Firefox/84.0" "2001:5b0:49c0:fe18:814:6f6d:ec2f:4b82"
172.68.141.124 - - [03/Apr/2021:18:26:27 +0000] "GET /static/assets/img/banner.webp HTTP/1.1" 403 153 "https://fateslist.xyz/" "Mozilla/5.0 (Windows NT 10.0; Win64; x64; rv:84.0) Gecko/20100101 Firefox/84.0" "2001:5b0:49c0:fe18:814:6f6d:ec2f:4b82"
172.68.132.57 - - [03/Apr/2021:18:26:28 +0000] "GET /bot/admin/add HTTP/1.1" 200 21877 "https://fateslist.xyz/" "Mozilla/5.0 (Windows NT 10.0; Win64; x64; rv:84.0) Gecko/20100101 Firefox/84.0" "2001:5b0:49c0:fe18:814:6f6d:ec2f:4b82"
172.68.132.243 - - [03/Apr/2021:18:26:29 +0000] "GET /static/assets/img/b7e5d6e0a9f6fddb68ea920a07546e6a%20(1).png HTTP/1.1" 403 153 "https://fateslist.xyz/bot/admin/add" "Mozilla/5.0 (Windows NT 10.0; Win64; x64; rv:84.0) Gecko/20100101 Firefox/84.0" "2001:5b0:49c0:fe18:814:6f6d:ec2f:4b82"
172.69.22.134 - - [03/Apr/2021:18:26:29 +0000] "GET /static/assets/js/bundle.min.js HTTP/1.1" 403 153 "https://fateslist.xyz/bot/admin/add" "Mozilla/5.0 (Windows NT 10.0; Win64; x64; rv:84.0) Gecko/20100101 Firefox/84.0" "2001:5b0:49c0:fe18:814:6f6d:ec2f:4b82"
172.69.22.176 - - [03/Apr/2021:18:26:30 +0000] "GET /static/favicon.ico HTTP/1.1" 403 153 "https://fateslist.xyz/bot/admin/add" "Mozilla/5.0 (Windows NT 10.0; Win64; x64; rv:84.0) Gecko/20100101 Firefox/84.0" "2001:5b0:49c0:fe18:814:6f6d:ec2f:4b82"
162.158.89.187 - - [03/Apr/2021:18:27:45 +0000] "POST /api/bots/356268235697553409/stats HTTP/1.1" 401 25 "-" "BotListAPI 5.5.2 - .fmbot#8173" "46.4.197.65"
172.69.170.70 - - [03/Apr/2021:18:27:48 +0000] "HEAD / HTTP/1.1" 200 0 "https://FatesList.xyz" "Mozilla/5.0+(compatible; UptimeRobot/2.0; http://www.uptimerobot.com/)" "69.162.124.237"
162.158.93.93 - - [03/Apr/2021:18:29:54 +0000] "POST /api/bots/709585762319990814/stats HTTP/1.1" 200 27 "-" "node-fetch/1.0 (+https://github.com/bitinn/node-fetch)" "46.4.197.65"
162.158.94.178 - - [03/Apr/2021:18:29:56 +0000] "POST /api/bots/434556304661544960/stats HTTP/1.1" 401 25 "-" "BotListAPI 1.1.1 - Waifu#2747" "46.4.197.65"
172.68.132.91 - - [03/Apr/2021:18:30:03 +0000] "GET /bot/admin/add HTTP/1.1" 200 21877 "https://fateslist.xyz/" "Mozilla/5.0 (Windows NT 10.0; Win64; x64) AppleWebKit/537.36 (KHTML, like Gecko) Chrome/89.0.4389.114 Safari/537.36" "2001:5b0:49c0:fe18:814:6f6d:ec2f:4b82"
172.68.132.243 - - [03/Apr/2021:18:30:05 +0000] "GET /static/assets/img/b7e5d6e0a9f6fddb68ea920a07546e6a%20(1).png HTTP/1.1" 403 555 "https://fateslist.xyz/bot/admin/add" "Mozilla/5.0 (Windows NT 10.0; Win64; x64) AppleWebKit/537.36 (KHTML, like Gecko) Chrome/89.0.4389.114 Safari/537.36" "2001:5b0:49c0:fe18:814:6f6d:ec2f:4b82"
172.69.22.134 - - [03/Apr/2021:18:30:05 +0000] "GET /static/assets/js/bundle.min.js HTTP/1.1" 403 555 "https://fateslist.xyz/bot/admin/add" "Mozilla/5.0 (Windows NT 10.0; Win64; x64) AppleWebKit/537.36 (KHTML, like Gecko) Chrome/89.0.4389.114 Safari/537.36" "2001:5b0:49c0:fe18:814:6f6d:ec2f:4b82"
172.69.22.176 - - [03/Apr/2021:18:30:06 +0000] "GET /static/favicon.ico HTTP/1.1" 403 555 "https://fateslist.xyz/bot/admin/add" "Mozilla/5.0 (Windows NT 10.0; Win64; x64) AppleWebKit/537.36 (KHTML, like Gecko) Chrome/89.0.4389.114 Safari/537.36" "2001:5b0:49c0:fe18:814:6f6d:ec2f:4b82"
172.68.50.230 - - [03/Apr/2021:18:30:13 +0000] "POST /api/bots/715906723982082139/stats HTTP/1.1" 200 27 "-" "-" "2001:41d0:602:2ed::f00a"
172.69.35.33 - - [03/Apr/2021:18:30:47 +0000] "GET /bot/814643768938070037/invite HTTP/1.1" 307 5 "-" "Mozilla/5.0 (Linux; Android 5.0) AppleWebKit/537.36 (KHTML, like Gecko) Mobile Safari/537.36 (compatible; Bytespider; https://zhanzhang.toutiao.com/)" "110.249.202.38"
162.158.92.54 - - [03/Apr/2021:18:31:53 +0000] "POST /api/bots/429656936435286016/stats HTTP/1.1" 200 27 "-" "RinBot" "46.4.197.65"
172.69.170.132 - - [03/Apr/2021:18:32:48 +0000] "HEAD / HTTP/1.1" 200 0 "https://FatesList.xyz" "Mozilla/5.0+(compatible; UptimeRobot/2.0; http://www.uptimerobot.com/)" "69.162.124.237"
172.69.22.218 - - [03/Apr/2021:18:33:24 +0000] "GET / HTTP/1.1" 200 100703 "-" "Mozilla/5.0 (Windows NT 10.0; Win64; x64) AppleWebKit/537.36 (KHTML, like Gecko) Chrome/86.0.4240.198 Safari/537.36" "2001:5b0:49c0:fe18:90b5:fe60:c7f1:9719"
172.68.150.40 - - [03/Apr/2021:18:33:44 +0000] "POST /api/bots/663515546557480990/stats HTTP/1.1" 200 27 "-" "-" "209.126.8.122"
162.158.158.201 - - [03/Apr/2021:18:33:46 +0000] "POST /api/bots/785358819021815828/stats HTTP/1.1" 200 27 "-" "BotListAPI 1.1.1 - Reactify#5687" "46.4.197.65"
172.68.37.40 - - [03/Apr/2021:18:34:08 +0000] "POST /api/bots/617706329229754379/stats HTTP/1.1" 200 27 "-" "-" "209.126.8.122"
141.101.98.68 - - [03/Apr/2021:18:35:56 +0000] "POST /api/bots/713142514986778715/stats HTTP/1.1" 200 27 "-" "Python/3.8 aiohttp/3.7.3" "46.4.197.65"
172.68.141.226 - - [03/Apr/2021:18:36:04 +0000] "GET /bot/admin/add HTTP/1.1" 200 21877 "-" "Mozilla/5.0 (Windows NT 10.0; Win64; x64) AppleWebKit/537.36 (KHTML, like Gecko) Chrome/89.0.4389.114 Safari/537.36" "2001:5b0:49c0:fe18:c6c:2179:729e:4fcd"
172.69.22.134 - - [03/Apr/2021:18:36:06 +0000] "GET /static/assets/js/bundle.min.js HTTP/1.1" 403 555 "https://fateslist.xyz/bot/admin/add" "Mozilla/5.0 (Windows NT 10.0; Win64; x64) AppleWebKit/537.36 (KHTML, like Gecko) Chrome/89.0.4389.114 Safari/537.36" "2001:5b0:49c0:fe18:c6c:2179:729e:4fcd"
172.68.132.243 - - [03/Apr/2021:18:36:06 +0000] "GET /static/assets/img/b7e5d6e0a9f6fddb68ea920a07546e6a%20(1).png HTTP/1.1" 403 555 "https://fateslist.xyz/bot/admin/add" "Mozilla/5.0 (Windows NT 10.0; Win64; x64) AppleWebKit/537.36 (KHTML, like Gecko) Chrome/89.0.4389.114 Safari/537.36" "2001:5b0:49c0:fe18:c6c:2179:729e:4fcd"
172.69.22.176 - - [03/Apr/2021:18:36:07 +0000] "GET /static/favicon.ico HTTP/1.1" 403 555 "https://fateslist.xyz/bot/admin/add" "Mozilla/5.0 (Windows NT 10.0; Win64; x64) AppleWebKit/537.36 (KHTML, like Gecko) Chrome/89.0.4389.114 Safari/537.36" "2001:5b0:49c0:fe18:c6c:2179:729e:4fcd"
141.101.98.96 - - [03/Apr/2021:18:37:44 +0000] "POST /api/bots/356268235697553409/stats HTTP/1.1" 401 25 "-" "BotListAPI 5.5.2 - .fmbot#8173" "46.4.197.65"
172.69.170.118 - - [03/Apr/2021:18:37:48 +0000] "HEAD / HTTP/1.1" 200 0 "https://FatesList.xyz" "Mozilla/5.0+(compatible; UptimeRobot/2.0; http://www.uptimerobot.com/)" "69.162.124.237"
141.101.99.165 - - [03/Apr/2021:18:39:56 +0000] "POST /api/bots/434556304661544960/stats HTTP/1.1" 401 25 "-" "BotListAPI 1.1.1 - Waifu#2747" "46.4.197.65"
172.68.238.148 - - [03/Apr/2021:18:40:12 +0000] "POST /api/bots/715906723982082139/stats HTTP/1.1" 200 27 "-" "-" "2001:41d0:602:2ed::f00a"
172.68.141.226 - - [03/Apr/2021:18:40:40 +0000] "GET /profile/815684414045552680 HTTP/1.1" 200 19791 "https://fateslist.xyz/bot/admin/add" "Mozilla/5.0 (Windows NT 10.0; Win64; x64) AppleWebKit/537.36 (KHTML, like Gecko) Chrome/89.0.4389.114 Safari/537.36" "2001:5b0:49c0:fe18:c6c:2179:729e:4fcd"
172.68.132.243 - - [03/Apr/2021:18:40:43 +0000] "GET /static/assets/img/b7e5d6e0a9f6fddb68ea920a07546e6a%20(1).png HTTP/1.1" 403 555 "https://fateslist.xyz/profile/815684414045552680" "Mozilla/5.0 (Windows NT 10.0; Win64; x64) AppleWebKit/537.36 (KHTML, like Gecko) Chrome/89.0.4389.114 Safari/537.36" "2001:5b0:49c0:fe18:c6c:2179:729e:4fcd"
172.69.22.176 - - [03/Apr/2021:18:40:45 +0000] "GET /static/favicon.ico HTTP/1.1" 403 555 "https://fateslist.xyz/profile/815684414045552680" "Mozilla/5.0 (Windows NT 10.0; Win64; x64) AppleWebKit/537.36 (KHTML, like Gecko) Chrome/89.0.4389.114 Safari/537.36" "2001:5b0:49c0:fe18:c6c:2179:729e:4fcd"
172.69.35.71 - - [03/Apr/2021:18:40:48 +0000] "GET /bot/661522137550553088/invite HTTP/1.1" 307 5 "-" "Mozilla/5.0 (Linux; Android 5.0) AppleWebKit/537.36 (KHTML, like Gecko) Mobile Safari/537.36 (compatible; Bytespider; https://zhanzhang.toutiao.com/)" "110.249.201.3"
172.68.141.226 - - [03/Apr/2021:18:40:50 +0000] "GET /profile/none HTTP/1.1" 404 9816 "https://fateslist.xyz/profile/815684414045552680" "Mozilla/5.0 (Windows NT 10.0; Win64; x64) AppleWebKit/537.36 (KHTML, like Gecko) Chrome/89.0.4389.114 Safari/537.36" "2001:5b0:49c0:fe18:c6c:2179:729e:4fcd"
