141.101.96.225 - - [03/Apr/2021:09:20:31 +0000] "GET /bot/282859044593598464 HTTP/1.1" 200 25854 "-" "Mozilla/5.0 (compatible; SeznamBot/3.2; +http://napoveda.seznam.cz/en/seznambot-intro/)" "2a02:598:bbbb:2::8193"
141.101.96.225 - - [03/Apr/2021:09:20:33 +0000] "GET /api/docs HTTP/1.1" 200 23713 "-" "Mozilla/5.0 (compatible; SeznamBot/3.2; +http://napoveda.seznam.cz/en/seznambot-intro/)" "2a02:598:bbbb:2::8193"
141.101.96.225 - - [03/Apr/2021:09:20:35 +0000] "GET / HTTP/1.1" 200 100329 "-" "Mozilla/5.0 (compatible; SeznamBot/3.2; +http://napoveda.seznam.cz/en/seznambot-intro/)" "2a02:598:bbbb:2::8193"
172.69.170.70 - - [03/Apr/2021:09:22:08 +0000] "HEAD / HTTP/1.1" 200 0 "https://FatesList.xyz" "Mozilla/5.0+(compatible; UptimeRobot/2.0; http://www.uptimerobot.com/)" "69.162.124.237"
172.68.37.48 - - [03/Apr/2021:09:23:44 +0000] "POST /api/bots/663515546557480990/stats HTTP/1.1" 200 27 "-" "-" "209.126.8.122"
162.158.159.130 - - [03/Apr/2021:09:23:46 +0000] "POST /api/bots/785358819021815828/stats HTTP/1.1" 200 27 "-" "BotListAPI 1.1.1 - Reactify#5687" "46.4.197.65"
172.68.37.36 - - [03/Apr/2021:09:24:08 +0000] "POST /api/bots/617706329229754379/stats HTTP/1.1" 200 27 "-" "-" "209.126.8.122"
162.158.159.88 - - [03/Apr/2021:09:26:09 +0000] "POST /api/bots/709585762319990814/stats HTTP/1.1" 200 27 "-" "node-fetch/1.0 (+https://github.com/bitinn/node-fetch)" "46.4.197.65"
162.158.158.201 - - [03/Apr/2021:09:26:45 +0000] "POST /api/bots/600781202617663617/stats HTTP/1.1" 200 27 "-" "node-fetch/1.0 (+https://github.com/bitinn/node-fetch)" "54.36.164.187"
172.69.170.132 - - [03/Apr/2021:09:27:08 +0000] "HEAD / HTTP/1.1" 200 0 "https://FatesList.xyz" "Mozilla/5.0+(compatible; UptimeRobot/2.0; http://www.uptimerobot.com/)" "69.162.124.237"
162.158.158.201 - - [03/Apr/2021:09:27:44 +0000] "POST /api/bots/356268235697553409/stats HTTP/1.1" 401 25 "-" "BotListAPI 5.5.2 - .fmbot#8173" "46.4.197.65"
162.158.159.130 - - [03/Apr/2021:09:29:55 +0000] "POST /api/bots/434556304661544960/stats HTTP/1.1" 401 25 "-" "BotListAPI 1.1.1 - Waifu#2747" "46.4.197.65"
162.158.159.46 - - [03/Apr/2021:09:30:08 +0000] "POST /api/bots/760515811000582165/stats HTTP/1.1" 200 27 "-" "node-fetch/1.0 (+https://github.com/bitinn/node-fetch)" "46.4.197.65"
172.68.239.197 - - [03/Apr/2021:09:30:10 +0000] "POST /api/bots/715906723982082139/stats HTTP/1.1" 200 27 "-" "-" "2001:41d0:602:2ed::f00a"
162.158.159.46 - - [03/Apr/2021:09:30:52 +0000] "POST /api/bots/429656936435286016/stats HTTP/1.1" 200 27 "-" "RinBot" "46.4.197.65"
172.69.170.132 - - [03/Apr/2021:09:32:07 +0000] "HEAD / HTTP/1.1" 200 0 "https://FatesList.xyz" "Mozilla/5.0+(compatible; UptimeRobot/2.0; http://www.uptimerobot.com/)" "69.162.124.237"
162.158.159.36 - - [03/Apr/2021:09:33:41 +0000] "POST /api/bots/713142514986778715/stats HTTP/1.1" 200 27 "-" "Python/3.8 aiohttp/3.7.3" "46.4.197.65"
172.68.37.48 - - [03/Apr/2021:09:33:44 +0000] "POST /api/bots/663515546557480990/stats HTTP/1.1" 200 27 "-" "-" "209.126.8.122"
141.101.99.165 - - [03/Apr/2021:09:33:44 +0000] "POST /api/bots/709585762319990814/stats HTTP/1.1" 200 27 "-" "node-fetch/1.0 (+https://github.com/bitinn/node-fetch)" "46.4.197.65"
162.158.158.229 - - [03/Apr/2021:09:33:46 +0000] "POST /api/bots/785358819021815828/stats HTTP/1.1" 200 27 "-" "BotListAPI 1.1.1 - Reactify#5687" "46.4.197.65"
172.68.37.46 - - [03/Apr/2021:09:34:08 +0000] "POST /api/bots/617706329229754379/stats HTTP/1.1" 200 27 "-" "-" "209.126.8.122"
172.69.170.132 - - [03/Apr/2021:09:37:07 +0000] "HEAD / HTTP/1.1" 200 0 "https://FatesList.xyz" "Mozilla/5.0+(compatible; UptimeRobot/2.0; http://www.uptimerobot.com/)" "69.162.124.237"
162.158.159.130 - - [03/Apr/2021:09:37:43 +0000] "POST /api/bots/356268235697553409/stats HTTP/1.1" 401 25 "-" "BotListAPI 5.5.2 - .fmbot#8173" "46.4.197.65"
162.158.88.100 - - [03/Apr/2021:09:38:57 +0000] "POST /api/bots/709585762319990814/stats HTTP/1.1" 200 27 "-" "node-fetch/1.0 (+https://github.com/bitinn/node-fetch)" "46.4.197.65"
162.158.90.254 - - [03/Apr/2021:09:39:55 +0000] "POST /api/bots/434556304661544960/stats HTTP/2.0" 401 25 "-" "BotListAPI 1.1.1 - Waifu#2747" "46.4.197.65"
172.68.239.231 - - [03/Apr/2021:09:40:11 +0000] "POST /api/bots/715906723982082139/stats HTTP/1.1" 200 27 "-" "-" "2001:41d0:602:2ed::f00a"
162.158.155.128 - - [03/Apr/2021:09:41:44 +0000] "POST /api/bots/600781202617663617/stats HTTP/1.1" 200 27 "-" "node-fetch/1.0 (+https://github.com/bitinn/node-fetch)" "54.36.164.187"
172.69.170.118 - - [03/Apr/2021:09:42:08 +0000] "HEAD / HTTP/1.1" 200 0 "https://FatesList.xyz" "Mozilla/5.0+(compatible; UptimeRobot/2.0; http://www.uptimerobot.com/)" "69.162.124.237"
172.68.37.46 - - [03/Apr/2021:09:43:44 +0000] "POST /api/bots/663515546557480990/stats HTTP/1.1" 200 27 "-" "-" "209.126.8.122"
162.158.92.54 - - [03/Apr/2021:09:43:46 +0000] "POST /api/bots/785358819021815828/stats HTTP/1.1" 200 27 "-" "BotListAPI 1.1.1 - Reactify#5687" "46.4.197.65"
172.68.37.48 - - [03/Apr/2021:09:44:08 +0000] "POST /api/bots/617706329229754379/stats HTTP/1.1" 200 27 "-" "-" "209.126.8.122"
162.158.134.120 - - [03/Apr/2021:09:45:13 +0000] "POST /api/bots/666151106958852116/stats HTTP/1.1" 200 27 "-" "axios/0.21.1" "91.245.227.236"
141.101.69.161 - - [03/Apr/2021:09:45:45 +0000] "POST /api/bots/187636089073172481/stats HTTP/1.1" 200 27 "-" "Python/3.9 aiohttp/3.7.4.post0" "78.197.116.88"
172.69.170.70 - - [03/Apr/2021:09:47:08 +0000] "HEAD / HTTP/1.1" 200 0 "https://FatesList.xyz" "Mozilla/5.0+(compatible; UptimeRobot/2.0; http://www.uptimerobot.com/)" "69.162.124.237"
162.158.94.178 - - [03/Apr/2021:09:47:21 +0000] "POST /api/bots/709585762319990814/stats HTTP/1.1" 200 27 "-" "node-fetch/1.0 (+https://github.com/bitinn/node-fetch)" "46.4.197.65"
162.158.93.69 - - [03/Apr/2021:09:47:44 +0000] "POST /api/bots/356268235697553409/stats HTTP/1.1" 401 25 "-" "BotListAPI 5.5.2 - .fmbot#8173" "46.4.197.65"
162.158.88.154 - - [03/Apr/2021:09:48:15 +0000] "POST /api/bots/764153912190042133/stats HTTP/1.1" 200 27 "-" "node-fetch/1.0 (+https://github.com/bitinn/node-fetch)" "46.4.197.65"
162.158.88.154 - - [03/Apr/2021:09:49:55 +0000] "POST /api/bots/434556304661544960/stats HTTP/1.1" 401 25 "-" "BotListAPI 1.1.1 - Waifu#2747" "46.4.197.65"
172.68.238.144 - - [03/Apr/2021:09:50:11 +0000] "POST /api/bots/715906723982082139/stats HTTP/1.1" 200 27 "-" "-" "2001:41d0:602:2ed::f00a"
172.69.170.70 - - [03/Apr/2021:09:52:08 +0000] "HEAD / HTTP/1.1" 200 0 "https://FatesList.xyz" "Mozilla/5.0+(compatible; UptimeRobot/2.0; http://www.uptimerobot.com/)" "69.162.124.237"
172.68.37.46 - - [03/Apr/2021:09:53:44 +0000] "POST /api/bots/663515546557480990/stats HTTP/1.1" 200 27 "-" "-" "209.126.8.122"
162.158.159.88 - - [03/Apr/2021:09:53:46 +0000] "POST /api/bots/785358819021815828/stats HTTP/1.1" 200 27 "-" "BotListAPI 1.1.1 - Reactify#5687" "46.4.197.65"
172.68.37.40 - - [03/Apr/2021:09:54:08 +0000] "POST /api/bots/617706329229754379/stats HTTP/1.1" 200 27 "-" "-" "209.126.8.122"
141.101.98.26 - - [03/Apr/2021:09:56:45 +0000] "POST /api/bots/600781202617663617/stats HTTP/1.1" 200 27 "-" "node-fetch/1.0 (+https://github.com/bitinn/node-fetch)" "54.36.164.187"
172.69.170.122 - - [03/Apr/2021:09:57:08 +0000] "HEAD / HTTP/1.1" 200 0 "https://FatesList.xyz" "Mozilla/5.0+(compatible; UptimeRobot/2.0; http://www.uptimerobot.com/)" "69.162.124.237"
141.101.98.68 - - [03/Apr/2021:09:57:48 +0000] "POST /api/bots/356268235697553409/stats HTTP/1.1" 401 25 "-" "BotListAPI 5.5.2 - .fmbot#8173" "46.4.197.65"
162.158.94.178 - - [03/Apr/2021:09:59:55 +0000] "POST /api/bots/434556304661544960/stats HTTP/1.1" 401 25 "-" "BotListAPI 1.1.1 - Waifu#2747" "46.4.197.65"
108.162.210.110 - - [03/Apr/2021:10:00:02 +0000] "GET / HTTP/1.1" 200 100329 "-" "Mozilla/5.0 (compatible; Googlebot/2.1; +http://www.google.com/bot.html)" "66.249.64.251"
162.158.88.234 - - [03/Apr/2021:10:00:10 +0000] "POST /api/bots/727039427775299605/stats HTTP/1.1" 200 27 "-" "node-fetch/1.0 (+https://github.com/bitinn/node-fetch)" "46.4.197.65"
172.68.238.112 - - [03/Apr/2021:10:00:10 +0000] "POST /api/bots/715906723982082139/stats HTTP/1.1" 200 27 "-" "-" "2001:41d0:602:2ed::f00a"
172.69.170.122 - - [03/Apr/2021:10:02:07 +0000] "HEAD / HTTP/1.1" 200 0 "https://FatesList.xyz" "Mozilla/5.0+(compatible; UptimeRobot/2.0; http://www.uptimerobot.com/)" "69.162.124.237"
172.68.37.46 - - [03/Apr/2021:10:03:44 +0000] "POST /api/bots/663515546557480990/stats HTTP/1.1" 200 27 "-" "-" "209.126.8.122"
162.158.88.100 - - [03/Apr/2021:10:03:46 +0000] "POST /api/bots/785358819021815828/stats HTTP/1.1" 200 27 "-" "BotListAPI 1.1.1 - Reactify#5687" "46.4.197.65"
162.158.90.254 - - [03/Apr/2021:10:03:49 +0000] "POST /api/bots/713142514986778715/stats HTTP/1.1" 200 27 "-" "Python/3.8 aiohttp/3.7.3" "46.4.197.65"
172.68.37.36 - - [03/Apr/2021:10:04:08 +0000] "POST /api/bots/617706329229754379/stats HTTP/1.1" 200 27 "-" "-" "209.126.8.122"
162.158.126.128 - - [03/Apr/2021:10:05:29 +0000] "GET /bot/804398559046795264 HTTP/1.1" 200 29675 "-" "Mozilla/5.0 (compatible; SemrushBot/7~bl; +http://www.semrush.com/bot.html)" "185.191.171.11"
172.69.170.118 - - [03/Apr/2021:10:07:07 +0000] "HEAD / HTTP/1.1" 200 0 "https://FatesList.xyz" "Mozilla/5.0+(compatible; UptimeRobot/2.0; http://www.uptimerobot.com/)" "69.162.124.237"
162.158.89.187 - - [03/Apr/2021:10:07:44 +0000] "POST /api/bots/356268235697553409/stats HTTP/1.1" 401 25 "-" "BotListAPI 5.5.2 - .fmbot#8173" "46.4.197.65"
162.158.89.187 - - [03/Apr/2021:10:09:56 +0000] "POST /api/bots/434556304661544960/stats HTTP/1.1" 401 25 "-" "BotListAPI 1.1.1 - Waifu#2747" "46.4.197.65"
172.68.238.148 - - [03/Apr/2021:10:10:10 +0000] "POST /api/bots/715906723982082139/stats HTTP/1.1" 200 27 "-" "-" "2001:41d0:602:2ed::f00a"
162.158.158.201 - - [03/Apr/2021:10:11:44 +0000] "POST /api/bots/600781202617663617/stats HTTP/1.1" 200 27 "-" "node-fetch/1.0 (+https://github.com/bitinn/node-fetch)" "54.36.164.187"
172.69.170.132 - - [03/Apr/2021:10:12:08 +0000] "HEAD / HTTP/1.1" 200 0 "https://FatesList.xyz" "Mozilla/5.0+(compatible; UptimeRobot/2.0; http://www.uptimerobot.com/)" "69.162.124.237"
162.158.90.254 - - [03/Apr/2021:10:12:52 +0000] "POST /api/bots/709585762319990814/stats HTTP/1.1" 200 27 "-" "node-fetch/1.0 (+https://github.com/bitinn/node-fetch)" "46.4.197.65"
172.68.37.46 - - [03/Apr/2021:10:13:44 +0000] "POST /api/bots/663515546557480990/stats HTTP/1.1" 200 27 "-" "-" "209.126.8.122"
162.158.94.116 - - [03/Apr/2021:10:13:46 +0000] "POST /api/bots/785358819021815828/stats HTTP/1.1" 200 27 "-" "BotListAPI 1.1.1 - Reactify#5687" "46.4.197.65"
172.68.37.36 - - [03/Apr/2021:10:14:08 +0000] "POST /api/bots/617706329229754379/stats HTTP/1.1" 200 27 "-" "-" "209.126.8.122"
162.158.89.187 - - [03/Apr/2021:10:15:48 +0000] "POST /api/bots/709585762319990814/stats HTTP/1.1" 200 27 "-" "node-fetch/1.0 (+https://github.com/bitinn/node-fetch)" "46.4.197.65"
172.69.170.118 - - [03/Apr/2021:10:17:07 +0000] "HEAD / HTTP/1.1" 200 0 "https://FatesList.xyz" "Mozilla/5.0+(compatible; UptimeRobot/2.0; http://www.uptimerobot.com/)" "69.162.124.237"
162.158.88.100 - - [03/Apr/2021:10:17:44 +0000] "POST /api/bots/356268235697553409/stats HTTP/1.1" 401 25 "-" "BotListAPI 5.5.2 - .fmbot#8173" "46.4.197.65"
162.158.159.36 - - [03/Apr/2021:10:18:15 +0000] "POST /api/bots/764153912190042133/stats HTTP/1.1" 200 27 "-" "node-fetch/1.0 (+https://github.com/bitinn/node-fetch)" "46.4.197.65"
162.158.155.128 - - [03/Apr/2021:10:19:56 +0000] "POST /api/bots/434556304661544960/stats HTTP/1.1" 401 25 "-" "BotListAPI 1.1.1 - Waifu#2747" "46.4.197.65"
141.101.98.96 - - [03/Apr/2021:10:20:15 +0000] "POST /api/bots/709585762319990814/stats HTTP/1.1" 200 27 "-" "node-fetch/1.0 (+https://github.com/bitinn/node-fetch)" "46.4.197.65"
172.69.170.132 - - [03/Apr/2021:10:22:08 +0000] "HEAD / HTTP/1.1" 200 0 "https://FatesList.xyz" "Mozilla/5.0+(compatible; UptimeRobot/2.0; http://www.uptimerobot.com/)" "69.162.124.237"
172.68.37.40 - - [03/Apr/2021:10:23:44 +0000] "POST /api/bots/663515546557480990/stats HTTP/1.1" 200 27 "-" "-" "209.126.8.122"
162.158.158.229 - - [03/Apr/2021:10:23:46 +0000] "POST /api/bots/785358819021815828/stats HTTP/1.1" 200 27 "-" "BotListAPI 1.1.1 - Reactify#5687" "46.4.197.65"
172.68.37.48 - - [03/Apr/2021:10:24:08 +0000] "POST /api/bots/617706329229754379/stats HTTP/1.1" 200 27 "-" "-" "209.126.8.122"
108.162.210.110 - - [03/Apr/2021:10:24:55 +0000] "GET / HTTP/1.1" 200 100329 "-" "Mozilla/5.0 (compatible; Googlebot/2.1; +http://www.google.com/bot.html)" "66.249.64.253"
162.158.91.83 - - [03/Apr/2021:10:24:59 +0000] "POST /api/bots/666151106958852116/stats HTTP/1.1" 200 27 "-" "axios/0.21.1" "91.245.227.236"
162.158.63.224 - - [03/Apr/2021:10:25:20 +0000] "GET /bots/644984132090331177 HTTP/1.1" 404 9319 "-" "Mozilla/5.0 (compatible; bingbot/2.0; +http://www.bing.com/bingbot.htm)" "40.77.167.24"
172.69.170.122 - - [03/Apr/2021:10:27:08 +0000] "HEAD / HTTP/1.1" 200 0 "https://FatesList.xyz" "Mozilla/5.0+(compatible; UptimeRobot/2.0; http://www.uptimerobot.com/)" "69.162.124.237"
141.101.99.165 - - [03/Apr/2021:10:27:29 +0000] "POST /api/bots/709585762319990814/stats HTTP/1.1" 200 27 "-" "node-fetch/1.0 (+https://github.com/bitinn/node-fetch)" "46.4.197.65"
162.158.158.253 - - [03/Apr/2021:10:27:43 +0000] "POST /api/bots/356268235697553409/stats HTTP/1.1" 401 25 "-" "BotListAPI 5.5.2 - .fmbot#8173" "46.4.197.65"
162.158.88.154 - - [03/Apr/2021:10:29:56 +0000] "POST /api/bots/434556304661544960/stats HTTP/1.1" 401 25 "-" "BotListAPI 1.1.1 - Waifu#2747" "46.4.197.65"
162.158.88.134 - - [03/Apr/2021:10:30:08 +0000] "POST /api/bots/760515811000582165/stats HTTP/1.1" 200 27 "-" "node-fetch/1.0 (+https://github.com/bitinn/node-fetch)" "46.4.197.65"
162.158.94.166 - - [03/Apr/2021:10:31:02 +0000] "POST /api/bots/709585762319990814/stats HTTP/1.1" 200 27 "-" "node-fetch/1.0 (+https://github.com/bitinn/node-fetch)" "46.4.197.65"
162.158.94.178 - - [03/Apr/2021:10:31:03 +0000] "POST /api/bots/429656936435286016/stats HTTP/1.1" 200 27 "-" "RinBot" "46.4.197.65"
172.69.170.122 - - [03/Apr/2021:10:32:08 +0000] "HEAD / HTTP/1.1" 200 0 "https://FatesList.xyz" "Mozilla/5.0+(compatible; UptimeRobot/2.0; http://www.uptimerobot.com/)" "69.162.124.237"
108.162.229.246 - - [03/Apr/2021:10:32:09 +0000] "POST /api/bots/187636089073172481/stats HTTP/1.1" 200 27 "-" "Python/3.9 aiohttp/3.7.4.post0" "78.197.116.88"
172.69.34.180 - - [03/Apr/2021:10:32:48 +0000] "HEAD / HTTP/1.1" 200 0 "https://t.co/2GfjSkwXDP" "-" "35.233.255.239"
108.162.229.246 - - [03/Apr/2021:10:32:56 +0000] "GET /api/bots/187636089073172481/votes?user_id=427110648389042189 HTTP/1.1" 200 79 "-" "Python/3.9 aiohttp/3.7.4.post0" "78.197.116.88"
172.68.37.40 - - [03/Apr/2021:10:33:44 +0000] "POST /api/bots/663515546557480990/stats HTTP/1.1" 200 27 "-" "-" "209.126.8.122"
162.158.88.100 - - [03/Apr/2021:10:33:46 +0000] "POST /api/bots/785358819021815828/stats HTTP/1.1" 200 27 "-" "BotListAPI 1.1.1 - Reactify#5687" "46.4.197.65"
162.158.88.40 - - [03/Apr/2021:10:33:55 +0000] "POST /api/bots/713142514986778715/stats HTTP/2.0" 200 27 "-" "Python/3.8 aiohttp/3.7.3" "46.4.197.65"
172.68.37.36 - - [03/Apr/2021:10:34:08 +0000] "POST /api/bots/617706329229754379/stats HTTP/1.1" 200 27 "-" "-" "209.126.8.122"
141.101.76.88 - - [03/Apr/2021:10:36:36 +0000] "GET /bot/715178668393103420 HTTP/1.1" 200 26312 "-" "Mozilla/5.0 (compatible; AhrefsBot/7.0; +http://ahrefs.com/robot/)" "54.36.148.186"
172.69.170.70 - - [03/Apr/2021:10:37:08 +0000] "HEAD / HTTP/1.1" 200 0 "https://FatesList.xyz" "Mozilla/5.0+(compatible; UptimeRobot/2.0; http://www.uptimerobot.com/)" "69.162.124.237"
162.158.88.40 - - [03/Apr/2021:10:37:44 +0000] "POST /api/bots/356268235697553409/stats HTTP/1.1" 401 25 "-" "BotListAPI 5.5.2 - .fmbot#8173" "46.4.197.65"
162.158.93.69 - - [03/Apr/2021:10:39:56 +0000] "POST /api/bots/434556304661544960/stats HTTP/1.1" 401 25 "-" "BotListAPI 1.1.1 - Waifu#2747" "46.4.197.65"
141.101.98.68 - - [03/Apr/2021:10:41:52 +0000] "GET / HTTP/1.1" 200 100329 "-" "Mozilla/5.0 (Macintosh; Intel Mac OS X 10_15_6) AppleWebKit/605.1.15 (KHTML, like Gecko) Version/14.1 Safari/605.1.15" "122.172.56.69"
141.101.98.68 - - [03/Apr/2021:10:41:53 +0000] "GET /api/bots/random HTTP/1.1" 200 645 "https://fateslist.xyz/" "Mozilla/5.0 (Macintosh; Intel Mac OS X 10_15_6) AppleWebKit/605.1.15 (KHTML, like Gecko) Version/14.1 Safari/605.1.15" "122.172.56.69"
141.101.98.68 - - [03/Apr/2021:10:41:53 +0000] "GET /bot/admin/add HTTP/1.1" 307 5 "https://fateslist.xyz/" "Mozilla/5.0 (Macintosh; Intel Mac OS X 10_15_6) AppleWebKit/605.1.15 (KHTML, like Gecko) Version/14.1 Safari/605.1.15" "122.172.56.69"
141.101.98.68 - - [03/Apr/2021:10:41:54 +0000] "GET /auth/login?redirect=/bot/admin/add&pretty=to+add+a+bot HTTP/1.1" 200 11990 "https://fateslist.xyz/" "Mozilla/5.0 (Macintosh; Intel Mac OS X 10_15_6) AppleWebKit/605.1.15 (KHTML, like Gecko) Version/14.1 Safari/605.1.15" "122.172.56.69"
141.101.98.68 - - [03/Apr/2021:10:41:56 +0000] "GET / HTTP/2.0" 200 100329 "https://fateslist.xyz/auth/login?redirect=/bot/admin/add&pretty=to+add+a+bot" "Mozilla/5.0 (Macintosh; Intel Mac OS X 10_15_6) AppleWebKit/605.1.15 (KHTML, like Gecko) Version/14.1 Safari/605.1.15" "122.172.56.69"
141.101.98.68 - - [03/Apr/2021:10:41:57 +0000] "GET /bot/admin/add HTTP/1.1" 307 5 "https://fateslist.xyz/" "Mozilla/5.0 (Macintosh; Intel Mac OS X 10_15_6) AppleWebKit/605.1.15 (KHTML, like Gecko) Version/14.1 Safari/605.1.15" "122.172.56.69"
141.101.98.68 - - [03/Apr/2021:10:41:57 +0000] "GET /auth/login?redirect=/bot/admin/add&pretty=to+add+a+bot HTTP/1.1" 200 11990 "https://fateslist.xyz/" "Mozilla/5.0 (Macintosh; Intel Mac OS X 10_15_6) AppleWebKit/605.1.15 (KHTML, like Gecko) Version/14.1 Safari/605.1.15" "122.172.56.69"
141.101.98.68 - - [03/Apr/2021:10:41:58 +0000] "POST /auth/login?redirect=/bot/admin/add&pretty=to+add+a+bot HTTP/1.1" 303 5 "https://fateslist.xyz/auth/login?redirect=/bot/admin/add&pretty=to+add+a+bot" "Mozilla/5.0 (Macintosh; Intel Mac OS X 10_15_6) AppleWebKit/605.1.15 (KHTML, like Gecko) Version/14.1 Safari/605.1.15" "122.172.56.69"
141.101.98.68 - - [03/Apr/2021:10:42:02 +0000] "GET /auth/login/confirm?code=CP7YdviJSkQ1eaMmjZ6yyFIRQTlJg2&state=x1STQ7e1KZTlMKBrzcd3wDKV07LWEPgfZTJIKjy1lVz9psI8M88Dv7IhsFxsGx9GP24NIapbCNU8fhyuqWJ9LhVlLGMOmCFw5Gqf7 HTTP/1.1" 307 5 "https://discord.com/oauth2/authorize?client_id=798951566634778641&redirect_uri=https://fateslist.xyz/auth/login/confirm&state=x1STQ7e1KZTlMKBrzcd3wDKV07LWEPgfZTJIKjy1lVz9psI8M88Dv7IhsFxsGx9GP24NIapbCNU8fhyuqWJ9LhVlLGMOmCFw5Gqf7&response_type=code&scope=identify%20guilds.join%20guilds" "Mozilla/5.0 (Macintosh; Intel Mac OS X 10_15_6) AppleWebKit/605.1.15 (KHTML, like Gecko) Version/14.1 Safari/605.1.15" "122.172.56.69"
141.101.98.68 - - [03/Apr/2021:10:42:03 +0000] "GET /bot/admin/add HTTP/1.1" 200 21922 "https://discord.com/oauth2/authorize?client_id=798951566634778641&redirect_uri=https://fateslist.xyz/auth/login/confirm&state=x1STQ7e1KZTlMKBrzcd3wDKV07LWEPgfZTJIKjy1lVz9psI8M88Dv7IhsFxsGx9GP24NIapbCNU8fhyuqWJ9LhVlLGMOmCFw5Gqf7&response_type=code&scope=identify%20guilds.join%20guilds" "Mozilla/5.0 (Macintosh; Intel Mac OS X 10_15_6) AppleWebKit/605.1.15 (KHTML, like Gecko) Version/14.1 Safari/605.1.15" "122.172.56.69"
172.69.170.70 - - [03/Apr/2021:10:42:07 +0000] "HEAD / HTTP/1.1" 200 0 "https://FatesList.xyz" "Mozilla/5.0+(compatible; UptimeRobot/2.0; http://www.uptimerobot.com/)" "69.162.124.237"
172.68.37.40 - - [03/Apr/2021:10:43:44 +0000] "POST /api/bots/663515546557480990/stats HTTP/1.1" 200 27 "-" "-" "209.126.8.122"
162.158.91.83 - - [03/Apr/2021:10:43:46 +0000] "POST /api/bots/785358819021815828/stats HTTP/1.1" 200 27 "-" "BotListAPI 1.1.1 - Reactify#5687" "46.4.197.65"
172.68.37.40 - - [03/Apr/2021:10:44:08 +0000] "POST /api/bots/617706329229754379/stats HTTP/1.1" 200 27 "-" "-" "209.126.8.122"
162.158.93.93 - - [03/Apr/2021:10:46:39 +0000] "POST /api/bots/709585762319990814/stats HTTP/1.1" 200 27 "-" "node-fetch/1.0 (+https://github.com/bitinn/node-fetch)" "46.4.197.65"
172.69.170.122 - - [03/Apr/2021:10:47:08 +0000] "HEAD / HTTP/1.1" 200 0 "https://FatesList.xyz" "Mozilla/5.0+(compatible; UptimeRobot/2.0; http://www.uptimerobot.com/)" "69.162.124.237"
162.158.94.166 - - [03/Apr/2021:10:47:43 +0000] "POST /api/bots/356268235697553409/stats HTTP/1.1" 401 25 "-" "BotListAPI 5.5.2 - .fmbot#8173" "46.4.197.65"
162.158.89.35 - - [03/Apr/2021:10:48:15 +0000] "POST /api/bots/764153912190042133/stats HTTP/1.1" 200 27 "-" "node-fetch/1.0 (+https://github.com/bitinn/node-fetch)" "46.4.197.65"
141.101.69.219 - - [03/Apr/2021:10:48:26 +0000] "GET /api/bots/187636089073172481/votes?user_id=454509197946650645 HTTP/1.1" 200 88 "-" "Python/3.9 aiohttp/3.7.4.post0" "78.197.116.88"
162.158.178.9 - - [03/Apr/2021:10:48:32 +0000] "GET /bot/187636089073172481/vote HTTP/1.1" 200 10878 "-" "Mozilla/5.0 (Windows NT 10.0; Win64; x64) AppleWebKit/537.36 (KHTML, like Gecko) Chrome/89.0.4389.114 Safari/537.36" "121.55.199.139"
162.158.178.9 - - [03/Apr/2021:10:48:36 +0000] "POST /bot/187636089073172481/vote HTTP/1.1" 200 9770 "https://fateslist.xyz/bot/187636089073172481/vote" "Mozilla/5.0 (Windows NT 10.0; Win64; x64) AppleWebKit/537.36 (KHTML, like Gecko) Chrome/89.0.4389.114 Safari/537.36" "121.55.199.139"
162.158.178.9 - - [03/Apr/2021:10:48:37 +0000] "GET /bot/187636089073172481 HTTP/1.1" 200 69112 "https://fateslist.xyz/bot/187636089073172481/vote" "Mozilla/5.0 (Windows NT 10.0; Win64; x64) AppleWebKit/537.36 (KHTML, like Gecko) Chrome/89.0.4389.114 Safari/537.36" "121.55.199.139"
162.158.178.9 - - [03/Apr/2021:10:48:41 +0000] "POST /bot/187636089073172481/vote HTTP/1.1" 200 9749 "https://fateslist.xyz/bot/187636089073172481" "Mozilla/5.0 (Windows NT 10.0; Win64; x64) AppleWebKit/537.36 (KHTML, like Gecko) Chrome/89.0.4389.114 Safari/537.36" "121.55.199.139"
141.101.99.165 - - [03/Apr/2021:10:49:55 +0000] "POST /api/bots/434556304661544960/stats HTTP/1.1" 401 25 "-" "BotListAPI 1.1.1 - Waifu#2747" "46.4.197.65"
172.69.170.122 - - [03/Apr/2021:10:52:08 +0000] "HEAD / HTTP/1.1" 200 0 "https://FatesList.xyz" "Mozilla/5.0+(compatible; UptimeRobot/2.0; http://www.uptimerobot.com/)" "69.162.124.237"
162.158.158.201 - - [03/Apr/2021:10:52:49 +0000] "POST /api/bots/709585762319990814/stats HTTP/1.1" 200 27 "-" "node-fetch/1.0 (+https://github.com/bitinn/node-fetch)" "46.4.197.65"
172.68.37.48 - - [03/Apr/2021:10:53:44 +0000] "POST /api/bots/663515546557480990/stats HTTP/1.1" 200 27 "-" "-" "209.126.8.122"
162.158.159.46 - - [03/Apr/2021:10:53:45 +0000] "POST /api/bots/785358819021815828/stats HTTP/1.1" 200 27 "-" "BotListAPI 1.1.1 - Reactify#5687" "46.4.197.65"
172.68.37.40 - - [03/Apr/2021:10:54:08 +0000] "POST /api/bots/617706329229754379/stats HTTP/1.1" 200 27 "-" "-" "209.126.8.122"
172.69.170.70 - - [03/Apr/2021:10:57:08 +0000] "HEAD / HTTP/1.1" 200 0 "https://FatesList.xyz" "Mozilla/5.0+(compatible; UptimeRobot/2.0; http://www.uptimerobot.com/)" "69.162.124.237"
162.158.155.128 - - [03/Apr/2021:10:57:43 +0000] "POST /api/bots/356268235697553409/stats HTTP/1.1" 401 25 "-" "BotListAPI 5.5.2 - .fmbot#8173" "46.4.197.65"
108.162.212.145 - - [03/Apr/2021:10:58:43 +0000] "GET /docs HTTP/1.1" 404 9320 "-" "Mozilla/5.0 (compatible; Googlebot/2.1; +http://www.google.com/bot.html)" "66.249.64.251"
108.162.210.110 - - [03/Apr/2021:10:59:09 +0000] "GET / HTTP/1.1" 200 100329 "-" "Mozilla/5.0 (compatible; Googlebot/2.1; +http://www.google.com/bot.html)" "66.249.64.253"
141.101.99.117 - - [03/Apr/2021:10:59:55 +0000] "POST /api/bots/434556304661544960/stats HTTP/2.0" 401 25 "-" "BotListAPI 1.1.1 - Waifu#2747" "46.4.197.65"
162.158.159.88 - - [03/Apr/2021:11:00:09 +0000] "POST /api/bots/727039427775299605/stats HTTP/1.1" 200 27 "-" "node-fetch/1.0 (+https://github.com/bitinn/node-fetch)" "46.4.197.65"
172.69.170.118 - - [03/Apr/2021:11:02:08 +0000] "HEAD / HTTP/1.1" 200 0 "https://FatesList.xyz" "Mozilla/5.0+(compatible; UptimeRobot/2.0; http://www.uptimerobot.com/)" "69.162.124.237"
172.68.37.46 - - [03/Apr/2021:11:03:44 +0000] "POST /api/bots/663515546557480990/stats HTTP/1.1" 200 27 "-" "-" "209.126.8.122"
162.158.93.93 - - [03/Apr/2021:11:03:46 +0000] "POST /api/bots/785358819021815828/stats HTTP/1.1" 200 27 "-" "BotListAPI 1.1.1 - Reactify#5687" "46.4.197.65"
162.158.89.187 - - [03/Apr/2021:11:04:03 +0000] "POST /api/bots/713142514986778715/stats HTTP/1.1" 200 27 "-" "Python/3.8 aiohttp/3.7.3" "46.4.197.65"
172.68.37.36 - - [03/Apr/2021:11:04:08 +0000] "POST /api/bots/617706329229754379/stats HTTP/1.1" 200 27 "-" "-" "209.126.8.122"
141.101.69.57 - - [03/Apr/2021:11:05:18 +0000] "POST /api/bots/187636089073172481/stats HTTP/1.1" 200 27 "-" "Python/3.9 aiohttp/3.7.4.post0" "78.197.116.88"
162.158.30.52 - - [03/Apr/2021:11:07:04 +0000] "GET /bot/715178668393103420/vote HTTP/1.1" 200 10424 "-" "Mozilla/5.0 (Windows NT 10.0; Win64; x64) AppleWebKit/537.36 (KHTML, like Gecko) Chrome/89.0.4389.114 Safari/537.36" "2400:adc5:1b1:6e00:bc04:279b:675c:1117"
162.158.30.58 - - [03/Apr/2021:11:07:06 +0000] "GET /static/assets/img/b7e5d6e0a9f6fddb68ea920a07546e6a%20(1).png HTTP/1.1" 200 21706 "https://fateslist.xyz/bot/715178668393103420/vote" "Mozilla/5.0 (Windows NT 10.0; Win64; x64) AppleWebKit/537.36 (KHTML, like Gecko) Chrome/89.0.4389.114 Safari/537.36" "2400:adc5:1b1:6e00:bc04:279b:675c:1117"
172.69.170.122 - - [03/Apr/2021:11:07:08 +0000] "HEAD / HTTP/1.1" 200 0 "https://FatesList.xyz" "Mozilla/5.0+(compatible; UptimeRobot/2.0; http://www.uptimerobot.com/)" "69.162.124.237"
162.158.30.40 - - [03/Apr/2021:11:07:09 +0000] "GET /static/favicon.ico HTTP/1.1" 200 3115 "https://fateslist.xyz/bot/715178668393103420/vote" "Mozilla/5.0 (Windows NT 10.0; Win64; x64) AppleWebKit/537.36 (KHTML, like Gecko) Chrome/89.0.4389.114 Safari/537.36" "2400:adc5:1b1:6e00:bc04:279b:675c:1117"
162.158.30.22 - - [03/Apr/2021:11:07:14 +0000] "POST /bot/715178668393103420/vote HTTP/1.1" 303 5 "https://fateslist.xyz/bot/715178668393103420/vote" "Mozilla/5.0 (Windows NT 10.0; Win64; x64) AppleWebKit/537.36 (KHTML, like Gecko) Chrome/89.0.4389.114 Safari/537.36" "2400:adc5:1b1:6e00:bc04:279b:675c:1117"
162.158.30.22 - - [03/Apr/2021:11:07:15 +0000] "GET /auth/login?redirect=/bot/715178668393103420&pretty=to+vote+for+this+bot HTTP/1.1" 200 11998 "https://fateslist.xyz/bot/715178668393103420/vote" "Mozilla/5.0 (Windows NT 10.0; Win64; x64) AppleWebKit/537.36 (KHTML, like Gecko) Chrome/89.0.4389.114 Safari/537.36" "2400:adc5:1b1:6e00:bc04:279b:675c:1117"
162.158.30.22 - - [03/Apr/2021:11:07:18 +0000] "POST /auth/login?redirect=/bot/715178668393103420&pretty=to+vote+for+this+bot HTTP/1.1" 303 5 "https://fateslist.xyz/auth/login?redirect=/bot/715178668393103420&pretty=to+vote+for+this+bot" "Mozilla/5.0 (Windows NT 10.0; Win64; x64) AppleWebKit/537.36 (KHTML, like Gecko) Chrome/89.0.4389.114 Safari/537.36" "2400:adc5:1b1:6e00:bc04:279b:675c:1117"
162.158.30.22 - - [03/Apr/2021:11:07:34 +0000] "GET /auth/login/confirm?code=DZA3HrMFlILU19fAHp9BF1wf2X3pYe&state=4Z2UatZ0b1EDCeuCS6wghKXxsIp7lPx1AN5drzf0k2opR8czBEo0jHuFieabsvAawJuvXiLLY8PIbvtvYiXi7JhS2fH8RqQhZeEFl HTTP/1.1" 307 5 "https://discord.com/" "Mozilla/5.0 (Windows NT 10.0; Win64; x64) AppleWebKit/537.36 (KHTML, like Gecko) Chrome/89.0.4389.114 Safari/537.36" "2400:adc5:1b1:6e00:bc04:279b:675c:1117"
162.158.30.22 - - [03/Apr/2021:11:07:35 +0000] "GET /auth/login/confirm?code=SWLEFa3oTe6ax2aYPbmeRqCEkfTmW2&state=4Z2UatZ0b1EDCeuCS6wghKXxsIp7lPx1AN5drzf0k2opR8czBEo0jHuFieabsvAawJuvXiLLY8PIbvtvYiXi7JhS2fH8RqQhZeEFl HTTP/1.1" 307 5 "https://discord.com/" "Mozilla/5.0 (Windows NT 10.0; Win64; x64) AppleWebKit/537.36 (KHTML, like Gecko) Chrome/89.0.4389.114 Safari/537.36" "2400:adc5:1b1:6e00:bc04:279b:675c:1117"
162.158.30.22 - - [03/Apr/2021:11:07:37 +0000] "GET /bot/715178668393103420 HTTP/1.1" 200 27778 "https://discord.com/" "Mozilla/5.0 (Windows NT 10.0; Win64; x64) AppleWebKit/537.36 (KHTML, like Gecko) Chrome/89.0.4389.114 Safari/537.36" "2400:adc5:1b1:6e00:bc04:279b:675c:1117"
162.158.94.166 - - [03/Apr/2021:11:07:43 +0000] "POST /api/bots/356268235697553409/stats HTTP/1.1" 401 25 "-" "BotListAPI 5.5.2 - .fmbot#8173" "46.4.197.65"
162.158.88.134 - - [03/Apr/2021:11:09:56 +0000] "POST /api/bots/434556304661544960/stats HTTP/1.1" 401 25 "-" "BotListAPI 1.1.1 - Waifu#2747" "46.4.197.65"
172.69.170.132 - - [03/Apr/2021:11:12:08 +0000] "HEAD / HTTP/1.1" 200 0 "https://FatesList.xyz" "Mozilla/5.0+(compatible; UptimeRobot/2.0; http://www.uptimerobot.com/)" "69.162.124.237"
172.68.37.36 - - [03/Apr/2021:11:13:44 +0000] "POST /api/bots/663515546557480990/stats HTTP/1.1" 200 27 "-" "-" "209.126.8.122"
162.158.92.54 - - [03/Apr/2021:11:13:46 +0000] "POST /api/bots/785358819021815828/stats HTTP/1.1" 200 27 "-" "BotListAPI 1.1.1 - Reactify#5687" "46.4.197.65"
172.68.37.40 - - [03/Apr/2021:11:14:08 +0000] "POST /api/bots/617706329229754379/stats HTTP/2.0" 200 27 "-" "-" "209.126.8.122"
172.69.170.118 - - [03/Apr/2021:11:17:07 +0000] "HEAD / HTTP/1.1" 200 0 "https://FatesList.xyz" "Mozilla/5.0+(compatible; UptimeRobot/2.0; http://www.uptimerobot.com/)" "69.162.124.237"
141.101.99.117 - - [03/Apr/2021:11:17:44 +0000] "POST /api/bots/356268235697553409/stats HTTP/1.1" 401 25 "-" "BotListAPI 5.5.2 - .fmbot#8173" "46.4.197.65"
162.158.158.229 - - [03/Apr/2021:11:18:17 +0000] "POST /api/bots/764153912190042133/stats HTTP/1.1" 200 27 "-" "node-fetch/1.0 (+https://github.com/bitinn/node-fetch)" "46.4.197.65"
141.101.99.63 - - [03/Apr/2021:11:19:56 +0000] "POST /api/bots/434556304661544960/stats HTTP/1.1" 401 25 "-" "BotListAPI 1.1.1 - Waifu#2747" "46.4.197.65"
172.69.170.70 - - [03/Apr/2021:11:22:08 +0000] "HEAD / HTTP/1.1" 200 0 "https://FatesList.xyz" "Mozilla/5.0+(compatible; UptimeRobot/2.0; http://www.uptimerobot.com/)" "69.162.124.237"
172.68.37.40 - - [03/Apr/2021:11:23:44 +0000] "POST /api/bots/663515546557480990/stats HTTP/1.1" 200 27 "-" "-" "209.126.8.122"
162.158.155.254 - - [03/Apr/2021:11:23:45 +0000] "POST /api/bots/785358819021815828/stats HTTP/1.1" 200 27 "-" "BotListAPI 1.1.1 - Reactify#5687" "46.4.197.65"
162.158.159.36 - - [03/Apr/2021:11:24:05 +0000] "POST /api/bots/709585762319990814/stats HTTP/1.1" 200 27 "-" "node-fetch/1.0 (+https://github.com/bitinn/node-fetch)" "46.4.197.65"
172.68.37.40 - - [03/Apr/2021:11:24:08 +0000] "POST /api/bots/617706329229754379/stats HTTP/1.1" 200 27 "-" "-" "209.126.8.122"
172.68.10.54 - - [03/Apr/2021:11:26:40 +0000] "GET /robots.txt HTTP/1.1" 304 0 "-" "Mozilla/5.0 (compatible; YandexBot/3.0; +http://yandex.com/bots)" "77.88.5.209"
172.68.245.17 - - [03/Apr/2021:11:26:44 +0000] "GET / HTTP/2.0" 200 100329 "-" "Mozilla/5.0 (compatible; YandexBot/3.0; +http://yandex.com/bots)" "77.88.5.209"
172.69.170.70 - - [03/Apr/2021:11:27:08 +0000] "HEAD / HTTP/1.1" 200 0 "https://FatesList.xyz" "Mozilla/5.0+(compatible; UptimeRobot/2.0; http://www.uptimerobot.com/)" "69.162.124.237"
141.101.99.117 - - [03/Apr/2021:11:27:44 +0000] "POST /api/bots/356268235697553409/stats HTTP/1.1" 401 25 "-" "BotListAPI 5.5.2 - .fmbot#8173" "46.4.197.65"
162.158.89.187 - - [03/Apr/2021:11:29:55 +0000] "POST /api/bots/434556304661544960/stats HTTP/1.1" 401 25 "-" "BotListAPI 1.1.1 - Waifu#2747" "46.4.197.65"
162.158.90.254 - - [03/Apr/2021:11:30:08 +0000] "POST /api/bots/760515811000582165/stats HTTP/1.1" 200 27 "-" "node-fetch/1.0 (+https://github.com/bitinn/node-fetch)" "46.4.197.65"
162.158.89.187 - - [03/Apr/2021:11:30:41 +0000] "POST /api/bots/429656936435286016/stats HTTP/1.1" 200 27 "-" "RinBot" "46.4.197.65"
172.69.170.132 - - [03/Apr/2021:11:32:07 +0000] "HEAD / HTTP/1.1" 200 0 "https://FatesList.xyz" "Mozilla/5.0+(compatible; UptimeRobot/2.0; http://www.uptimerobot.com/)" "69.162.124.237"
172.68.37.46 - - [03/Apr/2021:11:33:44 +0000] "POST /api/bots/663515546557480990/stats HTTP/1.1" 200 27 "-" "-" "209.126.8.122"
162.158.88.10 - - [03/Apr/2021:11:33:46 +0000] "POST /api/bots/785358819021815828/stats HTTP/1.1" 200 27 "-" "BotListAPI 1.1.1 - Reactify#5687" "46.4.197.65"
172.68.37.48 - - [03/Apr/2021:11:34:08 +0000] "POST /api/bots/617706329229754379/stats HTTP/1.1" 200 27 "-" "-" "209.126.8.122"
162.158.88.40 - - [03/Apr/2021:11:34:10 +0000] "POST /api/bots/713142514986778715/stats HTTP/1.1" 200 27 "-" "Python/3.8 aiohttp/3.7.3" "46.4.197.65"
172.69.170.118 - - [03/Apr/2021:11:37:08 +0000] "HEAD / HTTP/1.1" 200 0 "https://FatesList.xyz" "Mozilla/5.0+(compatible; UptimeRobot/2.0; http://www.uptimerobot.com/)" "69.162.124.237"
162.158.93.69 - - [03/Apr/2021:11:37:44 +0000] "POST /api/bots/356268235697553409/stats HTTP/1.1" 401 25 "-" "BotListAPI 5.5.2 - .fmbot#8173" "46.4.197.65"
141.101.68.42 - - [03/Apr/2021:11:38:46 +0000] "POST /api/bots/187636089073172481/stats HTTP/1.1" 200 27 "-" "Python/3.9 aiohttp/3.7.4.post0" "78.197.116.88"
162.158.94.178 - - [03/Apr/2021:11:39:56 +0000] "POST /api/bots/434556304661544960/stats HTTP/1.1" 401 25 "-" "BotListAPI 1.1.1 - Waifu#2747" "46.4.197.65"
141.101.98.68 - - [03/Apr/2021:11:41:12 +0000] "GET / HTTP/1.1" 500 239 "-" "Mozilla/5.0 (Macintosh; Intel Mac OS X 10_15_6) AppleWebKit/605.1.15 (KHTML, like Gecko) Version/14.1 Safari/605.1.15" "122.172.56.69"
162.158.158.229 - - [03/Apr/2021:11:41:54 +0000] "GET / HTTP/1.1" 200 100867 "-" "Mozilla/5.0 (Macintosh; Intel Mac OS X 10_15_6) AppleWebKit/605.1.15 (KHTML, like Gecko) Version/14.1 Safari/605.1.15" "122.172.56.69"
162.158.158.229 - - [03/Apr/2021:11:41:56 +0000] "GET /api/bots/random HTTP/1.1" 200 436 "https://fateslist.xyz/" "Mozilla/5.0 (Macintosh; Intel Mac OS X 10_15_6) AppleWebKit/605.1.15 (KHTML, like Gecko) Version/14.1 Safari/605.1.15" "122.172.56.69"
162.158.158.229 - - [03/Apr/2021:11:41:58 +0000] "GET / HTTP/1.1" 200 100867 "-" "Mozilla/5.0 (Macintosh; Intel Mac OS X 10_15_6) AppleWebKit/605.1.15 (KHTML, like Gecko) Version/14.1 Safari/605.1.15" "122.172.56.69"
162.158.158.229 - - [03/Apr/2021:11:42:00 +0000] "GET /api/bots/random HTTP/1.1" 200 401 "https://fateslist.xyz/" "Mozilla/5.0 (Macintosh; Intel Mac OS X 10_15_6) AppleWebKit/605.1.15 (KHTML, like Gecko) Version/14.1 Safari/605.1.15" "122.172.56.69"
162.158.158.229 - - [03/Apr/2021:11:42:03 +0000] "GET /bot/187636089073172481 HTTP/1.1" 200 84848 "https://fateslist.xyz/" "Mozilla/5.0 (Macintosh; Intel Mac OS X 10_15_6) AppleWebKit/605.1.15 (KHTML, like Gecko) Version/14.1 Safari/605.1.15" "122.172.56.69"
172.69.170.70 - - [03/Apr/2021:11:42:08 +0000] "HEAD / HTTP/1.1" 200 0 "https://FatesList.xyz" "Mozilla/5.0+(compatible; UptimeRobot/2.0; http://www.uptimerobot.com/)" "69.162.124.237"
162.158.158.229 - - [03/Apr/2021:11:42:11 +0000] "POST /bot/187636089073172481/vote HTTP/1.1" 200 9863 "https://fateslist.xyz/bot/187636089073172481" "Mozilla/5.0 (Macintosh; Intel Mac OS X 10_15_6) AppleWebKit/605.1.15 (KHTML, like Gecko) Version/14.1 Safari/605.1.15" "122.172.56.69"
162.158.158.229 - - [03/Apr/2021:11:42:51 +0000] "GET /bot/187636089073172481 HTTP/1.1" 502 494 "https://fateslist.xyz/bot/187636089073172481/vote" "Mozilla/5.0 (Macintosh; Intel Mac OS X 10_15_6) AppleWebKit/605.1.15 (KHTML, like Gecko) Version/14.1 Safari/605.1.15" "122.172.56.69"
162.158.158.229 - - [03/Apr/2021:11:42:57 +0000] "GET /bot/187636089073172481 HTTP/1.1" 502 494 "https://fateslist.xyz/bot/187636089073172481" "Mozilla/5.0 (Macintosh; Intel Mac OS X 10_15_6) AppleWebKit/605.1.15 (KHTML, like Gecko) Version/14.1 Safari/605.1.15" "122.172.56.69"
162.158.158.229 - - [03/Apr/2021:11:43:01 +0000] "GET /bot/187636089073172481 HTTP/1.1" 200 84848 "https://fateslist.xyz/bot/187636089073172481" "Mozilla/5.0 (Macintosh; Intel Mac OS X 10_15_6) AppleWebKit/605.1.15 (KHTML, like Gecko) Version/14.1 Safari/605.1.15" "122.172.56.69"
162.158.134.98 - - [03/Apr/2021:11:43:01 +0000] "POST /api/bots/666151106958852116/stats HTTP/1.1" 200 27 "-" "axios/0.21.1" "91.245.227.236"
172.68.37.46 - - [03/Apr/2021:11:43:44 +0000] "POST /api/bots/663515546557480990/stats HTTP/1.1" 200 27 "-" "-" "209.126.8.122"
162.158.158.229 - - [03/Apr/2021:11:43:46 +0000] "POST /api/bots/785358819021815828/stats HTTP/1.1" 200 27 "-" "BotListAPI 1.1.1 - Reactify#5687" "46.4.197.65"
141.101.99.103 - - [03/Apr/2021:11:43:52 +0000] "GET /bot/187636089073172481 HTTP/1.1" 200 84848 "https://fateslist.xyz/bot/187636089073172481" "Mozilla/5.0 (Macintosh; Intel Mac OS X 10_15_6) AppleWebKit/605.1.15 (KHTML, like Gecko) Version/14.1 Safari/605.1.15" "122.172.56.69"
162.158.158.229 - - [03/Apr/2021:11:43:57 +0000] "GET /bot/187636089073172481 HTTP/1.1" 502 494 "https://fateslist.xyz/bot/187636089073172481" "Mozilla/5.0 (Macintosh; Intel Mac OS X 10_15_6) AppleWebKit/605.1.15 (KHTML, like Gecko) Version/14.1 Safari/605.1.15" "122.172.56.69"
172.68.37.46 - - [03/Apr/2021:11:44:08 +0000] "POST /api/bots/617706329229754379/stats HTTP/1.1" 502 494 "-" "-" "209.126.8.122"
172.69.170.122 - - [03/Apr/2021:11:47:07 +0000] "HEAD / HTTP/1.1" 502 0 "https://FatesList.xyz" "Mozilla/5.0+(compatible; UptimeRobot/2.0; http://www.uptimerobot.com/)" "69.162.124.237"
172.69.170.70 - - [03/Apr/2021:11:47:28 +0000] "GET / HTTP/1.1" 502 494 "https://FatesList.xyz" "Mozilla/5.0+(compatible; UptimeRobot/2.0; http://www.uptimerobot.com/)" "69.162.124.237"
162.158.159.88 - - [03/Apr/2021:11:47:31 +0000] "GET / HTTP/1.1" 502 494 "https://FatesList.xyz" "Mozilla/5.0+(compatible; UptimeRobot/2.0; http://www.uptimerobot.com/)" "139.59.173.249"
162.158.126.152 - - [03/Apr/2021:11:47:33 +0000] "GET / HTTP/1.1" 502 494 "https://FatesList.xyz" "Mozilla/5.0+(compatible; UptimeRobot/2.0; http://www.uptimerobot.com/)" "52.60.129.180"
162.158.155.254 - - [03/Apr/2021:11:47:43 +0000] "POST /api/bots/356268235697553409/stats HTTP/1.1" 502 494 "-" "BotListAPI 5.5.2 - .fmbot#8173" "46.4.197.65"
141.101.98.96 - - [03/Apr/2021:11:48:00 +0000] "GET /bot/187636089073172481/edit HTTP/1.1" 200 28203 "https://fateslist.xyz/bot/187636089073172481" "Mozilla/5.0 (Macintosh; Intel Mac OS X 10_15_6) AppleWebKit/605.1.15 (KHTML, like Gecko) Version/14.1 Safari/605.1.15" "122.172.56.69"
141.101.98.96 - - [03/Apr/2021:11:48:01 +0000] "POST /api/preview HTTP/1.1" 500 239 "https://fateslist.xyz/bot/187636089073172481/edit" "Mozilla/5.0 (Macintosh; Intel Mac OS X 10_15_6) AppleWebKit/605.1.15 (KHTML, like Gecko) Version/14.1 Safari/605.1.15" "122.172.56.69"
162.158.159.36 - - [03/Apr/2021:11:48:16 +0000] "POST /api/bots/764153912190042133/stats HTTP/1.1" 200 27 "-" "node-fetch/1.0 (+https://github.com/bitinn/node-fetch)" "46.4.197.65"
162.158.159.46 - - [03/Apr/2021:11:49:44 +0000] "GET /bot/187636089073172481/edit HTTP/1.1" 200 28204 "https://fateslist.xyz/bot/187636089073172481" "Mozilla/5.0 (Macintosh; Intel Mac OS X 10_15_6) AppleWebKit/605.1.15 (KHTML, like Gecko) Version/14.1 Safari/605.1.15" "122.172.56.69"
162.158.159.46 - - [03/Apr/2021:11:49:45 +0000] "POST /api/preview HTTP/1.1" 500 239 "https://fateslist.xyz/bot/187636089073172481/edit" "Mozilla/5.0 (Macintosh; Intel Mac OS X 10_15_6) AppleWebKit/605.1.15 (KHTML, like Gecko) Version/14.1 Safari/605.1.15" "122.172.56.69"
162.158.88.234 - - [03/Apr/2021:11:49:57 +0000] "POST /api/bots/434556304661544960/stats HTTP/1.1" 401 25 "-" "BotListAPI 1.1.1 - Waifu#2747" "46.4.197.65"
141.101.99.165 - - [03/Apr/2021:11:50:06 +0000] "GET /bot/187636089073172481/edit HTTP/1.1" 200 28204 "https://fateslist.xyz/bot/187636089073172481" "Mozilla/5.0 (Macintosh; Intel Mac OS X 10_15_6) AppleWebKit/605.1.15 (KHTML, like Gecko) Version/14.1 Safari/605.1.15" "122.172.56.69"
141.101.99.165 - - [03/Apr/2021:11:50:07 +0000] "POST /api/preview HTTP/1.1" 500 239 "https://fateslist.xyz/bot/187636089073172481/edit" "Mozilla/5.0 (Macintosh; Intel Mac OS X 10_15_6) AppleWebKit/605.1.15 (KHTML, like Gecko) Version/14.1 Safari/605.1.15" "122.172.56.69"
108.162.210.110 - - [03/Apr/2021:11:50:46 +0000] "GET / HTTP/1.1" 200 100329 "-" "Mozilla/5.0 (compatible; Googlebot/2.1; +http://www.google.com/bot.html)" "66.249.64.249"
162.158.158.229 - - [03/Apr/2021:11:50:49 +0000] "GET /bot/187636089073172481/edit HTTP/1.1" 200 28203 "https://fateslist.xyz/bot/187636089073172481" "Mozilla/5.0 (Macintosh; Intel Mac OS X 10_15_6) AppleWebKit/605.1.15 (KHTML, like Gecko) Version/14.1 Safari/605.1.15" "122.172.56.69"
162.158.158.229 - - [03/Apr/2021:11:50:50 +0000] "POST /api/preview HTTP/1.1" 500 239 "https://fateslist.xyz/bot/187636089073172481/edit" "Mozilla/5.0 (Macintosh; Intel Mac OS X 10_15_6) AppleWebKit/605.1.15 (KHTML, like Gecko) Version/14.1 Safari/605.1.15" "122.172.56.69"
162.158.159.88 - - [03/Apr/2021:11:51:19 +0000] "GET /Bittyconomy HTTP/1.1" 200 24784 "-" "Mozilla/5.0 (Windows NT 10.0; Win64; x64) AppleWebKit/537.36 (KHTML, like Gecko) Chrome/89.0.4389.114 Safari/537.36" "2a00:23c7:7211:2200:7dc0:5c8f:3966:72b7"
172.69.170.132 - - [03/Apr/2021:11:52:28 +0000] "GET / HTTP/1.1" 200 100329 "https://FatesList.xyz" "Mozilla/5.0+(compatible; UptimeRobot/2.0; http://www.uptimerobot.com/)" "69.162.124.237"
141.101.99.117 - - [03/Apr/2021:11:53:01 +0000] "GET /bot/187636089073172481/edit HTTP/1.1" 200 28203 "https://fateslist.xyz/bot/187636089073172481" "Mozilla/5.0 (Macintosh; Intel Mac OS X 10_15_6) AppleWebKit/605.1.15 (KHTML, like Gecko) Version/14.1 Safari/605.1.15" "122.172.56.69"
141.101.99.117 - - [03/Apr/2021:11:53:03 +0000] "POST /api/preview HTTP/1.1" 200 3119 "https://fateslist.xyz/bot/187636089073172481/edit" "Mozilla/5.0 (Macintosh; Intel Mac OS X 10_15_6) AppleWebKit/605.1.15 (KHTML, like Gecko) Version/14.1 Safari/605.1.15" "122.172.56.69"
172.68.37.46 - - [03/Apr/2021:11:53:44 +0000] "POST /api/bots/663515546557480990/stats HTTP/1.1" 502 494 "-" "-" "209.126.8.122"
172.69.34.114 - - [03/Apr/2021:11:53:48 +0000] "HEAD / HTTP/1.1" 200 0 "https://t.co/2GfjSkwXDP" "-" "35.197.87.39"
162.158.88.100 - - [03/Apr/2021:11:53:48 +0000] "POST /api/bots/785358819021815828/stats HTTP/1.1" 200 27 "-" "BotListAPI 1.1.1 - Reactify#5687" "46.4.197.65"
162.158.159.46 - - [03/Apr/2021:11:53:53 +0000] "GET /bot/187636089073172481/edit HTTP/1.1" 200 28204 "https://fateslist.xyz/bot/187636089073172481" "Mozilla/5.0 (Macintosh; Intel Mac OS X 10_15_6) AppleWebKit/605.1.15 (KHTML, like Gecko) Version/14.1 Safari/605.1.15" "122.172.56.69"
162.158.159.46 - - [03/Apr/2021:11:53:54 +0000] "POST /api/preview HTTP/1.1" 200 3119 "https://fateslist.xyz/bot/187636089073172481/edit" "Mozilla/5.0 (Macintosh; Intel Mac OS X 10_15_6) AppleWebKit/605.1.15 (KHTML, like Gecko) Version/14.1 Safari/605.1.15" "122.172.56.69"
162.158.90.254 - - [03/Apr/2021:11:54:05 +0000] "POST /api/bots/709585762319990814/stats HTTP/1.1" 200 27 "-" "node-fetch/1.0 (+https://github.com/bitinn/node-fetch)" "46.4.197.65"
172.68.37.36 - - [03/Apr/2021:11:54:08 +0000] "POST /api/bots/617706329229754379/stats HTTP/1.1" 200 27 "-" "-" "209.126.8.122"
141.101.98.68 - - [03/Apr/2021:11:54:40 +0000] "GET /bot/187636089073172481/edit HTTP/1.1" 200 28204 "https://fateslist.xyz/bot/187636089073172481" "Mozilla/5.0 (Macintosh; Intel Mac OS X 10_15_6) AppleWebKit/605.1.15 (KHTML, like Gecko) Version/14.1 Safari/605.1.15" "122.172.56.69"
141.101.98.68 - - [03/Apr/2021:11:54:41 +0000] "POST /api/preview HTTP/1.1" 200 3119 "https://fateslist.xyz/bot/187636089073172481/edit" "Mozilla/5.0 (Macintosh; Intel Mac OS X 10_15_6) AppleWebKit/605.1.15 (KHTML, like Gecko) Version/14.1 Safari/605.1.15" "122.172.56.69"
141.101.98.68 - - [03/Apr/2021:11:54:48 +0000] "GET / HTTP/1.1" 200 100867 "https://fateslist.xyz/bot/187636089073172481/edit" "Mozilla/5.0 (Macintosh; Intel Mac OS X 10_15_6) AppleWebKit/605.1.15 (KHTML, like Gecko) Version/14.1 Safari/605.1.15" "122.172.56.69"
141.101.98.68 - - [03/Apr/2021:11:54:50 +0000] "GET /api/bots/random HTTP/1.1" 200 436 "https://fateslist.xyz/" "Mozilla/5.0 (Macintosh; Intel Mac OS X 10_15_6) AppleWebKit/605.1.15 (KHTML, like Gecko) Version/14.1 Safari/605.1.15" "122.172.56.69"
141.101.99.117 - - [03/Apr/2021:11:56:43 +0000] "GET /admin/console HTTP/1.1" 200 26050 "https://fateslist.xyz/" "Mozilla/5.0 (Macintosh; Intel Mac OS X 10_15_6) AppleWebKit/605.1.15 (KHTML, like Gecko) Version/14.1 Safari/605.1.15" "122.172.56.69"
141.101.99.117 - - [03/Apr/2021:11:56:55 +0000] "GET /bot/741541138418368606 HTTP/1.1" 200 25546 "https://fateslist.xyz/admin/console" "Mozilla/5.0 (Macintosh; Intel Mac OS X 10_15_6) AppleWebKit/605.1.15 (KHTML, like Gecko) Version/14.1 Safari/605.1.15" "122.172.56.69"
141.101.99.117 - - [03/Apr/2021:11:56:57 +0000] "GET /bot/741541138418368606/edit HTTP/1.1" 200 25239 "https://fateslist.xyz/bot/741541138418368606" "Mozilla/5.0 (Macintosh; Intel Mac OS X 10_15_6) AppleWebKit/605.1.15 (KHTML, like Gecko) Version/14.1 Safari/605.1.15" "122.172.56.69"
141.101.99.117 - - [03/Apr/2021:11:56:57 +0000] "POST /api/preview HTTP/1.1" 200 17 "https://fateslist.xyz/bot/741541138418368606/edit" "Mozilla/5.0 (Macintosh; Intel Mac OS X 10_15_6) AppleWebKit/605.1.15 (KHTML, like Gecko) Version/14.1 Safari/605.1.15" "122.172.56.69"
172.69.170.122 - - [03/Apr/2021:11:57:29 +0000] "HEAD / HTTP/1.1" 200 0 "https://FatesList.xyz" "Mozilla/5.0+(compatible; UptimeRobot/2.0; http://www.uptimerobot.com/)" "69.162.124.237"
162.158.159.36 - - [03/Apr/2021:11:57:47 +0000] "POST /api/bots/356268235697553409/stats HTTP/1.1" 401 25 "-" "BotListAPI 5.5.2 - .fmbot#8173" "46.4.197.65"
162.158.155.254 - - [03/Apr/2021:11:58:41 +0000] "GET /bot/741541138418368606/edit HTTP/1.1" 200 25239 "https://fateslist.xyz/bot/741541138418368606" "Mozilla/5.0 (Macintosh; Intel Mac OS X 10_15_6) AppleWebKit/605.1.15 (KHTML, like Gecko) Version/14.1 Safari/605.1.15" "122.172.56.69"
162.158.155.254 - - [03/Apr/2021:11:58:41 +0000] "POST /api/preview HTTP/1.1" 200 17 "https://fateslist.xyz/bot/741541138418368606/edit" "Mozilla/5.0 (Macintosh; Intel Mac OS X 10_15_6) AppleWebKit/605.1.15 (KHTML, like Gecko) Version/14.1 Safari/605.1.15" "122.172.56.69"
162.158.155.254 - - [03/Apr/2021:11:58:44 +0000] "PATCH /api/bots/741541138418368606/token HTTP/1.1" 500 239 "https://fateslist.xyz/bot/741541138418368606/edit" "Mozilla/5.0 (Macintosh; Intel Mac OS X 10_15_6) AppleWebKit/605.1.15 (KHTML, like Gecko) Version/14.1 Safari/605.1.15" "122.172.56.69"
162.158.155.254 - - [03/Apr/2021:11:58:46 +0000] "GET /bot/741541138418368606/edit HTTP/1.1" 200 25239 "https://fateslist.xyz/bot/741541138418368606/edit" "Mozilla/5.0 (Macintosh; Intel Mac OS X 10_15_6) AppleWebKit/605.1.15 (KHTML, like Gecko) Version/14.1 Safari/605.1.15" "122.172.56.69"
162.158.155.254 - - [03/Apr/2021:11:58:47 +0000] "POST /api/preview HTTP/1.1" 200 17 "https://fateslist.xyz/bot/741541138418368606/edit" "Mozilla/5.0 (Macintosh; Intel Mac OS X 10_15_6) AppleWebKit/605.1.15 (KHTML, like Gecko) Version/14.1 Safari/605.1.15" "122.172.56.69"
141.101.68.22 - - [03/Apr/2021:11:59:34 +0000] "GET /api/bots/187636089073172481/votes?user_id=392532664462344193 HTTP/1.1" 200 88 "-" "Python/3.9 aiohttp/3.7.4.post0" "78.197.116.88"
162.158.159.88 - - [03/Apr/2021:11:59:35 +0000] "PATCH /api/bots/741541138418368606/token HTTP/1.1" 200 27 "https://fateslist.xyz/bot/741541138418368606/edit" "Mozilla/5.0 (Macintosh; Intel Mac OS X 10_15_6) AppleWebKit/605.1.15 (KHTML, like Gecko) Version/14.1 Safari/605.1.15" "122.172.56.69"
162.158.159.88 - - [03/Apr/2021:11:59:42 +0000] "GET /bot/741541138418368606/edit HTTP/1.1" 200 25239 "https://fateslist.xyz/bot/741541138418368606/edit" "Mozilla/5.0 (Macintosh; Intel Mac OS X 10_15_6) AppleWebKit/605.1.15 (KHTML, like Gecko) Version/14.1 Safari/605.1.15" "122.172.56.69"
162.158.159.88 - - [03/Apr/2021:11:59:43 +0000] "POST /api/preview HTTP/1.1" 200 17 "https://fateslist.xyz/bot/741541138418368606/edit" "Mozilla/5.0 (Macintosh; Intel Mac OS X 10_15_6) AppleWebKit/605.1.15 (KHTML, like Gecko) Version/14.1 Safari/605.1.15" "122.172.56.69"
108.162.219.6 - - [03/Apr/2021:11:59:48 +0000] "GET /bot/187636089073172481/vote HTTP/1.1" 200 10433 "-" "Mozilla/5.0 (Windows NT 10.0; Win64; x64) AppleWebKit/537.36 (KHTML, like Gecko) Chrome/89.0.4389.114 Safari/537.36" "2601:145:4301:76b0:85c7:9a6a:c76f:1243"
162.158.155.128 - - [03/Apr/2021:11:59:56 +0000] "POST /api/bots/434556304661544960/stats HTTP/1.1" 401 25 "-" "BotListAPI 1.1.1 - Waifu#2747" "46.4.197.65"
162.158.158.201 - - [03/Apr/2021:12:00:09 +0000] "POST /api/bots/727039427775299605/stats HTTP/2.0" 200 27 "-" "node-fetch/1.0 (+https://github.com/bitinn/node-fetch)" "46.4.197.65"
141.101.98.68 - - [03/Apr/2021:12:00:25 +0000] "GET / HTTP/1.1" 200 100867 "https://fateslist.xyz/bot/741541138418368606/edit" "Mozilla/5.0 (Macintosh; Intel Mac OS X 10_15_6) AppleWebKit/605.1.15 (KHTML, like Gecko) Version/14.1 Safari/605.1.15" "122.172.56.69"
141.101.98.68 - - [03/Apr/2021:12:00:28 +0000] "GET /api/bots/random HTTP/1.1" 200 680 "https://fateslist.xyz/" "Mozilla/5.0 (Macintosh; Intel Mac OS X 10_15_6) AppleWebKit/605.1.15 (KHTML, like Gecko) Version/14.1 Safari/605.1.15" "122.172.56.69"
108.162.210.110 - - [03/Apr/2021:12:00:44 +0000] "GET / HTTP/1.1" 200 100329 "-" "Mozilla/5.0 (Linux; Android 7.0; Moto G (4)) AppleWebKit/537.36 (KHTML, like Gecko) Chrome/88.0.4324.175 Mobile Safari/537.36 Chrome-Lighthouse" "107.178.239.202,74.125.210.23"
108.162.212.109 - - [03/Apr/2021:12:00:46 +0000] "GET /api/bots/random HTTP/1.1" 200 376 "https://fateslist.xyz/" "Mozilla/5.0 (Linux; Android 7.0; Moto G (4)) AppleWebKit/537.36 (KHTML, like Gecko) Chrome/88.0.4324.175 Mobile Safari/537.36 Chrome-Lighthouse" "107.178.239.202,74.125.210.19"
108.162.210.110 - - [03/Apr/2021:12:00:49 +0000] "GET / HTTP/1.1" 200 100329 "-" "Mozilla/5.0 (Linux; Android 7.0; Moto G (4)) AppleWebKit/537.36 (KHTML, like Gecko) Chrome/88.0.4324.175 Mobile Safari/537.36 Chrome-Lighthouse" "107.178.239.202,74.125.210.16"
162.158.122.8 - - [03/Apr/2021:12:00:51 +0000] "GET /robots.txt HTTP/1.1" 200 83 "https://fateslist.xyz/" "Mozilla/5.0 (Linux; Android 7.0; Moto G (4)) AppleWebKit/537.36 (KHTML, like Gecko) Chrome/88.0.4324.175 Mobile Safari/537.36 Chrome-Lighthouse" "107.178.239.202,74.125.210.23"
