108.162.210.132 - - [03/Apr/2021:12:00:54 +0000] "GET /none HTTP/1.1" 301 5 "https://fateslist.xyz/" "Mozilla/5.0 (Linux; Android 7.0; Moto G (4)) AppleWebKit/537.36 (KHTML, like Gecko) Chrome/88.0.4324.175 Mobile Safari/537.36 Chrome-Lighthouse" "107.178.239.202,74.125.210.19"
141.101.98.68 - - [03/Apr/2021:12:00:59 +0000] "GET /admin/console HTTP/1.1" 200 26050 "https://fateslist.xyz/" "Mozilla/5.0 (Macintosh; Intel Mac OS X 10_15_6) AppleWebKit/605.1.15 (KHTML, like Gecko) Version/14.1 Safari/605.1.15" "122.172.56.69"
108.162.219.6 - - [03/Apr/2021:12:01:13 +0000] "POST /bot/187636089073172481/vote HTTP/1.1" 303 5 "https://fateslist.xyz/bot/187636089073172481/vote" "Mozilla/5.0 (Windows NT 10.0; Win64; x64) AppleWebKit/537.36 (KHTML, like Gecko) Chrome/89.0.4389.114 Safari/537.36" "2601:145:4301:76b0:85c7:9a6a:c76f:1243"
108.162.219.250 - - [03/Apr/2021:12:01:13 +0000] "GET /auth/login?redirect=/bot/187636089073172481&pretty=to+vote+for+this+bot HTTP/1.1" 200 11998 "https://fateslist.xyz/bot/187636089073172481/vote" "Mozilla/5.0 (Windows NT 10.0; Win64; x64) AppleWebKit/537.36 (KHTML, like Gecko) Chrome/89.0.4389.114 Safari/537.36" "2601:145:4301:76b0:85c7:9a6a:c76f:1243"
108.162.219.250 - - [03/Apr/2021:12:01:14 +0000] "POST /auth/login?redirect=/bot/187636089073172481&pretty=to+vote+for+this+bot HTTP/2.0" 303 0 "https://fateslist.xyz/auth/login?redirect=/bot/187636089073172481&pretty=to+vote+for+this+bot" "Mozilla/5.0 (Windows NT 10.0; Win64; x64) AppleWebKit/537.36 (KHTML, like Gecko) Chrome/89.0.4389.114 Safari/537.36" "2601:145:4301:76b0:85c7:9a6a:c76f:1243"
108.162.219.250 - - [03/Apr/2021:12:01:16 +0000] "GET /auth/login?redirect=/bot/187636089073172481&pretty=to+vote+for+this+bot HTTP/1.1" 200 11998 "https://fateslist.xyz/bot/187636089073172481/vote" "Mozilla/5.0 (Windows NT 10.0; Win64; x64) AppleWebKit/537.36 (KHTML, like Gecko) Chrome/89.0.4389.114 Safari/537.36" "2601:145:4301:76b0:85c7:9a6a:c76f:1243"
108.162.219.250 - - [03/Apr/2021:12:01:20 +0000] "POST /auth/login?redirect=/bot/187636089073172481&pretty=to+vote+for+this+bot HTTP/1.1" 303 5 "https://fateslist.xyz/auth/login?redirect=/bot/187636089073172481&pretty=to+vote+for+this+bot" "Mozilla/5.0 (Windows NT 10.0; Win64; x64) AppleWebKit/537.36 (KHTML, like Gecko) Chrome/89.0.4389.114 Safari/537.36" "2601:145:4301:76b0:85c7:9a6a:c76f:1243"
108.162.219.250 - - [03/Apr/2021:12:01:23 +0000] "GET /auth/login/confirm?code=SxOBsLNnXRVlw6S38b8TdZoz0lRFur&state=5v22uangG6Ff2Ph8VHnVVjg3Ahr17mx0rnHFJwdJAm3CyrdJ1tRLNQEcUcIR8XlbA6X1cZVfZ58L1bBSdnCW4wxNskg00DAF7Zzyd HTTP/1.1" 307 5 "https://discord.com/" "Mozilla/5.0 (Windows NT 10.0; Win64; x64) AppleWebKit/537.36 (KHTML, like Gecko) Chrome/89.0.4389.114 Safari/537.36" "2601:145:4301:76b0:85c7:9a6a:c76f:1243"
108.162.219.250 - - [03/Apr/2021:12:01:27 +0000] "GET /bot/187636089073172481 HTTP/1.1" 200 69120 "https://discord.com/" "Mozilla/5.0 (Windows NT 10.0; Win64; x64) AppleWebKit/537.36 (KHTML, like Gecko) Chrome/89.0.4389.114 Safari/537.36" "2601:145:4301:76b0:85c7:9a6a:c76f:1243"
108.162.229.202 - - [03/Apr/2021:12:01:49 +0000] "GET / HTTP/1.1" 200 100329 "-" "Mozilla/5.0 (Windows NT 10.0; Win64; x64) AppleWebKit/537.36 (KHTML, like Gecko) Chrome/89.0.4389.114 Safari/537.36" "83.46.138.104"
108.162.229.202 - - [03/Apr/2021:12:01:51 +0000] "GET /api/bots/random HTTP/1.1" 200 441 "https://fateslist.xyz/" "Mozilla/5.0 (Windows NT 10.0; Win64; x64) AppleWebKit/537.36 (KHTML, like Gecko) Chrome/89.0.4389.114 Safari/537.36" "83.46.138.104"
108.162.229.202 - - [03/Apr/2021:12:01:52 +0000] "GET /auth/login HTTP/1.1" 200 11904 "https://fateslist.xyz/" "Mozilla/5.0 (Windows NT 10.0; Win64; x64) AppleWebKit/537.36 (KHTML, like Gecko) Chrome/89.0.4389.114 Safari/537.36" "83.46.138.104"
108.162.229.202 - - [03/Apr/2021:12:01:53 +0000] "POST /auth/login HTTP/1.1" 303 5 "https://fateslist.xyz/auth/login" "Mozilla/5.0 (Windows NT 10.0; Win64; x64) AppleWebKit/537.36 (KHTML, like Gecko) Chrome/89.0.4389.114 Safari/537.36" "83.46.138.104"
108.162.229.202 - - [03/Apr/2021:12:01:57 +0000] "GET /auth/login/confirm?code=gDVl62WK2Wn3IVoiv53tqmYyzZg1bu&state=SoKTZ3jus1ZhdgWymy4WMVbP7YnaXihHGBBb0aDscIgiJoE6JRWUPK8wFkKoYkDBUaHrr6FuY0ol6IuaneUZTA6s1dHaUkaDQA1qy HTTP/1.1" 307 5 "https://discord.com/" "Mozilla/5.0 (Windows NT 10.0; Win64; x64) AppleWebKit/537.36 (KHTML, like Gecko) Chrome/89.0.4389.114 Safari/537.36" "83.46.138.104"
108.162.229.202 - - [03/Apr/2021:12:02:00 +0000] "GET / HTTP/1.1" 200 100857 "https://discord.com/" "Mozilla/5.0 (Windows NT 10.0; Win64; x64) AppleWebKit/537.36 (KHTML, like Gecko) Chrome/89.0.4389.114 Safari/537.36" "83.46.138.104"
108.162.229.202 - - [03/Apr/2021:12:02:01 +0000] "GET /api/bots/random HTTP/1.1" 200 502 "https://fateslist.xyz/" "Mozilla/5.0 (Windows NT 10.0; Win64; x64) AppleWebKit/537.36 (KHTML, like Gecko) Chrome/89.0.4389.114 Safari/537.36" "83.46.138.104"
172.69.170.132 - - [03/Apr/2021:12:02:29 +0000] "HEAD / HTTP/1.1" 200 0 "https://FatesList.xyz" "Mozilla/5.0+(compatible; UptimeRobot/2.0; http://www.uptimerobot.com/)" "69.162.124.237"
172.68.37.48 - - [03/Apr/2021:12:03:44 +0000] "POST /api/bots/663515546557480990/stats HTTP/1.1" 200 27 "-" "-" "209.126.8.122"
162.158.158.229 - - [03/Apr/2021:12:03:46 +0000] "POST /api/bots/785358819021815828/stats HTTP/2.0" 200 27 "-" "BotListAPI 1.1.1 - Reactify#5687" "46.4.197.65"
172.68.37.40 - - [03/Apr/2021:12:04:08 +0000] "POST /api/bots/617706329229754379/stats HTTP/1.1" 200 27 "-" "-" "209.126.8.122"
141.101.99.117 - - [03/Apr/2021:12:04:17 +0000] "POST /api/bots/713142514986778715/stats HTTP/1.1" 200 27 "-" "Python/3.8 aiohttp/3.7.3" "46.4.197.65"
108.162.210.110 - - [03/Apr/2021:12:04:39 +0000] "GET / HTTP/1.1" 200 100773 "-" "Mozilla/5.0 (Linux; Android 7.0; Moto G (4)) AppleWebKit/537.36 (KHTML, like Gecko) Chrome/88.0.4324.175 Mobile Safari/537.36 Chrome-Lighthouse" "35.203.251.56,74.125.210.18"
108.162.212.109 - - [03/Apr/2021:12:04:41 +0000] "GET /api/bots/random HTTP/1.1" 200 411 "https://fateslist.xyz/" "Mozilla/5.0 (Linux; Android 7.0; Moto G (4)) AppleWebKit/537.36 (KHTML, like Gecko) Chrome/88.0.4324.175 Mobile Safari/537.36 Chrome-Lighthouse" "35.203.251.56,74.125.210.23"
108.162.210.110 - - [03/Apr/2021:12:04:43 +0000] "GET / HTTP/1.1" 200 100753 "-" "Mozilla/5.0 (Linux; Android 7.0; Moto G (4)) AppleWebKit/537.36 (KHTML, like Gecko) Chrome/88.0.4324.175 Mobile Safari/537.36 Chrome-Lighthouse" "35.203.251.56,74.125.210.23"
108.162.210.132 - - [03/Apr/2021:12:04:47 +0000] "GET /none HTTP/1.1" 301 5 "https://fateslist.xyz/" "Mozilla/5.0 (Linux; Android 7.0; Moto G (4)) AppleWebKit/537.36 (KHTML, like Gecko) Chrome/88.0.4324.175 Mobile Safari/537.36 Chrome-Lighthouse" "35.203.251.56,74.125.210.21"
108.162.210.110 - - [03/Apr/2021:12:04:52 +0000] "GET / HTTP/1.1" 200 100753 "-" "Mozilla/5.0 (Linux; Android 7.0; Moto G (4)) AppleWebKit/537.36 (KHTML, like Gecko) Chrome/88.0.4324.175 Mobile Safari/537.36 Chrome-Lighthouse" "107.178.239.202,74.125.210.23"
108.162.212.109 - - [03/Apr/2021:12:04:53 +0000] "GET /api/bots/random HTTP/1.1" 200 469 "https://fateslist.xyz/" "Mozilla/5.0 (Linux; Android 7.0; Moto G (4)) AppleWebKit/537.36 (KHTML, like Gecko) Chrome/88.0.4324.175 Mobile Safari/537.36 Chrome-Lighthouse" "107.178.239.202,74.125.210.23"
108.162.210.110 - - [03/Apr/2021:12:04:55 +0000] "GET / HTTP/1.1" 200 100753 "-" "Mozilla/5.0 (Linux; Android 7.0; Moto G (4)) AppleWebKit/537.36 (KHTML, like Gecko) Chrome/88.0.4324.175 Mobile Safari/537.36 Chrome-Lighthouse" "107.178.239.202,74.125.210.16"
108.162.210.132 - - [03/Apr/2021:12:04:59 +0000] "GET /none HTTP/1.1" 301 5 "https://fateslist.xyz/" "Mozilla/5.0 (Linux; Android 7.0; Moto G (4)) AppleWebKit/537.36 (KHTML, like Gecko) Chrome/88.0.4324.175 Mobile Safari/537.36 Chrome-Lighthouse" "107.178.239.202,74.125.210.21"
172.69.35.101 - - [03/Apr/2021:12:05:22 +0000] "GET /robots.txt HTTP/1.1" 200 83 "-" "Mozilla/5.0 (compatible; Adsbot/3.1; +https://seostar.co/robot/)" "216.18.204.210"
141.101.98.96 - - [03/Apr/2021:12:05:22 +0000] "GET / HTTP/1.1" 200 101291 "https://fateslist.xyz/admin/console" "Mozilla/5.0 (Macintosh; Intel Mac OS X 10_15_6) AppleWebKit/605.1.15 (KHTML, like Gecko) Version/14.1 Safari/605.1.15" "122.172.56.69"
141.101.98.96 - - [03/Apr/2021:12:05:23 +0000] "GET /api/bots/random HTTP/2.0" 200 410 "https://fateslist.xyz/" "Mozilla/5.0 (Macintosh; Intel Mac OS X 10_15_6) AppleWebKit/605.1.15 (KHTML, like Gecko) Version/14.1 Safari/605.1.15" "122.172.56.69"
172.69.34.130 - - [03/Apr/2021:12:05:57 +0000] "GET /bot/631115725876101150 HTTP/1.1" 200 54723 "https://fateslist.xyz/" "Mozilla/5.0 (compatible; Adsbot/3.1; +https://seostar.co/robot/)" "216.18.204.210"
172.69.34.114 - - [03/Apr/2021:12:06:36 +0000] "GET /bot/802146659693756427 HTTP/1.1" 404 9319 "https://fateslist.xyz/" "Mozilla/5.0 (compatible; Adsbot/3.1; +https://seostar.co/robot/)" "216.18.204.210"
108.162.215.58 - - [03/Apr/2021:12:06:57 +0000] "GET /server/admin/add HTTP/1.1" 307 5 "https://fateslist.xyz/" "Mozilla/5.0 (compatible; Adsbot/3.1; +https://seostar.co/robot/)" "216.18.204.210"
162.158.158.229 - - [03/Apr/2021:12:06:57 +0000] "GET / HTTP/1.1" 200 101772 "https://fateslist.xyz/admin/console" "Mozilla/5.0 (Macintosh; Intel Mac OS X 10_15_6) AppleWebKit/605.1.15 (KHTML, like Gecko) Version/14.1 Safari/605.1.15" "122.172.56.69"
162.158.158.229 - - [03/Apr/2021:12:07:02 +0000] "GET /api/bots/random HTTP/1.1" 200 394 "https://fateslist.xyz/" "Mozilla/5.0 (Macintosh; Intel Mac OS X 10_15_6) AppleWebKit/605.1.15 (KHTML, like Gecko) Version/14.1 Safari/605.1.15" "122.172.56.69"
162.158.158.229 - - [03/Apr/2021:12:07:06 +0000] "GET / HTTP/1.1" 200 101809 "https://fateslist.xyz/admin/console" "Mozilla/5.0 (Macintosh; Intel Mac OS X 10_15_6) AppleWebKit/605.1.15 (KHTML, like Gecko) Version/14.1 Safari/605.1.15" "122.172.56.69"
162.158.158.229 - - [03/Apr/2021:12:07:07 +0000] "GET /api/bots/random HTTP/1.1" 200 400 "https://fateslist.xyz/" "Mozilla/5.0 (Macintosh; Intel Mac OS X 10_15_6) AppleWebKit/605.1.15 (KHTML, like Gecko) Version/14.1 Safari/605.1.15" "122.172.56.69"
172.69.33.25 - - [03/Apr/2021:12:07:11 +0000] "GET /fates/support/invite HTTP/1.1" 307 5 "https://fateslist.xyz/" "Mozilla/5.0 (compatible; Adsbot/3.1; +https://seostar.co/robot/)" "216.18.204.210"
162.158.158.229 - - [03/Apr/2021:12:07:17 +0000] "GET / HTTP/1.1" 200 101772 "https://fateslist.xyz/admin/console" "Mozilla/5.0 (Macintosh; Intel Mac OS X 10_15_6) AppleWebKit/605.1.15 (KHTML, like Gecko) Version/14.1 Safari/605.1.15" "122.172.56.69"
162.158.158.229 - - [03/Apr/2021:12:07:20 +0000] "GET /api/bots/random HTTP/1.1" 200 436 "https://fateslist.xyz/" "Mozilla/5.0 (Macintosh; Intel Mac OS X 10_15_6) AppleWebKit/605.1.15 (KHTML, like Gecko) Version/14.1 Safari/605.1.15" "122.172.56.69"
172.69.170.118 - - [03/Apr/2021:12:07:27 +0000] "HEAD / HTTP/1.1" 200 0 "https://FatesList.xyz" "Mozilla/5.0+(compatible; UptimeRobot/2.0; http://www.uptimerobot.com/)" "69.162.124.237"
141.101.99.165 - - [03/Apr/2021:12:07:30 +0000] "GET / HTTP/1.1" 200 101772 "https://fateslist.xyz/admin/console" "Mozilla/5.0 (Macintosh; Intel Mac OS X 10_15_6) AppleWebKit/605.1.15 (KHTML, like Gecko) Version/14.1 Safari/605.1.15" "122.172.56.69"
141.101.99.165 - - [03/Apr/2021:12:07:32 +0000] "GET /api/bots/random HTTP/1.1" 200 370 "https://fateslist.xyz/" "Mozilla/5.0 (Macintosh; Intel Mac OS X 10_15_6) AppleWebKit/605.1.15 (KHTML, like Gecko) Version/14.1 Safari/605.1.15" "122.172.56.69"
172.69.34.158 - - [03/Apr/2021:12:07:37 +0000] "GET /bot/799579540963065896 HTTP/1.1" 200 24574 "https://fateslist.xyz/" "Mozilla/5.0 (compatible; Adsbot/3.1; +https://seostar.co/robot/)" "216.18.204.210"
141.101.99.103 - - [03/Apr/2021:12:07:43 +0000] "GET / HTTP/1.1" 200 101291 "https://fateslist.xyz/admin/console" "Mozilla/5.0 (Macintosh; Intel Mac OS X 10_15_6) AppleWebKit/605.1.15 (KHTML, like Gecko) Version/14.1 Safari/605.1.15" "122.172.56.69"
162.158.159.88 - - [03/Apr/2021:12:07:44 +0000] "POST /api/bots/356268235697553409/stats HTTP/1.1" 401 25 "-" "BotListAPI 5.5.2 - .fmbot#8173" "46.4.197.65"
141.101.99.103 - - [03/Apr/2021:12:07:45 +0000] "GET /api/bots/random HTTP/1.1" 200 401 "https://fateslist.xyz/" "Mozilla/5.0 (Macintosh; Intel Mac OS X 10_15_6) AppleWebKit/605.1.15 (KHTML, like Gecko) Version/14.1 Safari/605.1.15" "122.172.56.69"
172.69.35.13 - - [03/Apr/2021:12:08:11 +0000] "GET /bot/187636089073172481/invite HTTP/1.1" 307 5 "https://fateslist.xyz/" "Mozilla/5.0 (compatible; Adsbot/3.1; +https://seostar.co/robot/)" "216.18.204.210"
108.162.215.176 - - [03/Apr/2021:12:08:44 +0000] "GET /bot/282859044593598464/invite HTTP/1.1" 307 5 "https://fateslist.xyz/" "Mozilla/5.0 (compatible; Adsbot/3.1; +https://seostar.co/robot/)" "216.18.204.210"
172.69.33.79 - - [03/Apr/2021:12:09:40 +0000] "GET /bot/371789181954818050/invite HTTP/1.1" 307 5 "https://fateslist.xyz/" "Mozilla/5.0 (compatible; Adsbot/3.1; +https://seostar.co/robot/)" "216.18.204.210"
141.101.98.68 - - [03/Apr/2021:12:09:56 +0000] "POST /api/bots/434556304661544960/stats HTTP/1.1" 401 25 "-" "BotListAPI 1.1.1 - Waifu#2747" "46.4.197.65"
172.69.34.158 - - [03/Apr/2021:12:10:40 +0000] "GET /bot/429656936435286016/invite HTTP/1.1" 307 5 "https://fateslist.xyz/" "Mozilla/5.0 (compatible; Adsbot/3.1; +https://seostar.co/robot/)" "216.18.204.210"
172.69.33.69 - - [03/Apr/2021:12:11:56 +0000] "GET /bot/434556304661544960/invite HTTP/1.1" 307 5 "https://fateslist.xyz/" "Mozilla/5.0 (compatible; Adsbot/3.1; +https://seostar.co/robot/)" "216.18.204.210"
172.69.170.132 - - [03/Apr/2021:12:12:28 +0000] "HEAD / HTTP/1.1" 200 0 "https://FatesList.xyz" "Mozilla/5.0+(compatible; UptimeRobot/2.0; http://www.uptimerobot.com/)" "69.162.124.237"
172.69.33.25 - - [03/Apr/2021:12:12:53 +0000] "GET /bot/478370481926438932/invite HTTP/1.1" 307 5 "https://fateslist.xyz/" "Mozilla/5.0 (compatible; Adsbot/3.1; +https://seostar.co/robot/)" "216.18.204.210"
172.68.37.36 - - [03/Apr/2021:12:13:44 +0000] "POST /api/bots/663515546557480990/stats HTTP/1.1" 200 27 "-" "-" "209.126.8.122"
141.101.99.63 - - [03/Apr/2021:12:13:46 +0000] "POST /api/bots/785358819021815828/stats HTTP/1.1" 200 27 "-" "BotListAPI 1.1.1 - Reactify#5687" "46.4.197.65"
162.158.155.132 - - [03/Apr/2021:12:14:02 +0000] "GET / HTTP/2.0" 500 239 "https://fateslist.xyz/" "Mozilla/5.0 (Macintosh; Intel Mac OS X 10_15_6) AppleWebKit/605.1.15 (KHTML, like Gecko) Version/14.1 Safari/605.1.15" "122.172.56.69"
172.68.37.36 - - [03/Apr/2021:12:14:08 +0000] "POST /api/bots/617706329229754379/stats HTTP/1.1" 500 239 "-" "-" "209.126.8.122"
172.69.33.69 - - [03/Apr/2021:12:14:10 +0000] "GET /bot/536991182035746816/invite HTTP/1.1" 502 494 "https://fateslist.xyz/" "Mozilla/5.0 (compatible; Adsbot/3.1; +https://seostar.co/robot/)" "216.18.204.210"
108.162.229.144 - - [03/Apr/2021:12:15:22 +0000] "POST /api/bots/187636089073172481/stats HTTP/1.1" 502 494 "-" "Python/3.9 aiohttp/3.7.4.post0" "78.197.116.88"
108.162.215.176 - - [03/Apr/2021:12:15:23 +0000] "GET /bot/557628352828014614/invite HTTP/1.1" 502 494 "https://fateslist.xyz/" "Mozilla/5.0 (compatible; Adsbot/3.1; +https://seostar.co/robot/)" "216.18.204.210"
172.69.35.13 - - [03/Apr/2021:12:16:44 +0000] "GET /bot/594189989143904264/invite HTTP/1.1" 502 494 "https://fateslist.xyz/" "Mozilla/5.0 (compatible; Adsbot/3.1; +https://seostar.co/robot/)" "216.18.204.210"
172.69.170.122 - - [03/Apr/2021:12:17:27 +0000] "HEAD / HTTP/1.1" 502 0 "https://FatesList.xyz" "Mozilla/5.0+(compatible; UptimeRobot/2.0; http://www.uptimerobot.com/)" "69.162.124.237"
162.158.94.178 - - [03/Apr/2021:12:17:44 +0000] "POST /api/bots/356268235697553409/stats HTTP/1.1" 502 494 "-" "BotListAPI 5.5.2 - .fmbot#8173" "46.4.197.65"
172.69.33.69 - - [03/Apr/2021:12:17:55 +0000] "GET /bot/600781202617663617/invite HTTP/2.0" 307 0 "https://fateslist.xyz/" "Mozilla/5.0 (compatible; Adsbot/3.1; +https://seostar.co/robot/)" "216.18.204.210"
172.69.170.70 - - [03/Apr/2021:12:17:55 +0000] "GET / HTTP/1.1" 200 100753 "https://FatesList.xyz" "Mozilla/5.0+(compatible; UptimeRobot/2.0; http://www.uptimerobot.com/)" "69.162.124.237"
141.101.99.117 - - [03/Apr/2021:12:18:14 +0000] "GET / HTTP/1.1" 200 101291 "https://fateslist.xyz/" "Mozilla/5.0 (Macintosh; Intel Mac OS X 10_15_6) AppleWebKit/605.1.15 (KHTML, like Gecko) Version/14.1 Safari/605.1.15" "122.172.56.69"
162.158.89.187 - - [03/Apr/2021:12:18:15 +0000] "POST /api/bots/764153912190042133/stats HTTP/1.1" 200 27 "-" "node-fetch/1.0 (+https://github.com/bitinn/node-fetch)" "46.4.197.65"
141.101.99.117 - - [03/Apr/2021:12:18:17 +0000] "GET /api/bots/random HTTP/1.1" 200 439 "https://fateslist.xyz/" "Mozilla/5.0 (Macintosh; Intel Mac OS X 10_15_6) AppleWebKit/605.1.15 (KHTML, like Gecko) Version/14.1 Safari/605.1.15" "122.172.56.69"
172.69.34.130 - - [03/Apr/2021:12:18:53 +0000] "GET /bot/636264033657290784/invite HTTP/1.1" 307 5 "https://fateslist.xyz/" "Mozilla/5.0 (compatible; Adsbot/3.1; +https://seostar.co/robot/)" "216.18.204.210"
108.162.215.36 - - [03/Apr/2021:12:19:28 +0000] "GET /bot/663515546557480990/invite HTTP/1.1" 307 5 "https://fateslist.xyz/" "Mozilla/5.0 (compatible; Adsbot/3.1; +https://seostar.co/robot/)" "216.18.204.210"
172.69.35.177 - - [03/Apr/2021:12:19:55 +0000] "GET /bot/666151106958852116/invite HTTP/1.1" 307 5 "https://fateslist.xyz/" "Mozilla/5.0 (compatible; Adsbot/3.1; +https://seostar.co/robot/)" "216.18.204.210"
162.158.89.35 - - [03/Apr/2021:12:19:56 +0000] "POST /api/bots/434556304661544960/stats HTTP/1.1" 401 25 "-" "BotListAPI 1.1.1 - Waifu#2747" "46.4.197.65"
172.69.33.25 - - [03/Apr/2021:12:20:30 +0000] "GET /bot/666691784839004174/invite HTTP/1.1" 307 5 "https://fateslist.xyz/" "Mozilla/5.0 (compatible; Adsbot/3.1; +https://seostar.co/robot/)" "216.18.204.210"
141.101.99.63 - - [03/Apr/2021:12:21:01 +0000] "GET /bot/813142601565601793 HTTP/1.1" 200 28104 "https://fateslist.xyz/" "Mozilla/5.0 (Macintosh; Intel Mac OS X 10_15_6) AppleWebKit/605.1.15 (KHTML, like Gecko) Version/14.1 Safari/605.1.15" "122.172.56.69"
141.101.99.63 - - [03/Apr/2021:12:21:06 +0000] "GET /bot/813142601565601793 HTTP/1.1" 200 28104 "https://fateslist.xyz/" "Mozilla/5.0 (Macintosh; Intel Mac OS X 10_15_6) AppleWebKit/605.1.15 (KHTML, like Gecko) Version/14.1 Safari/605.1.15" "122.172.56.69"
141.101.99.63 - - [03/Apr/2021:12:21:09 +0000] "POST /bot/813142601565601793/vote HTTP/1.1" 200 9840 "https://fateslist.xyz/bot/813142601565601793" "Mozilla/5.0 (Macintosh; Intel Mac OS X 10_15_6) AppleWebKit/605.1.15 (KHTML, like Gecko) Version/14.1 Safari/605.1.15" "122.172.56.69"
141.101.99.63 - - [03/Apr/2021:12:21:14 +0000] "GET /bot/813142601565601793/edit HTTP/1.1" 200 27066 "https://fateslist.xyz/bot/813142601565601793" "Mozilla/5.0 (Macintosh; Intel Mac OS X 10_15_6) AppleWebKit/605.1.15 (KHTML, like Gecko) Version/14.1 Safari/605.1.15" "122.172.56.69"
141.101.99.63 - - [03/Apr/2021:12:21:15 +0000] "POST /api/preview HTTP/1.1" 200 1314 "https://fateslist.xyz/bot/813142601565601793/edit" "Mozilla/5.0 (Macintosh; Intel Mac OS X 10_15_6) AppleWebKit/605.1.15 (KHTML, like Gecko) Version/14.1 Safari/605.1.15" "122.172.56.69"
172.69.34.130 - - [03/Apr/2021:12:21:17 +0000] "GET /bot/709585762319990814/invite HTTP/1.1" 307 5 "https://fateslist.xyz/" "Mozilla/5.0 (compatible; Adsbot/3.1; +https://seostar.co/robot/)" "216.18.204.210"
141.101.99.63 - - [03/Apr/2021:12:21:25 +0000] "GET / HTTP/1.1" 200 101230 "https://fateslist.xyz/bot/813142601565601793/edit" "Mozilla/5.0 (Macintosh; Intel Mac OS X 10_15_6) AppleWebKit/605.1.15 (KHTML, like Gecko) Version/14.1 Safari/605.1.15" "122.172.56.69"
141.101.99.63 - - [03/Apr/2021:12:21:27 +0000] "GET /admin/console HTTP/1.1" 200 26050 "https://fateslist.xyz/" "Mozilla/5.0 (Macintosh; Intel Mac OS X 10_15_6) AppleWebKit/605.1.15 (KHTML, like Gecko) Version/14.1 Safari/605.1.15" "122.172.56.69"
141.101.99.63 - - [03/Apr/2021:12:21:38 +0000] "GET /bot/741541138418368606 HTTP/1.1" 200 25546 "https://fateslist.xyz/admin/console" "Mozilla/5.0 (Macintosh; Intel Mac OS X 10_15_6) AppleWebKit/605.1.15 (KHTML, like Gecko) Version/14.1 Safari/605.1.15" "122.172.56.69"
141.101.99.63 - - [03/Apr/2021:12:21:47 +0000] "GET /bot/741541138418368606/edit HTTP/1.1" 200 25239 "https://fateslist.xyz/bot/741541138418368606" "Mozilla/5.0 (Macintosh; Intel Mac OS X 10_15_6) AppleWebKit/605.1.15 (KHTML, like Gecko) Version/14.1 Safari/605.1.15" "122.172.56.69"
141.101.99.63 - - [03/Apr/2021:12:21:47 +0000] "POST /api/preview HTTP/1.1" 200 17 "https://fateslist.xyz/bot/741541138418368606/edit" "Mozilla/5.0 (Macintosh; Intel Mac OS X 10_15_6) AppleWebKit/605.1.15 (KHTML, like Gecko) Version/14.1 Safari/605.1.15" "122.172.56.69"
141.101.99.63 - - [03/Apr/2021:12:21:49 +0000] "PATCH /api/bots/741541138418368606/token HTTP/1.1" 200 27 "https://fateslist.xyz/bot/741541138418368606/edit" "Mozilla/5.0 (Macintosh; Intel Mac OS X 10_15_6) AppleWebKit/605.1.15 (KHTML, like Gecko) Version/14.1 Safari/605.1.15" "122.172.56.69"
141.101.99.63 - - [03/Apr/2021:12:21:50 +0000] "GET /bot/741541138418368606/edit HTTP/1.1" 200 25239 "https://fateslist.xyz/bot/741541138418368606/edit" "Mozilla/5.0 (Macintosh; Intel Mac OS X 10_15_6) AppleWebKit/605.1.15 (KHTML, like Gecko) Version/14.1 Safari/605.1.15" "122.172.56.69"
141.101.99.63 - - [03/Apr/2021:12:21:51 +0000] "POST /api/preview HTTP/1.1" 200 17 "https://fateslist.xyz/bot/741541138418368606/edit" "Mozilla/5.0 (Macintosh; Intel Mac OS X 10_15_6) AppleWebKit/605.1.15 (KHTML, like Gecko) Version/14.1 Safari/605.1.15" "122.172.56.69"
172.69.33.25 - - [03/Apr/2021:12:21:59 +0000] "GET /bot/715178668393103420/invite HTTP/1.1" 307 5 "https://fateslist.xyz/" "Mozilla/5.0 (compatible; Adsbot/3.1; +https://seostar.co/robot/)" "216.18.204.210"
172.69.33.25 - - [03/Apr/2021:12:22:45 +0000] "GET /bot/715906723982082139/invite HTTP/1.1" 307 5 "https://fateslist.xyz/" "Mozilla/5.0 (compatible; Adsbot/3.1; +https://seostar.co/robot/)" "216.18.204.210"
172.69.170.132 - - [03/Apr/2021:12:22:49 +0000] "HEAD / HTTP/1.1" 200 0 "https://FatesList.xyz" "Mozilla/5.0+(compatible; UptimeRobot/2.0; http://www.uptimerobot.com/)" "69.162.124.237"
172.69.35.13 - - [03/Apr/2021:12:23:33 +0000] "GET /bot/716944009930473494/invite HTTP/1.1" 307 5 "https://fateslist.xyz/" "Mozilla/5.0 (compatible; Adsbot/3.1; +https://seostar.co/robot/)" "216.18.204.210"
172.68.37.40 - - [03/Apr/2021:12:23:44 +0000] "POST /api/bots/663515546557480990/stats HTTP/1.1" 200 27 "-" "-" "209.126.8.122"
162.158.94.178 - - [03/Apr/2021:12:23:46 +0000] "POST /api/bots/785358819021815828/stats HTTP/1.1" 200 27 "-" "BotListAPI 1.1.1 - Reactify#5687" "46.4.197.65"
162.158.94.166 - - [03/Apr/2021:12:24:07 +0000] "POST /api/bots/709585762319990814/stats HTTP/1.1" 200 27 "-" "node-fetch/1.0 (+https://github.com/bitinn/node-fetch)" "46.4.197.65"
172.68.37.36 - - [03/Apr/2021:12:24:08 +0000] "POST /api/bots/617706329229754379/stats HTTP/1.1" 200 27 "-" "-" "209.126.8.122"
172.69.33.79 - - [03/Apr/2021:12:24:22 +0000] "GET /bot/717688673780367362/invite HTTP/1.1" 307 5 "https://fateslist.xyz/" "Mozilla/5.0 (compatible; Adsbot/3.1; +https://seostar.co/robot/)" "216.18.204.210"
108.162.215.36 - - [03/Apr/2021:12:25:07 +0000] "GET /bot/719524114536333342/invite HTTP/1.1" 307 5 "https://fateslist.xyz/" "Mozilla/5.0 (compatible; Adsbot/3.1; +https://seostar.co/robot/)" "216.18.204.210"
172.69.34.114 - - [03/Apr/2021:12:26:11 +0000] "GET /bot/735403725132136510/invite HTTP/1.1" 307 5 "https://fateslist.xyz/" "Mozilla/5.0 (compatible; Adsbot/3.1; +https://seostar.co/robot/)" "216.18.204.210"
162.158.94.116 - - [03/Apr/2021:12:26:28 +0000] "POST /api/bots/666151106958852116/stats HTTP/1.1" 200 27 "-" "axios/0.21.1" "91.245.227.236"
108.162.215.50 - - [03/Apr/2021:12:26:46 +0000] "GET /bot/751100444188737617/invite HTTP/1.1" 307 5 "https://fateslist.xyz/" "Mozilla/5.0 (compatible; Adsbot/3.1; +https://seostar.co/robot/)" "216.18.204.210"
172.69.35.71 - - [03/Apr/2021:12:27:27 +0000] "GET /bot/760515811000582165/invite HTTP/1.1" 307 5 "https://fateslist.xyz/" "Mozilla/5.0 (compatible; Adsbot/3.1; +https://seostar.co/robot/)" "216.18.204.210"
162.158.94.116 - - [03/Apr/2021:12:27:44 +0000] "POST /api/bots/356268235697553409/stats HTTP/1.1" 401 25 "-" "BotListAPI 5.5.2 - .fmbot#8173" "46.4.197.65"
172.69.170.118 - - [03/Apr/2021:12:27:48 +0000] "HEAD / HTTP/1.1" 200 0 "https://FatesList.xyz" "Mozilla/5.0+(compatible; UptimeRobot/2.0; http://www.uptimerobot.com/)" "69.162.124.237"
108.162.215.176 - - [03/Apr/2021:12:28:11 +0000] "GET /bot/777145336535580693/invite HTTP/1.1" 307 5 "https://fateslist.xyz/" "Mozilla/5.0 (compatible; Adsbot/3.1; +https://seostar.co/robot/)" "216.18.204.210"
172.69.35.177 - - [03/Apr/2021:12:28:47 +0000] "GET /bot/778582556311945227/invite HTTP/1.1" 307 5 "https://fateslist.xyz/" "Mozilla/5.0 (compatible; Adsbot/3.1; +https://seostar.co/robot/)" "216.18.204.210"
172.69.33.25 - - [03/Apr/2021:12:29:31 +0000] "GET /bot/779741162465525790/invite HTTP/2.0" 307 0 "https://fateslist.xyz/" "Mozilla/5.0 (compatible; Adsbot/3.1; +https://seostar.co/robot/)" "216.18.204.210"
162.158.91.83 - - [03/Apr/2021:12:29:56 +0000] "POST /api/bots/434556304661544960/stats HTTP/1.1" 401 25 "-" "BotListAPI 1.1.1 - Waifu#2747" "46.4.197.65"
162.158.89.35 - - [03/Apr/2021:12:30:09 +0000] "POST /api/bots/760515811000582165/stats HTTP/1.1" 200 27 "-" "node-fetch/1.0 (+https://github.com/bitinn/node-fetch)" "46.4.197.65"
172.69.35.33 - - [03/Apr/2021:12:30:26 +0000] "GET /bot/780934232734302258/invite HTTP/1.1" 307 5 "https://fateslist.xyz/" "Mozilla/5.0 (compatible; Adsbot/3.1; +https://seostar.co/robot/)" "216.18.204.210"
172.69.34.158 - - [03/Apr/2021:12:30:59 +0000] "GET /bot/784871149695533076/invite HTTP/2.0" 307 0 "https://fateslist.xyz/" "Mozilla/5.0 (compatible; Adsbot/3.1; +https://seostar.co/robot/)" "216.18.204.210"
162.158.183.133 - - [03/Apr/2021:12:31:06 +0000] "POST /api/bots/666151106958852116/stats HTTP/1.1" 200 27 "-" "axios/0.21.1" "91.245.227.236"
162.158.88.40 - - [03/Apr/2021:12:31:10 +0000] "POST /api/bots/429656936435286016/stats HTTP/1.1" 200 27 "-" "RinBot" "46.4.197.65"
172.69.35.33 - - [03/Apr/2021:12:31:24 +0000] "GET /bot/788277009893031997/invite HTTP/1.1" 307 5 "https://fateslist.xyz/" "Mozilla/5.0 (compatible; Adsbot/3.1; +https://seostar.co/robot/)" "216.18.204.210"
172.69.35.13 - - [03/Apr/2021:12:32:08 +0000] "GET /bot/799579540963065896/invite HTTP/1.1" 307 5 "https://fateslist.xyz/" "Mozilla/5.0 (compatible; Adsbot/3.1; +https://seostar.co/robot/)" "216.18.204.210"
172.69.170.118 - - [03/Apr/2021:12:32:48 +0000] "HEAD / HTTP/1.1" 200 0 "https://FatesList.xyz" "Mozilla/5.0+(compatible; UptimeRobot/2.0; http://www.uptimerobot.com/)" "69.162.124.237"
172.69.34.180 - - [03/Apr/2021:12:32:50 +0000] "GET /bot/804398559046795264/invite HTTP/1.1" 307 5 "https://fateslist.xyz/" "Mozilla/5.0 (compatible; Adsbot/3.1; +https://seostar.co/robot/)" "216.18.204.210"
172.68.37.36 - - [03/Apr/2021:12:33:44 +0000] "POST /api/bots/663515546557480990/stats HTTP/2.0" 200 27 "-" "-" "209.126.8.122"
162.158.93.69 - - [03/Apr/2021:12:33:46 +0000] "POST /api/bots/785358819021815828/stats HTTP/1.1" 200 27 "-" "BotListAPI 1.1.1 - Reactify#5687" "46.4.197.65"
172.69.33.79 - - [03/Apr/2021:12:33:51 +0000] "GET /bot/810568485905236018/invite HTTP/1.1" 307 5 "https://fateslist.xyz/" "Mozilla/5.0 (compatible; Adsbot/3.1; +https://seostar.co/robot/)" "216.18.204.210"
172.68.37.40 - - [03/Apr/2021:12:34:08 +0000] "POST /api/bots/617706329229754379/stats HTTP/1.1" 200 27 "-" "-" "209.126.8.122"
108.162.215.58 - - [03/Apr/2021:12:34:13 +0000] "GET /bot/815584152124129301/invite HTTP/1.1" 307 5 "https://fateslist.xyz/" "Mozilla/5.0 (compatible; Adsbot/3.1; +https://seostar.co/robot/)" "216.18.204.210"
162.158.88.10 - - [03/Apr/2021:12:34:24 +0000] "POST /api/bots/713142514986778715/stats HTTP/1.1" 200 27 "-" "Python/3.8 aiohttp/3.7.3" "46.4.197.65"
172.69.33.79 - - [03/Apr/2021:12:34:37 +0000] "GET /auth/login?redirect=%2Fserver%2Fadmin%2Fadd&pretty=to%20add%20a%20server HTTP/1.1" 200 11993 "https://fateslist.xyz/" "Mozilla/5.0 (compatible; Adsbot/3.1; +https://seostar.co/robot/)" "216.18.204.210"
162.158.63.80 - - [03/Apr/2021:12:34:37 +0000] "POST /api/bots/536991182035746816/stats HTTP/1.1" 200 27 "-" "node-fetch/1.0 (+https://github.com/bitinn/node-fetch)" "144.172.120.123"
108.162.215.58 - - [03/Apr/2021:12:34:59 +0000] "GET /bot/728107219039551538/invite HTTP/1.1" 307 5 "https://fateslist.xyz/" "Mozilla/5.0 (compatible; Adsbot/3.1; +https://seostar.co/robot/)" "216.18.204.210"
172.69.35.71 - - [03/Apr/2021:12:35:18 +0000] "GET /bot/739592876245385348/invite HTTP/1.1" 307 5 "https://fateslist.xyz/" "Mozilla/5.0 (compatible; Adsbot/3.1; +https://seostar.co/robot/)" "216.18.204.210"
108.162.215.176 - - [03/Apr/2021:12:35:40 +0000] "GET /bot/785358819021815828/invite HTTP/2.0" 307 0 "https://fateslist.xyz/" "Mozilla/5.0 (compatible; Adsbot/3.1; +https://seostar.co/robot/)" "216.18.204.210"
172.69.34.114 - - [03/Apr/2021:12:36:10 +0000] "GET /bot/814643768938070037/invite HTTP/1.1" 307 5 "https://fateslist.xyz/" "Mozilla/5.0 (compatible; Adsbot/3.1; +https://seostar.co/robot/)" "216.18.204.210"
162.158.159.36 - - [03/Apr/2021:12:37:34 +0000] "GET / HTTP/1.1" 200 101230 "-" "Mozilla/5.0 (Macintosh; Intel Mac OS X 10_15_6) AppleWebKit/605.1.15 (KHTML, like Gecko) Version/14.1 Safari/605.1.15" "122.172.56.69"
162.158.89.35 - - [03/Apr/2021:12:37:44 +0000] "POST /api/bots/356268235697553409/stats HTTP/1.1" 401 25 "-" "BotListAPI 5.5.2 - .fmbot#8173" "46.4.197.65"
172.69.170.70 - - [03/Apr/2021:12:37:49 +0000] "HEAD / HTTP/1.1" 200 0 "https://FatesList.xyz" "Mozilla/5.0+(compatible; UptimeRobot/2.0; http://www.uptimerobot.com/)" "69.162.124.237"
162.158.88.10 - - [03/Apr/2021:12:39:56 +0000] "POST /api/bots/434556304661544960/stats HTTP/1.1" 401 25 "-" "BotListAPI 1.1.1 - Waifu#2747" "46.4.197.65"
172.69.33.79 - - [03/Apr/2021:12:41:04 +0000] "HEAD / HTTP/1.1" 200 0 "https://t.co/2GfjSkwXDP" "-" "35.199.177.105"
172.69.170.132 - - [03/Apr/2021:12:42:48 +0000] "HEAD / HTTP/1.1" 200 0 "https://FatesList.xyz" "Mozilla/5.0+(compatible; UptimeRobot/2.0; http://www.uptimerobot.com/)" "69.162.124.237"
172.68.37.40 - - [03/Apr/2021:12:43:44 +0000] "POST /api/bots/663515546557480990/stats HTTP/1.1" 200 27 "-" "-" "209.126.8.122"
162.158.89.35 - - [03/Apr/2021:12:43:46 +0000] "POST /api/bots/785358819021815828/stats HTTP/1.1" 200 27 "-" "BotListAPI 1.1.1 - Reactify#5687" "46.4.197.65"
172.68.37.36 - - [03/Apr/2021:12:44:08 +0000] "POST /api/bots/617706329229754379/stats HTTP/1.1" 200 27 "-" "-" "209.126.8.122"
162.158.88.40 - - [03/Apr/2021:12:44:15 +0000] "HEAD / HTTP/1.1" 200 0 "-" "Mozilla/5.0 (Windows NT 10.0; Win64; x64) AppleWebKit/537.36 (KHTML, like Gecko) Chrome/88.0.4324.146 Safari/537.36" "2001:4ca0:108:42::5"
162.158.88.134 - - [03/Apr/2021:12:47:44 +0000] "POST /api/bots/356268235697553409/stats HTTP/1.1" 401 25 "-" "BotListAPI 5.5.2 - .fmbot#8173" "46.4.197.65"
172.69.170.70 - - [03/Apr/2021:12:47:47 +0000] "HEAD / HTTP/1.1" 200 0 "https://FatesList.xyz" "Mozilla/5.0+(compatible; UptimeRobot/2.0; http://www.uptimerobot.com/)" "69.162.124.237"
162.158.93.93 - - [03/Apr/2021:12:48:15 +0000] "POST /api/bots/764153912190042133/stats HTTP/1.1" 200 27 "-" "node-fetch/1.0 (+https://github.com/bitinn/node-fetch)" "46.4.197.65"
162.158.93.93 - - [03/Apr/2021:12:49:56 +0000] "POST /api/bots/434556304661544960/stats HTTP/1.1" 401 25 "-" "BotListAPI 1.1.1 - Waifu#2747" "46.4.197.65"
141.101.69.57 - - [03/Apr/2021:12:50:40 +0000] "POST /api/bots/187636089073172481/stats HTTP/1.1" 200 27 "-" "Python/3.9 aiohttp/3.7.4.post0" "78.197.116.88"
172.69.170.122 - - [03/Apr/2021:12:52:48 +0000] "HEAD / HTTP/1.1" 200 0 "https://FatesList.xyz" "Mozilla/5.0+(compatible; UptimeRobot/2.0; http://www.uptimerobot.com/)" "69.162.124.237"
172.68.37.48 - - [03/Apr/2021:12:53:44 +0000] "POST /api/bots/663515546557480990/stats HTTP/1.1" 200 27 "-" "-" "209.126.8.122"
162.158.89.187 - - [03/Apr/2021:12:53:46 +0000] "POST /api/bots/785358819021815828/stats HTTP/1.1" 200 27 "-" "BotListAPI 1.1.1 - Reactify#5687" "46.4.197.65"
162.158.88.10 - - [03/Apr/2021:12:54:05 +0000] "POST /api/bots/709585762319990814/stats HTTP/1.1" 200 27 "-" "node-fetch/1.0 (+https://github.com/bitinn/node-fetch)" "46.4.197.65"
172.69.34.180 - - [03/Apr/2021:12:54:06 +0000] "GET /bot/765175524594548737/invite HTTP/1.1" 307 5 "https://fateslist.xyz/" "Mozilla/5.0 (compatible; Adsbot/3.1; +https://seostar.co/robot/)" "216.18.204.210"
172.68.37.48 - - [03/Apr/2021:12:54:08 +0000] "POST /api/bots/617706329229754379/stats HTTP/1.1" 200 27 "-" "-" "209.126.8.122"
172.69.34.114 - - [03/Apr/2021:12:54:15 +0000] "GET /bot/809910133953003541 HTTP/1.1" 200 24755 "https://fateslist.xyz/" "Mozilla/5.0 (compatible; Adsbot/3.1; +https://seostar.co/robot/)" "216.18.204.210"
108.162.215.36 - - [03/Apr/2021:12:54:23 +0000] "GET /bot/475421235950518292/invite HTTP/1.1" 307 5 "https://fateslist.xyz/" "Mozilla/5.0 (compatible; Adsbot/3.1; +https://seostar.co/robot/)" "216.18.204.210"
172.69.35.177 - - [03/Apr/2021:12:54:31 +0000] "GET /bot/578977926964576257/invite HTTP/1.1" 307 5 "https://fateslist.xyz/" "Mozilla/5.0 (compatible; Adsbot/3.1; +https://seostar.co/robot/)" "216.18.204.210"
172.69.34.114 - - [03/Apr/2021:12:54:57 +0000] "GET /bot/668542916414668832/invite HTTP/1.1" 307 5 "https://fateslist.xyz/" "Mozilla/5.0 (compatible; Adsbot/3.1; +https://seostar.co/robot/)" "216.18.204.210"
162.158.91.83 - - [03/Apr/2021:12:54:59 +0000] "HEAD / HTTP/1.1" 200 0 "-" "Mozilla/5.0 (Windows NT 10.0; Win64; x64) AppleWebKit/537.36 (KHTML, like Gecko) Chrome/88.0.4324.146 Safari/537.36" "2001:4ca0:108:42::5"
108.162.210.110 - - [03/Apr/2021:12:55:20 +0000] "GET / HTTP/1.1" 200 100692 "-" "Mozilla/5.0 (compatible; Googlebot/2.1; +http://www.google.com/bot.html)" "66.249.64.253"
172.69.34.158 - - [03/Apr/2021:12:55:49 +0000] "GET /bot/736260472663179375/invite HTTP/1.1" 307 5 "https://fateslist.xyz/" "Mozilla/5.0 (compatible; Adsbot/3.1; +https://seostar.co/robot/)" "216.18.204.210"
172.69.35.177 - - [03/Apr/2021:12:56:36 +0000] "GET /bot/784411979539939358/invite HTTP/1.1" 307 5 "https://fateslist.xyz/" "Mozilla/5.0 (compatible; Adsbot/3.1; +https://seostar.co/robot/)" "216.18.204.210"
108.162.215.88 - - [03/Apr/2021:12:57:05 +0000] "GET /bot/793970956610699315/invite HTTP/1.1" 307 5 "https://fateslist.xyz/" "Mozilla/5.0 (compatible; Adsbot/3.1; +https://seostar.co/robot/)" "216.18.204.210"
162.158.88.10 - - [03/Apr/2021:12:57:44 +0000] "POST /api/bots/356268235697553409/stats HTTP/1.1" 401 25 "-" "BotListAPI 5.5.2 - .fmbot#8173" "46.4.197.65"
172.69.170.118 - - [03/Apr/2021:12:57:47 +0000] "HEAD / HTTP/1.1" 200 0 "https://FatesList.xyz" "Mozilla/5.0+(compatible; UptimeRobot/2.0; http://www.uptimerobot.com/)" "69.162.124.237"
108.162.215.58 - - [03/Apr/2021:12:57:58 +0000] "GET /bot/808336313681575986/invite HTTP/1.1" 404 9319 "https://fateslist.xyz/" "Mozilla/5.0 (compatible; Adsbot/3.1; +https://seostar.co/robot/)" "216.18.204.210"
172.69.34.180 - - [03/Apr/2021:12:58:20 +0000] "GET /bot/809910133953003541/invite HTTP/1.1" 307 5 "https://fateslist.xyz/" "Mozilla/5.0 (compatible; Adsbot/3.1; +https://seostar.co/robot/)" "216.18.204.210"
108.162.229.144 - - [03/Apr/2021:12:58:35 +0000] "GET / HTTP/1.1" 200 100692 "-" "Mozilla/5.0 (Windows NT 10.0; Win64; x64) AppleWebKit/537.36 (KHTML, like Gecko) Chrome/89.0.4389.114 Safari/537.36" "156.194.79.71"
141.101.69.221 - - [03/Apr/2021:12:58:36 +0000] "GET /favicon.ico HTTP/1.1" 404 9320 "https://fateslist.xyz/" "Mozilla/5.0 (Windows NT 10.0; Win64; x64) AppleWebKit/537.36 (KHTML, like Gecko) Chrome/89.0.4389.114 Safari/537.36" "156.194.79.71"
108.162.229.144 - - [03/Apr/2021:12:58:37 +0000] "GET /api/bots/random HTTP/1.1" 200 391 "https://fateslist.xyz/" "Mozilla/5.0 (Windows NT 10.0; Win64; x64) AppleWebKit/537.36 (KHTML, like Gecko) Chrome/89.0.4389.114 Safari/537.36" "156.194.79.71"
108.162.215.88 - - [03/Apr/2021:12:58:57 +0000] "GET /bot/810499533653016608/invite HTTP/1.1" 307 5 "https://fateslist.xyz/" "Mozilla/5.0 (compatible; Adsbot/3.1; +https://seostar.co/robot/)" "216.18.204.210"
172.69.35.71 - - [03/Apr/2021:12:59:30 +0000] "GET /bot/812564945580982272/invite HTTP/1.1" 307 5 "https://fateslist.xyz/" "Mozilla/5.0 (compatible; Adsbot/3.1; +https://seostar.co/robot/)" "216.18.204.210"
108.162.212.143 - - [03/Apr/2021:12:59:48 +0000] "GET /bot/725582436477698118 HTTP/1.1" 200 26553 "-" "Mozilla/5.0 (Linux; Android 6.0.1; Nexus 5X Build/MMB29P) AppleWebKit/537.36 (KHTML, like Gecko) Chrome/89.0.4389.102 Mobile Safari/537.36 (compatible; Googlebot/2.1; +http://www.google.com/bot.html)" "66.249.64.251"
162.158.88.40 - - [03/Apr/2021:12:59:56 +0000] "POST /api/bots/434556304661544960/stats HTTP/1.1" 401 25 "-" "BotListAPI 1.1.1 - Waifu#2747" "46.4.197.65"
172.69.34.158 - - [03/Apr/2021:13:00:10 +0000] "GET /bot/821493717063041094/invite HTTP/1.1" 307 5 "https://fateslist.xyz/" "Mozilla/5.0 (compatible; Adsbot/3.1; +https://seostar.co/robot/)" "216.18.204.210"
162.158.91.83 - - [03/Apr/2021:13:00:10 +0000] "POST /api/bots/727039427775299605/stats HTTP/2.0" 200 27 "-" "node-fetch/1.0 (+https://github.com/bitinn/node-fetch)" "46.4.197.65"
108.162.215.176 - - [03/Apr/2021:13:00:52 +0000] "GET /bot/821512368630399046/invite HTTP/1.1" 307 5 "https://fateslist.xyz/" "Mozilla/5.0 (compatible; Adsbot/3.1; +https://seostar.co/robot/)" "216.18.204.210"
172.69.34.114 - - [03/Apr/2021:13:01:27 +0000] "GET /bot/821513607916814376/invite HTTP/1.1" 307 5 "https://fateslist.xyz/" "Mozilla/5.0 (compatible; Adsbot/3.1; +https://seostar.co/robot/)" "216.18.204.210"
108.162.215.58 - - [03/Apr/2021:13:02:17 +0000] "GET /bot/783708073390112830 HTTP/1.1" 200 28213 "https://fateslist.xyz/" "Mozilla/5.0 (compatible; Adsbot/3.1; +https://seostar.co/robot/)" "216.18.204.210"
172.69.170.132 - - [03/Apr/2021:13:02:48 +0000] "HEAD / HTTP/2.0" 200 0 "https://FatesList.xyz" "Mozilla/5.0+(compatible; UptimeRobot/2.0; http://www.uptimerobot.com/)" "69.162.124.237"
172.69.34.158 - - [03/Apr/2021:13:03:04 +0000] "GET /bot/811336067210412082 HTTP/1.1" 200 23191 "https://fateslist.xyz/" "Mozilla/5.0 (compatible; Adsbot/3.1; +https://seostar.co/robot/)" "216.18.204.210"
172.68.37.48 - - [03/Apr/2021:13:03:44 +0000] "POST /api/bots/663515546557480990/stats HTTP/1.1" 200 27 "-" "-" "209.126.8.122"
162.158.88.100 - - [03/Apr/2021:13:03:46 +0000] "POST /api/bots/785358819021815828/stats HTTP/1.1" 200 27 "-" "BotListAPI 1.1.1 - Reactify#5687" "46.4.197.65"
108.162.215.88 - - [03/Apr/2021:13:03:49 +0000] "GET /bot/824397679572156497 HTTP/1.1" 200 24676 "https://fateslist.xyz/" "Mozilla/5.0 (compatible; Adsbot/3.1; +https://seostar.co/robot/)" "216.18.204.210"
172.68.37.46 - - [03/Apr/2021:13:04:08 +0000] "POST /api/bots/617706329229754379/stats HTTP/1.1" 200 27 "-" "-" "209.126.8.122"
172.69.33.25 - - [03/Apr/2021:13:04:09 +0000] "GET /bot/824693168002957314 HTTP/1.1" 200 22793 "https://fateslist.xyz/" "Mozilla/5.0 (compatible; Adsbot/3.1; +https://seostar.co/robot/)" "216.18.204.210"
172.69.33.69 - - [03/Apr/2021:13:04:31 +0000] "GET /bot/825259297982251019 HTTP/1.1" 200 24600 "https://fateslist.xyz/" "Mozilla/5.0 (compatible; Adsbot/3.1; +https://seostar.co/robot/)" "216.18.204.210"
162.158.88.234 - - [03/Apr/2021:13:04:32 +0000] "POST /api/bots/713142514986778715/stats HTTP/1.1" 200 27 "-" "Python/3.8 aiohttp/3.7.3" "46.4.197.65"
172.69.33.69 - - [03/Apr/2021:13:04:48 +0000] "GET /bot/783708073390112830/invite HTTP/1.1" 307 5 "https://fateslist.xyz/" "Mozilla/5.0 (compatible; Adsbot/3.1; +https://seostar.co/robot/)" "216.18.204.210"
108.162.215.176 - - [03/Apr/2021:13:05:09 +0000] "GET /bot/811336067210412082/invite HTTP/1.1" 307 5 "https://fateslist.xyz/" "Mozilla/5.0 (compatible; Adsbot/3.1; +https://seostar.co/robot/)" "216.18.204.210"
172.69.34.114 - - [03/Apr/2021:13:05:30 +0000] "GET /bot/824397679572156497/invite HTTP/2.0" 307 0 "https://fateslist.xyz/" "Mozilla/5.0 (compatible; Adsbot/3.1; +https://seostar.co/robot/)" "216.18.204.210"
172.69.33.25 - - [03/Apr/2021:13:05:58 +0000] "GET /bot/824693168002957314/invite HTTP/1.1" 307 5 "https://fateslist.xyz/" "Mozilla/5.0 (compatible; Adsbot/3.1; +https://seostar.co/robot/)" "216.18.204.210"
108.162.215.88 - - [03/Apr/2021:13:06:06 +0000] "GET /bot/825259297982251019/invite HTTP/1.1" 307 5 "https://fateslist.xyz/" "Mozilla/5.0 (compatible; Adsbot/3.1; +https://seostar.co/robot/)" "216.18.204.210"
162.158.93.69 - - [03/Apr/2021:13:07:44 +0000] "POST /api/bots/356268235697553409/stats HTTP/1.1" 401 25 "-" "BotListAPI 5.5.2 - .fmbot#8173" "46.4.197.65"
172.69.170.118 - - [03/Apr/2021:13:07:48 +0000] "HEAD / HTTP/1.1" 200 0 "https://FatesList.xyz" "Mozilla/5.0+(compatible; UptimeRobot/2.0; http://www.uptimerobot.com/)" "69.162.124.237"
108.162.210.110 - - [03/Apr/2021:13:08:47 +0000] "GET / HTTP/1.1" 200 100692 "-" "Mozilla/5.0 (compatible; Googlebot/2.1; +http://www.google.com/bot.html)" "66.249.64.226"
108.162.210.110 - - [03/Apr/2021:13:08:48 +0000] "GET / HTTP/1.1" 200 100692 "-" "Mozilla/5.0 (compatible; Googlebot/2.1; +http://www.google.com/bot.html)" "66.249.64.226"
141.101.99.63 - - [03/Apr/2021:13:09:56 +0000] "POST /api/bots/434556304661544960/stats HTTP/1.1" 401 25 "-" "BotListAPI 1.1.1 - Waifu#2747" "46.4.197.65"
162.158.88.234 - - [03/Apr/2021:13:11:03 +0000] "HEAD / HTTP/1.1" 200 0 "-" "Mozilla/5.0 (Windows NT 10.0; Win64; x64) AppleWebKit/537.36 (KHTML, like Gecko) Chrome/88.0.4324.146 Safari/537.36" "138.246.253.5"
162.158.203.29 - - [03/Apr/2021:13:12:22 +0000] "HEAD / HTTP/1.1" 200 0 "-" "Mozilla/5.0 (Windows NT 10.0; Win64; x64) AppleWebKit/537.36 (KHTML, like Gecko) Chrome/88.0.4324.146 Safari/537.36" "138.246.253.5"
172.69.170.70 - - [03/Apr/2021:13:12:48 +0000] "HEAD / HTTP/1.1" 200 0 "https://FatesList.xyz" "Mozilla/5.0+(compatible; UptimeRobot/2.0; http://www.uptimerobot.com/)" "69.162.124.237"
172.68.37.36 - - [03/Apr/2021:13:13:44 +0000] "POST /api/bots/663515546557480990/stats HTTP/1.1" 200 27 "-" "-" "209.126.8.122"
141.101.99.117 - - [03/Apr/2021:13:13:45 +0000] "POST /api/bots/785358819021815828/stats HTTP/1.1" 200 27 "-" "BotListAPI 1.1.1 - Reactify#5687" "46.4.197.65"
172.68.37.40 - - [03/Apr/2021:13:14:08 +0000] "POST /api/bots/617706329229754379/stats HTTP/1.1" 200 27 "-" "-" "209.126.8.122"
162.158.88.40 - - [03/Apr/2021:13:17:44 +0000] "POST /api/bots/356268235697553409/stats HTTP/1.1" 401 25 "-" "BotListAPI 5.5.2 - .fmbot#8173" "46.4.197.65"
172.69.170.118 - - [03/Apr/2021:13:17:48 +0000] "HEAD / HTTP/1.1" 200 0 "https://FatesList.xyz" "Mozilla/5.0+(compatible; UptimeRobot/2.0; http://www.uptimerobot.com/)" "69.162.124.237"
162.158.89.35 - - [03/Apr/2021:13:18:15 +0000] "POST /api/bots/764153912190042133/stats HTTP/1.1" 200 27 "-" "node-fetch/1.0 (+https://github.com/bitinn/node-fetch)" "46.4.197.65"
162.158.89.35 - - [03/Apr/2021:13:19:56 +0000] "POST /api/bots/434556304661544960/stats HTTP/1.1" 401 25 "-" "BotListAPI 1.1.1 - Waifu#2747" "46.4.197.65"
108.162.210.110 - - [03/Apr/2021:13:20:17 +0000] "GET / HTTP/1.1" 200 100692 "-" "Mozilla/5.0 (Linux; Android 6.0.1; Nexus 5X Build/MMB29P) AppleWebKit/537.36 (KHTML, like Gecko) Chrome/89.0.4389.102 Mobile Safari/537.36 (compatible; Googlebot/2.1; +http://www.google.com/bot.html)" "66.249.64.228"
141.101.76.84 - - [03/Apr/2021:13:22:23 +0000] "GET /robots.txt HTTP/1.1" 304 0 "-" "Mozilla/5.0 (compatible; AhrefsBot/7.0; +http://ahrefs.com/robot/)" "54.36.148.170"
141.101.77.44 - - [03/Apr/2021:13:22:25 +0000] "GET / HTTP/1.1" 200 100692 "-" "Mozilla/5.0 (compatible; AhrefsBot/7.0; +http://ahrefs.com/robot/)" "54.36.148.186"
172.69.170.132 - - [03/Apr/2021:13:22:48 +0000] "HEAD / HTTP/1.1" 200 0 "https://FatesList.xyz" "Mozilla/5.0+(compatible; UptimeRobot/2.0; http://www.uptimerobot.com/)" "69.162.124.237"
172.68.37.48 - - [03/Apr/2021:13:23:44 +0000] "POST /api/bots/663515546557480990/stats HTTP/1.1" 200 27 "-" "-" "209.126.8.122"
162.158.91.83 - - [03/Apr/2021:13:23:46 +0000] "POST /api/bots/785358819021815828/stats HTTP/1.1" 200 27 "-" "BotListAPI 1.1.1 - Reactify#5687" "46.4.197.65"
162.158.94.166 - - [03/Apr/2021:13:24:04 +0000] "POST /api/bots/709585762319990814/stats HTTP/1.1" 200 27 "-" "node-fetch/1.0 (+https://github.com/bitinn/node-fetch)" "46.4.197.65"
172.68.37.46 - - [03/Apr/2021:13:24:08 +0000] "POST /api/bots/617706329229754379/stats HTTP/1.1" 200 27 "-" "-" "209.126.8.122"
162.158.126.134 - - [03/Apr/2021:13:24:19 +0000] "GET /robots.txt HTTP/1.1" 200 83 "-" "Mozilla/5.0 (compatible; SemrushBot/7~bl; +http://www.semrush.com/bot.html)" "185.191.171.34"
162.158.126.168 - - [03/Apr/2021:13:24:23 +0000] "GET /bot/715906723982082139 HTTP/1.1" 200 29011 "-" "Mozilla/5.0 (compatible; SemrushBot/7~bl; +http://www.semrush.com/bot.html)" "185.191.171.3"
162.158.91.89 - - [03/Apr/2021:13:24:30 +0000] "GET /robots.txt HTTP/1.1" 304 0 "-" "Mozilla/5.0 (compatible; MJ12bot/v1.4.8; http://mj12bot.com/)" "2a01:4f8:190:740d::2"
162.158.88.154 - - [03/Apr/2021:13:24:36 +0000] "GET /profile/451387167747473420 HTTP/1.1" 200 13401 "-" "Mozilla/5.0 (compatible; MJ12bot/v1.4.8; http://mj12bot.com/)" "2a01:4f8:190:740d::2"
162.158.88.134 - - [03/Apr/2021:13:27:29 +0000] "POST /api/bots/666151106958852116/stats HTTP/1.1" 200 27 "-" "axios/0.21.1" "91.245.227.236"
162.158.94.178 - - [03/Apr/2021:13:27:44 +0000] "POST /api/bots/356268235697553409/stats HTTP/1.1" 401 25 "-" "BotListAPI 5.5.2 - .fmbot#8173" "46.4.197.65"
172.69.170.122 - - [03/Apr/2021:13:27:48 +0000] "HEAD / HTTP/1.1" 200 0 "https://FatesList.xyz" "Mozilla/5.0+(compatible; UptimeRobot/2.0; http://www.uptimerobot.com/)" "69.162.124.237"
162.158.91.83 - - [03/Apr/2021:13:29:55 +0000] "POST /api/bots/434556304661544960/stats HTTP/1.1" 401 25 "-" "BotListAPI 1.1.1 - Waifu#2747" "46.4.197.65"
162.158.88.100 - - [03/Apr/2021:13:30:09 +0000] "POST /api/bots/760515811000582165/stats HTTP/1.1" 200 27 "-" "node-fetch/1.0 (+https://github.com/bitinn/node-fetch)" "46.4.197.65"
162.158.94.116 - - [03/Apr/2021:13:30:49 +0000] "POST /api/bots/429656936435286016/stats HTTP/1.1" 200 27 "-" "RinBot" "46.4.197.65"
162.158.74.243 - - [03/Apr/2021:13:31:25 +0000] "GET /users/443217277580738571 HTTP/1.1" 404 9319 "-" "Mozilla/5.0 (compatible; bingbot/2.0; +http://www.bing.com/bingbot.htm)" "40.77.167.75"
108.162.219.24 - - [03/Apr/2021:13:31:25 +0000] "GET /bots/440176226338865167/vote HTTP/1.1" 404 9319 "-" "Mozilla/5.0 (compatible; bingbot/2.0; +http://www.bing.com/bingbot.htm)" "40.77.167.75"
172.69.170.122 - - [03/Apr/2021:13:32:48 +0000] "HEAD / HTTP/1.1" 200 0 "https://FatesList.xyz" "Mozilla/5.0+(compatible; UptimeRobot/2.0; http://www.uptimerobot.com/)" "69.162.124.237"
172.68.37.36 - - [03/Apr/2021:13:33:44 +0000] "POST /api/bots/663515546557480990/stats HTTP/1.1" 200 27 "-" "-" "209.126.8.122"
162.158.88.154 - - [03/Apr/2021:13:33:46 +0000] "POST /api/bots/785358819021815828/stats HTTP/1.1" 200 27 "-" "BotListAPI 1.1.1 - Reactify#5687" "46.4.197.65"
172.68.37.36 - - [03/Apr/2021:13:34:08 +0000] "POST /api/bots/617706329229754379/stats HTTP/1.1" 200 27 "-" "-" "209.126.8.122"
162.158.89.35 - - [03/Apr/2021:13:34:39 +0000] "POST /api/bots/713142514986778715/stats HTTP/1.1" 200 27 "-" "Python/3.8 aiohttp/3.7.3" "46.4.197.65"
141.101.69.219 - - [03/Apr/2021:13:35:03 +0000] "GET /api/bots/187636089073172481/votes?user_id=265562799533457409 HTTP/2.0" 200 88 "-" "Python/3.9 aiohttp/3.7.4.post0" "78.197.116.88"
108.162.229.50 - - [03/Apr/2021:13:36:05 +0000] "GET /api/bots/187636089073172481/votes?user_id=766717339449294850 HTTP/1.1" 200 79 "-" "Python/3.9 aiohttp/3.7.4.post0" "78.197.116.88"
172.69.34.180 - - [03/Apr/2021:13:36:57 +0000] "GET /bot/187636089073172481/vote HTTP/1.1" 200 10433 "-" "Mozilla/5.0 (X11; Linux x86_64) AppleWebKit/537.36 (KHTML, like Gecko) Chrome/90.0.4430.51 Safari/537.36" "72.191.82.86"
172.69.33.141 - - [03/Apr/2021:13:37:02 +0000] "GET /static/favicon.ico HTTP/2.0" 200 3115 "https://fateslist.xyz/bot/187636089073172481/vote" "Mozilla/5.0 (X11; Linux x86_64) AppleWebKit/537.36 (KHTML, like Gecko) Chrome/90.0.4430.51 Safari/537.36" "72.191.82.86"
172.69.34.114 - - [03/Apr/2021:13:37:09 +0000] "POST /bot/187636089073172481/vote HTTP/1.1" 303 5 "https://fateslist.xyz/bot/187636089073172481/vote" "Mozilla/5.0 (X11; Linux x86_64) AppleWebKit/537.36 (KHTML, like Gecko) Chrome/90.0.4430.51 Safari/537.36" "72.191.82.86"
172.69.34.114 - - [03/Apr/2021:13:37:09 +0000] "GET /auth/login?redirect=/bot/187636089073172481&pretty=to+vote+for+this+bot HTTP/1.1" 200 11998 "https://fateslist.xyz/bot/187636089073172481/vote" "Mozilla/5.0 (X11; Linux x86_64) AppleWebKit/537.36 (KHTML, like Gecko) Chrome/90.0.4430.51 Safari/537.36" "72.191.82.86"
172.69.34.114 - - [03/Apr/2021:13:37:11 +0000] "POST /auth/login?redirect=/bot/187636089073172481&pretty=to+vote+for+this+bot HTTP/1.1" 303 5 "https://fateslist.xyz/auth/login?redirect=/bot/187636089073172481&pretty=to+vote+for+this+bot" "Mozilla/5.0 (X11; Linux x86_64) AppleWebKit/537.36 (KHTML, like Gecko) Chrome/90.0.4430.51 Safari/537.36" "72.191.82.86"
172.69.34.114 - - [03/Apr/2021:13:37:16 +0000] "GET /auth/login/confirm?code=fFaev2GvMpIYjMvGxx06korvkuiOXf&state=TG0a1rTZ6PEwShlk5c08LoAb9YrL1K8p2P53zOF0JGekYaTIvNtcCxog2nXqsvAgh9B5pfIy6HlrgNaBskJEw6UvIo9X3FpXuAiqW HTTP/1.1" 307 5 "https://discord.com/" "Mozilla/5.0 (X11; Linux x86_64) AppleWebKit/537.36 (KHTML, like Gecko) Chrome/90.0.4430.51 Safari/537.36" "72.191.82.86"
172.69.34.114 - - [03/Apr/2021:13:37:20 +0000] "GET /bot/187636089073172481 HTTP/1.1" 200 69118 "https://discord.com/" "Mozilla/5.0 (X11; Linux x86_64) AppleWebKit/537.36 (KHTML, like Gecko) Chrome/90.0.4430.51 Safari/537.36" "72.191.82.86"
172.69.34.114 - - [03/Apr/2021:13:37:24 +0000] "POST /bot/187636089073172481/vote HTTP/1.1" 200 9776 "https://fateslist.xyz/bot/187636089073172481" "Mozilla/5.0 (X11; Linux x86_64) AppleWebKit/537.36 (KHTML, like Gecko) Chrome/90.0.4430.51 Safari/537.36" "72.191.82.86"
