141.101.98.96 - - [03/Apr/2021:06:07:44 +0000] "POST /api/bots/356268235697553409/stats HTTP/1.1" 401 25 "-" "BotListAPI 5.5.2 - .fmbot#8173" "46.4.197.65"
172.68.11.51 - - [03/Apr/2021:06:08:51 +0000] "GET /bot/663515546557480990 HTTP/1.1" 200 23045 "-" "Mozilla/5.0 (compatible; YandexBot/3.0; +http://yandex.com/bots)" "77.88.5.12"
172.68.10.28 - - [03/Apr/2021:06:09:10 +0000] "GET /bot/719524114536333342 HTTP/1.1" 200 25913 "-" "Mozilla/5.0 (compatible; YandexBot/3.0; +http://yandex.com/bots)" "77.88.5.135"
172.68.245.13 - - [03/Apr/2021:06:09:12 +0000] "GET / HTTP/1.1" 200 100329 "-" "Mozilla/5.0 (compatible; YandexBot/3.0; +http://yandex.com/bots)" "77.88.5.130"
172.68.238.106 - - [03/Apr/2021:06:10:10 +0000] "POST /api/bots/715906723982082139/stats HTTP/1.1" 200 27 "-" "-" "2001:41d0:602:2ed::f00a"
162.158.159.88 - - [03/Apr/2021:06:11:45 +0000] "POST /api/bots/600781202617663617/stats HTTP/1.1" 200 27 "-" "node-fetch/1.0 (+https://github.com/bitinn/node-fetch)" "54.36.164.187"
172.69.170.122 - - [03/Apr/2021:06:12:08 +0000] "HEAD / HTTP/1.1" 200 0 "https://FatesList.xyz" "Mozilla/5.0+(compatible; UptimeRobot/2.0; http://www.uptimerobot.com/)" "69.162.124.237"
172.68.37.36 - - [03/Apr/2021:06:13:44 +0000] "POST /api/bots/663515546557480990/stats HTTP/1.1" 200 27 "-" "-" "209.126.8.122"
162.158.159.36 - - [03/Apr/2021:06:13:46 +0000] "POST /api/bots/785358819021815828/stats HTTP/1.1" 200 27 "-" "BotListAPI 1.1.1 - Reactify#5687" "46.4.197.65"
172.68.37.40 - - [03/Apr/2021:06:14:08 +0000] "POST /api/bots/617706329229754379/stats HTTP/1.1" 200 27 "-" "-" "209.126.8.122"
172.69.170.118 - - [03/Apr/2021:06:17:08 +0000] "HEAD / HTTP/1.1" 200 0 "https://FatesList.xyz" "Mozilla/5.0+(compatible; UptimeRobot/2.0; http://www.uptimerobot.com/)" "69.162.124.237"
162.158.159.88 - - [03/Apr/2021:06:17:44 +0000] "POST /api/bots/356268235697553409/stats HTTP/1.1" 401 25 "-" "BotListAPI 5.5.2 - .fmbot#8173" "46.4.197.65"
162.158.159.36 - - [03/Apr/2021:06:18:15 +0000] "POST /api/bots/764153912190042133/stats HTTP/1.1" 200 27 "-" "node-fetch/1.0 (+https://github.com/bitinn/node-fetch)" "46.4.197.65"
172.68.141.250 - - [03/Apr/2021:06:18:53 +0000] "GET /robots.txt HTTP/1.1" 200 83 "-" "Mozilla/5.0 (compatible; DotBot/1.2; +https://opensiteexplorer.org/dotbot; help@moz.com)" "216.244.66.227"
172.68.132.221 - - [03/Apr/2021:06:19:30 +0000] "GET / HTTP/1.1" 200 100329 "-" "Mozilla/5.0 (compatible; DotBot/1.2; +https://opensiteexplorer.org/dotbot; help@moz.com)" "216.244.66.227"
141.101.99.117 - - [03/Apr/2021:06:19:56 +0000] "POST /api/bots/434556304661544960/stats HTTP/1.1" 401 25 "-" "BotListAPI 1.1.1 - Waifu#2747" "46.4.197.65"
172.68.238.106 - - [03/Apr/2021:06:20:10 +0000] "POST /api/bots/715906723982082139/stats HTTP/1.1" 200 27 "-" "-" "2001:41d0:602:2ed::f00a"
172.69.170.122 - - [03/Apr/2021:06:22:08 +0000] "HEAD / HTTP/1.1" 200 0 "https://FatesList.xyz" "Mozilla/5.0+(compatible; UptimeRobot/2.0; http://www.uptimerobot.com/)" "69.162.124.237"
172.68.37.48 - - [03/Apr/2021:06:23:44 +0000] "POST /api/bots/663515546557480990/stats HTTP/1.1" 200 27 "-" "-" "209.126.8.122"
162.158.158.201 - - [03/Apr/2021:06:23:45 +0000] "POST /api/bots/785358819021815828/stats HTTP/1.1" 200 27 "-" "BotListAPI 1.1.1 - Reactify#5687" "46.4.197.65"
172.68.37.48 - - [03/Apr/2021:06:24:08 +0000] "POST /api/bots/617706329229754379/stats HTTP/1.1" 200 27 "-" "-" "209.126.8.122"
170.130.187.38 - - [03/Apr/2021:06:26:14 +0000] "GET / HTTP/1.1" 400 237 "-" "https://gdnplus.com:Gather Analyze Provide." "-"
162.158.159.36 - - [03/Apr/2021:06:26:44 +0000] "POST /api/bots/600781202617663617/stats HTTP/1.1" 200 27 "-" "node-fetch/1.0 (+https://github.com/bitinn/node-fetch)" "54.36.164.187"
172.69.170.132 - - [03/Apr/2021:06:27:08 +0000] "HEAD / HTTP/1.1" 200 0 "https://FatesList.xyz" "Mozilla/5.0+(compatible; UptimeRobot/2.0; http://www.uptimerobot.com/)" "69.162.124.237"
141.101.99.103 - - [03/Apr/2021:06:27:43 +0000] "POST /api/bots/356268235697553409/stats HTTP/1.1" 401 25 "-" "BotListAPI 5.5.2 - .fmbot#8173" "46.4.197.65"
162.158.122.14 - - [03/Apr/2021:06:28:29 +0000] "GET /logs/47967393-3e2f-477b-abaf-875fa41a6135 HTTP/1.1" 200 2128 "-" "Mozilla/5.0 (compatible; Discordbot/2.0; +https://discordapp.com)" "35.196.132.85"
141.101.98.26 - - [03/Apr/2021:06:30:00 +0000] "POST /api/bots/434556304661544960/stats HTTP/1.1" 401 25 "-" "BotListAPI 1.1.1 - Waifu#2747" "46.4.197.65"
141.101.98.68 - - [03/Apr/2021:06:30:08 +0000] "POST /api/bots/760515811000582165/stats HTTP/1.1" 200 27 "-" "node-fetch/1.0 (+https://github.com/bitinn/node-fetch)" "46.4.197.65"
172.68.239.197 - - [03/Apr/2021:06:30:10 +0000] "POST /api/bots/715906723982082139/stats HTTP/1.1" 200 27 "-" "-" "2001:41d0:602:2ed::f00a"
162.158.158.253 - - [03/Apr/2021:06:30:48 +0000] "POST /api/bots/429656936435286016/stats HTTP/1.1" 200 27 "-" "RinBot" "46.4.197.65"
172.69.170.132 - - [03/Apr/2021:06:32:07 +0000] "HEAD / HTTP/1.1" 200 0 "https://FatesList.xyz" "Mozilla/5.0+(compatible; UptimeRobot/2.0; http://www.uptimerobot.com/)" "69.162.124.237"
141.101.99.63 - - [03/Apr/2021:06:32:48 +0000] "POST /api/bots/713142514986778715/stats HTTP/1.1" 200 27 "-" "Python/3.8 aiohttp/3.7.3" "46.4.197.65"
172.68.37.40 - - [03/Apr/2021:06:33:44 +0000] "POST /api/bots/663515546557480990/stats HTTP/2.0" 200 27 "-" "-" "209.126.8.122"
141.101.99.63 - - [03/Apr/2021:06:33:46 +0000] "POST /api/bots/785358819021815828/stats HTTP/2.0" 200 27 "-" "BotListAPI 1.1.1 - Reactify#5687" "46.4.197.65"
108.162.212.119 - - [03/Apr/2021:06:33:55 +0000] "GET /fates/stats HTTP/2.0" 307 0 "-" "Mozilla/5.0 (Linux; Android 6.0.1; Nexus 5X Build/MMB29P) AppleWebKit/537.36 (KHTML, like Gecko) Chrome/89.0.4389.102 Mobile Safari/537.36 (compatible; Googlebot/2.1; +http://www.google.com/bot.html)" "66.249.64.226"
108.162.212.75 - - [03/Apr/2021:06:33:57 +0000] "GET /admin/console?stats=1 HTTP/1.1" 200 22107 "-" "Mozilla/5.0 (Linux; Android 6.0.1; Nexus 5X Build/MMB29P) AppleWebKit/537.36 (KHTML, like Gecko) Chrome/89.0.4389.102 Mobile Safari/537.36 (compatible; Googlebot/2.1; +http://www.google.com/bot.html)" "66.249.64.254"
172.68.37.46 - - [03/Apr/2021:06:34:08 +0000] "POST /api/bots/617706329229754379/stats HTTP/1.1" 200 27 "-" "-" "209.126.8.122"
172.69.170.70 - - [03/Apr/2021:06:37:07 +0000] "HEAD / HTTP/1.1" 200 0 "https://FatesList.xyz" "Mozilla/5.0+(compatible; UptimeRobot/2.0; http://www.uptimerobot.com/)" "69.162.124.237"
172.69.54.87 - - [03/Apr/2021:06:37:20 +0000] "GET /bot/785358819021815828 HTTP/1.1" 200 25467 "-" "Mozilla/5.0 (compatible; AhrefsBot/7.0; +http://ahrefs.com/robot/)" "54.36.148.198"
141.101.99.103 - - [03/Apr/2021:06:37:43 +0000] "POST /api/bots/356268235697553409/stats HTTP/1.1" 401 25 "-" "BotListAPI 5.5.2 - .fmbot#8173" "46.4.197.65"
172.68.10.54 - - [03/Apr/2021:06:38:10 +0000] "GET /robots.txt HTTP/1.1" 304 0 "-" "Mozilla/5.0 (compatible; YandexBot/3.0; +http://yandex.com/bots)" "77.88.5.237"
172.68.245.31 - - [03/Apr/2021:06:38:14 +0000] "GET /sitemap.xml HTTP/1.1" 200 369 "-" "Mozilla/5.0 (compatible; YandexBot/3.0; +http://yandex.com/bots)" "77.88.5.105"
162.158.158.229 - - [03/Apr/2021:06:39:56 +0000] "POST /api/bots/434556304661544960/stats HTTP/1.1" 401 25 "-" "BotListAPI 1.1.1 - Waifu#2747" "46.4.197.65"
172.68.238.144 - - [03/Apr/2021:06:40:12 +0000] "POST /api/bots/715906723982082139/stats HTTP/1.1" 200 27 "-" "-" "2001:41d0:602:2ed::f00a"
162.158.158.229 - - [03/Apr/2021:06:41:45 +0000] "POST /api/bots/600781202617663617/stats HTTP/1.1" 200 27 "-" "node-fetch/1.0 (+https://github.com/bitinn/node-fetch)" "54.36.164.187"
172.69.170.122 - - [03/Apr/2021:06:42:07 +0000] "HEAD / HTTP/1.1" 200 0 "https://FatesList.xyz" "Mozilla/5.0+(compatible; UptimeRobot/2.0; http://www.uptimerobot.com/)" "69.162.124.237"
162.158.158.133 - - [03/Apr/2021:06:43:03 +0000] "GET /logs/47967393-3e2f-477b-abaf-875fa41a6135 HTTP/1.1" 200 2128 "-" "Mozilla/5.0 (Macintosh; Intel Mac OS X 10_15_6) AppleWebKit/605.1.15 (KHTML, like Gecko) Version/14.1 Safari/605.1.15" "122.172.56.69"
172.68.37.48 - - [03/Apr/2021:06:43:44 +0000] "POST /api/bots/663515546557480990/stats HTTP/1.1" 200 27 "-" "-" "209.126.8.122"
141.101.99.63 - - [03/Apr/2021:06:43:46 +0000] "POST /api/bots/785358819021815828/stats HTTP/1.1" 200 27 "-" "BotListAPI 1.1.1 - Reactify#5687" "46.4.197.65"
141.101.98.68 - - [03/Apr/2021:06:43:58 +0000] "POST /api/bots/709585762319990814/stats HTTP/1.1" 200 27 "-" "node-fetch/1.0 (+https://github.com/bitinn/node-fetch)" "46.4.197.65"
172.68.37.40 - - [03/Apr/2021:06:44:08 +0000] "POST /api/bots/617706329229754379/stats HTTP/1.1" 200 27 "-" "-" "209.126.8.122"
141.101.69.57 - - [03/Apr/2021:06:46:58 +0000] "POST /api/bots/187636089073172481/stats HTTP/1.1" 200 27 "-" "Python/3.9 aiohttp/3.7.4.post0" "78.197.116.88"
172.69.170.70 - - [03/Apr/2021:06:47:07 +0000] "HEAD / HTTP/1.1" 200 0 "https://FatesList.xyz" "Mozilla/5.0+(compatible; UptimeRobot/2.0; http://www.uptimerobot.com/)" "69.162.124.237"
162.158.88.10 - - [03/Apr/2021:06:47:43 +0000] "POST /api/bots/356268235697553409/stats HTTP/1.1" 401 25 "-" "BotListAPI 5.5.2 - .fmbot#8173" "46.4.197.65"
162.158.90.254 - - [03/Apr/2021:06:48:16 +0000] "POST /api/bots/764153912190042133/stats HTTP/1.1" 200 27 "-" "node-fetch/1.0 (+https://github.com/bitinn/node-fetch)" "46.4.197.65"
162.158.89.187 - - [03/Apr/2021:06:49:56 +0000] "POST /api/bots/434556304661544960/stats HTTP/1.1" 401 25 "-" "BotListAPI 1.1.1 - Waifu#2747" "46.4.197.65"
172.68.238.112 - - [03/Apr/2021:06:50:10 +0000] "POST /api/bots/715906723982082139/stats HTTP/1.1" 200 27 "-" "-" "2001:41d0:602:2ed::f00a"
172.69.170.118 - - [03/Apr/2021:06:52:08 +0000] "HEAD / HTTP/1.1" 200 0 "https://FatesList.xyz" "Mozilla/5.0+(compatible; UptimeRobot/2.0; http://www.uptimerobot.com/)" "69.162.124.237"
172.68.37.48 - - [03/Apr/2021:06:53:43 +0000] "POST /api/bots/663515546557480990/stats HTTP/1.1" 200 27 "-" "-" "209.126.8.122"
141.101.99.103 - - [03/Apr/2021:06:53:46 +0000] "POST /api/bots/785358819021815828/stats HTTP/1.1" 200 27 "-" "BotListAPI 1.1.1 - Reactify#5687" "46.4.197.65"
172.68.37.48 - - [03/Apr/2021:06:54:08 +0000] "POST /api/bots/617706329229754379/stats HTTP/1.1" 200 27 "-" "-" "209.126.8.122"
141.101.98.68 - - [03/Apr/2021:06:56:44 +0000] "POST /api/bots/600781202617663617/stats HTTP/2.0" 200 27 "-" "node-fetch/1.0 (+https://github.com/bitinn/node-fetch)" "54.36.164.187"
172.69.170.122 - - [03/Apr/2021:06:57:07 +0000] "HEAD / HTTP/1.1" 200 0 "https://FatesList.xyz" "Mozilla/5.0+(compatible; UptimeRobot/2.0; http://www.uptimerobot.com/)" "69.162.124.237"
141.101.98.26 - - [03/Apr/2021:06:57:44 +0000] "POST /api/bots/356268235697553409/stats HTTP/1.1" 401 25 "-" "BotListAPI 5.5.2 - .fmbot#8173" "46.4.197.65"
162.158.90.254 - - [03/Apr/2021:06:59:56 +0000] "POST /api/bots/434556304661544960/stats HTTP/1.1" 401 25 "-" "BotListAPI 1.1.1 - Waifu#2747" "46.4.197.65"
162.158.88.100 - - [03/Apr/2021:07:00:10 +0000] "POST /api/bots/727039427775299605/stats HTTP/1.1" 200 27 "-" "node-fetch/1.0 (+https://github.com/bitinn/node-fetch)" "46.4.197.65"
172.68.239.221 - - [03/Apr/2021:07:00:11 +0000] "POST /api/bots/715906723982082139/stats HTTP/1.1" 200 27 "-" "-" "2001:41d0:602:2ed::f00a"
108.162.210.110 - - [03/Apr/2021:07:00:54 +0000] "GET / HTTP/1.1" 200 100329 "-" "Mozilla/5.0 (compatible; Googlebot/2.1; +http://www.google.com/bot.html)" "66.249.64.251"
108.162.229.50 - - [03/Apr/2021:07:01:04 +0000] "GET /api/bots/187636089073172481/votes?user_id=454509197946650645 HTTP/1.1" 200 92 "-" "Python/3.9 aiohttp/3.7.4.post0" "78.197.116.88"
172.69.170.122 - - [03/Apr/2021:07:02:08 +0000] "HEAD / HTTP/1.1" 200 0 "https://FatesList.xyz" "Mozilla/5.0+(compatible; UptimeRobot/2.0; http://www.uptimerobot.com/)" "69.162.124.237"
162.158.94.178 - - [03/Apr/2021:07:02:55 +0000] "POST /api/bots/713142514986778715/stats HTTP/1.1" 200 27 "-" "Python/3.8 aiohttp/3.7.3" "46.4.197.65"
172.68.37.48 - - [03/Apr/2021:07:03:44 +0000] "POST /api/bots/663515546557480990/stats HTTP/1.1" 200 27 "-" "-" "209.126.8.122"
162.158.88.134 - - [03/Apr/2021:07:03:46 +0000] "POST /api/bots/785358819021815828/stats HTTP/1.1" 200 27 "-" "BotListAPI 1.1.1 - Reactify#5687" "46.4.197.65"
172.68.37.36 - - [03/Apr/2021:07:04:08 +0000] "POST /api/bots/617706329229754379/stats HTTP/1.1" 200 27 "-" "-" "209.126.8.122"
162.158.202.234 - - [03/Apr/2021:07:07:02 +0000] "GET /static/botlisticon.webp HTTP/1.1" 200 58386 "https://botblock.org/lists/features/6" "Mozilla/5.0 (Windows NT 6.1; Win64; x64) AppleWebKit/537.36 (KHTML, like Gecko) Chrome/88.0.4324.192 Safari/537.36 OPR/74.0.3911.218 (Edition Yx 02)" "37.204.70.216"
172.69.170.122 - - [03/Apr/2021:07:07:07 +0000] "HEAD / HTTP/1.1" 200 0 "https://FatesList.xyz" "Mozilla/5.0+(compatible; UptimeRobot/2.0; http://www.uptimerobot.com/)" "69.162.124.237"
162.158.92.54 - - [03/Apr/2021:07:07:44 +0000] "POST /api/bots/356268235697553409/stats HTTP/1.1" 401 25 "-" "BotListAPI 5.5.2 - .fmbot#8173" "46.4.197.65"
162.158.93.93 - - [03/Apr/2021:07:09:56 +0000] "POST /api/bots/434556304661544960/stats HTTP/1.1" 401 25 "-" "BotListAPI 1.1.1 - Waifu#2747" "46.4.197.65"
172.68.238.148 - - [03/Apr/2021:07:10:11 +0000] "POST /api/bots/715906723982082139/stats HTTP/1.1" 200 27 "-" "-" "2001:41d0:602:2ed::f00a"
172.69.162.138 - - [03/Apr/2021:07:10:59 +0000] "GET / HTTP/1.1" 200 100329 "-" "Mozilla/5.0 (Windows NT 10.0; Win64; x64) AppleWebKit/537.36 (KHTML, like Gecko) Chrome/78.0.3904.108 Safari/537.36" "45.121.208.173"
172.69.162.138 - - [03/Apr/2021:07:11:00 +0000] "GET //wp-includes/wlwmanifest.xml HTTP/1.1" 404 9319 "-" "Mozilla/5.0 (Windows NT 10.0; Win64; x64) AppleWebKit/537.36 (KHTML, like Gecko) Chrome/78.0.3904.108 Safari/537.36" "45.121.208.173"
172.69.162.138 - - [03/Apr/2021:07:11:01 +0000] "GET //xmlrpc.php?rsd HTTP/1.1" 404 9320 "-" "Mozilla/5.0 (Windows NT 10.0; Win64; x64) AppleWebKit/537.36 (KHTML, like Gecko) Chrome/78.0.3904.108 Safari/537.36" "45.121.208.173"
172.69.162.138 - - [03/Apr/2021:07:11:02 +0000] "GET / HTTP/1.1" 200 100329 "-" "Mozilla/5.0 (Windows NT 10.0; Win64; x64) AppleWebKit/537.36 (KHTML, like Gecko) Chrome/78.0.3904.108 Safari/537.36" "45.121.208.173"
172.69.162.138 - - [03/Apr/2021:07:11:03 +0000] "GET //blog/wp-includes/wlwmanifest.xml HTTP/1.1" 404 9319 "-" "Mozilla/5.0 (Windows NT 10.0; Win64; x64) AppleWebKit/537.36 (KHTML, like Gecko) Chrome/78.0.3904.108 Safari/537.36" "45.121.208.173"
172.69.162.138 - - [03/Apr/2021:07:11:04 +0000] "GET //web/wp-includes/wlwmanifest.xml HTTP/1.1" 404 9319 "-" "Mozilla/5.0 (Windows NT 10.0; Win64; x64) AppleWebKit/537.36 (KHTML, like Gecko) Chrome/78.0.3904.108 Safari/537.36" "45.121.208.173"
172.69.162.138 - - [03/Apr/2021:07:11:05 +0000] "GET //wordpress/wp-includes/wlwmanifest.xml HTTP/1.1" 404 9319 "-" "Mozilla/5.0 (Windows NT 10.0; Win64; x64) AppleWebKit/537.36 (KHTML, like Gecko) Chrome/78.0.3904.108 Safari/537.36" "45.121.208.173"
172.69.162.138 - - [03/Apr/2021:07:11:06 +0000] "GET //website/wp-includes/wlwmanifest.xml HTTP/1.1" 404 9319 "-" "Mozilla/5.0 (Windows NT 10.0; Win64; x64) AppleWebKit/537.36 (KHTML, like Gecko) Chrome/78.0.3904.108 Safari/537.36" "45.121.208.173"
172.69.162.138 - - [03/Apr/2021:07:11:07 +0000] "GET //wp/wp-includes/wlwmanifest.xml HTTP/2.0" 404 9319 "-" "Mozilla/5.0 (Windows NT 10.0; Win64; x64) AppleWebKit/537.36 (KHTML, like Gecko) Chrome/78.0.3904.108 Safari/537.36" "45.121.208.173"
172.69.162.138 - - [03/Apr/2021:07:11:08 +0000] "GET //news/wp-includes/wlwmanifest.xml HTTP/1.1" 404 9319 "-" "Mozilla/5.0 (Windows NT 10.0; Win64; x64) AppleWebKit/537.36 (KHTML, like Gecko) Chrome/78.0.3904.108 Safari/537.36" "45.121.208.173"
172.69.162.138 - - [03/Apr/2021:07:11:08 +0000] "GET //2018/wp-includes/wlwmanifest.xml HTTP/1.1" 404 9319 "-" "Mozilla/5.0 (Windows NT 10.0; Win64; x64) AppleWebKit/537.36 (KHTML, like Gecko) Chrome/78.0.3904.108 Safari/537.36" "45.121.208.173"
172.69.162.138 - - [03/Apr/2021:07:11:09 +0000] "GET //2019/wp-includes/wlwmanifest.xml HTTP/1.1" 404 9319 "-" "Mozilla/5.0 (Windows NT 10.0; Win64; x64) AppleWebKit/537.36 (KHTML, like Gecko) Chrome/78.0.3904.108 Safari/537.36" "45.121.208.173"
172.69.162.138 - - [03/Apr/2021:07:11:10 +0000] "GET //shop/wp-includes/wlwmanifest.xml HTTP/1.1" 404 9319 "-" "Mozilla/5.0 (Windows NT 10.0; Win64; x64) AppleWebKit/537.36 (KHTML, like Gecko) Chrome/78.0.3904.108 Safari/537.36" "45.121.208.173"
172.69.162.138 - - [03/Apr/2021:07:11:11 +0000] "GET //wp1/wp-includes/wlwmanifest.xml HTTP/1.1" 404 9319 "-" "Mozilla/5.0 (Windows NT 10.0; Win64; x64) AppleWebKit/537.36 (KHTML, like Gecko) Chrome/78.0.3904.108 Safari/537.36" "45.121.208.173"
172.69.162.138 - - [03/Apr/2021:07:11:12 +0000] "GET //test/wp-includes/wlwmanifest.xml HTTP/1.1" 404 9319 "-" "Mozilla/5.0 (Windows NT 10.0; Win64; x64) AppleWebKit/537.36 (KHTML, like Gecko) Chrome/78.0.3904.108 Safari/537.36" "45.121.208.173"
172.69.162.138 - - [03/Apr/2021:07:11:13 +0000] "GET //media/wp-includes/wlwmanifest.xml HTTP/1.1" 404 9319 "-" "Mozilla/5.0 (Windows NT 10.0; Win64; x64) AppleWebKit/537.36 (KHTML, like Gecko) Chrome/78.0.3904.108 Safari/537.36" "45.121.208.173"
172.69.162.138 - - [03/Apr/2021:07:11:13 +0000] "GET //wp2/wp-includes/wlwmanifest.xml HTTP/1.1" 404 9319 "-" "Mozilla/5.0 (Windows NT 10.0; Win64; x64) AppleWebKit/537.36 (KHTML, like Gecko) Chrome/78.0.3904.108 Safari/537.36" "45.121.208.173"
172.69.162.138 - - [03/Apr/2021:07:11:14 +0000] "GET //site/wp-includes/wlwmanifest.xml HTTP/1.1" 404 9319 "-" "Mozilla/5.0 (Windows NT 10.0; Win64; x64) AppleWebKit/537.36 (KHTML, like Gecko) Chrome/78.0.3904.108 Safari/537.36" "45.121.208.173"
172.69.162.138 - - [03/Apr/2021:07:11:15 +0000] "GET //cms/wp-includes/wlwmanifest.xml HTTP/1.1" 404 9319 "-" "Mozilla/5.0 (Windows NT 10.0; Win64; x64) AppleWebKit/537.36 (KHTML, like Gecko) Chrome/78.0.3904.108 Safari/537.36" "45.121.208.173"
172.69.162.138 - - [03/Apr/2021:07:11:16 +0000] "GET //sito/wp-includes/wlwmanifest.xml HTTP/1.1" 404 9319 "-" "Mozilla/5.0 (Windows NT 10.0; Win64; x64) AppleWebKit/537.36 (KHTML, like Gecko) Chrome/78.0.3904.108 Safari/537.36" "45.121.208.173"
141.101.99.117 - - [03/Apr/2021:07:11:45 +0000] "POST /api/bots/600781202617663617/stats HTTP/1.1" 200 27 "-" "node-fetch/1.0 (+https://github.com/bitinn/node-fetch)" "54.36.164.187"
172.69.170.122 - - [03/Apr/2021:07:12:07 +0000] "HEAD / HTTP/1.1" 200 0 "https://FatesList.xyz" "Mozilla/5.0+(compatible; UptimeRobot/2.0; http://www.uptimerobot.com/)" "69.162.124.237"
172.68.37.48 - - [03/Apr/2021:07:13:44 +0000] "POST /api/bots/663515546557480990/stats HTTP/1.1" 200 27 "-" "-" "209.126.8.122"
162.158.93.93 - - [03/Apr/2021:07:13:47 +0000] "POST /api/bots/785358819021815828/stats HTTP/1.1" 200 27 "-" "BotListAPI 1.1.1 - Reactify#5687" "46.4.197.65"
162.158.94.178 - - [03/Apr/2021:07:13:58 +0000] "POST /api/bots/709585762319990814/stats HTTP/1.1" 200 27 "-" "node-fetch/1.0 (+https://github.com/bitinn/node-fetch)" "46.4.197.65"
172.68.37.48 - - [03/Apr/2021:07:14:08 +0000] "POST /api/bots/617706329229754379/stats HTTP/1.1" 200 27 "-" "-" "209.126.8.122"
172.69.22.218 - - [03/Apr/2021:07:14:24 +0000] "GET / HTTP/1.1" 200 100329 "-" "Mozilla/5.0 (X11; Linux x86_64) AppleWebKit/537.36 (KHTML, like Gecko) Chrome/83.0.4103.97 Safari/537.36" "34.220.83.218"
172.69.33.79 - - [03/Apr/2021:07:14:25 +0000] "GET / HTTP/1.1" 200 100329 "-" "Mozilla/5.0 (X11; Linux x86_64) AppleWebKit/537.36 (KHTML, like Gecko) Chrome/83.0.4103.97 Safari/537.36" "54.245.40.124"
172.68.133.16 - - [03/Apr/2021:07:14:43 +0000] "GET /favicon.ico HTTP/1.1" 404 9320 "-" "Go-http-client/1.1" "52.13.11.108"
172.68.132.221 - - [03/Apr/2021:07:14:45 +0000] "GET / HTTP/1.1" 200 100329 "-" "Go-http-client/1.1" "52.13.11.108"
54.202.99.221 - - [03/Apr/2021:07:15:21 +0000] "GET / HTTP/1.1" 400 639 "-" "Mozilla/5.0 (X11; Linux x86_64) AppleWebKit/537.36 (KHTML, like Gecko) Chrome/83.0.4103.97 Safari/537.36" "-"
172.69.170.132 - - [03/Apr/2021:07:17:07 +0000] "HEAD / HTTP/1.1" 200 0 "https://FatesList.xyz" "Mozilla/5.0+(compatible; UptimeRobot/2.0; http://www.uptimerobot.com/)" "69.162.124.237"
162.158.88.100 - - [03/Apr/2021:07:17:43 +0000] "POST /api/bots/356268235697553409/stats HTTP/2.0" 401 25 "-" "BotListAPI 5.5.2 - .fmbot#8173" "46.4.197.65"
162.158.94.166 - - [03/Apr/2021:07:18:14 +0000] "POST /api/bots/764153912190042133/stats HTTP/1.1" 200 27 "-" "node-fetch/1.0 (+https://github.com/bitinn/node-fetch)" "46.4.197.65"
162.158.88.134 - - [03/Apr/2021:07:19:56 +0000] "POST /api/bots/434556304661544960/stats HTTP/1.1" 401 25 "-" "BotListAPI 1.1.1 - Waifu#2747" "46.4.197.65"
172.68.238.144 - - [03/Apr/2021:07:20:10 +0000] "POST /api/bots/715906723982082139/stats HTTP/1.1" 200 27 "-" "-" "2001:41d0:602:2ed::f00a"
172.69.170.74 - - [03/Apr/2021:07:22:07 +0000] "HEAD / HTTP/2.0" 200 0 "https://FatesList.xyz" "Mozilla/5.0+(compatible; UptimeRobot/2.0; http://www.uptimerobot.com/)" "69.162.124.237"
108.162.212.101 - - [03/Apr/2021:07:23:42 +0000] "GET /fates/tos HTTP/1.1" 200 11147 "-" "Mozilla/5.0 (Linux; Android 6.0.1; Nexus 5X Build/MMB29P) AppleWebKit/537.36 (KHTML, like Gecko) Chrome/89.0.4389.102 Mobile Safari/537.36 (compatible; Googlebot/2.1; +http://www.google.com/bot.html)" "66.249.64.226"
172.68.37.36 - - [03/Apr/2021:07:23:44 +0000] "POST /api/bots/663515546557480990/stats HTTP/1.1" 200 27 "-" "-" "209.126.8.122"
162.158.93.69 - - [03/Apr/2021:07:23:45 +0000] "POST /api/bots/785358819021815828/stats HTTP/1.1" 200 27 "-" "BotListAPI 1.1.1 - Reactify#5687" "46.4.197.65"
172.68.37.40 - - [03/Apr/2021:07:24:08 +0000] "POST /api/bots/617706329229754379/stats HTTP/1.1" 200 27 "-" "-" "209.126.8.122"
162.158.159.130 - - [03/Apr/2021:07:26:44 +0000] "POST /api/bots/600781202617663617/stats HTTP/1.1" 200 27 "-" "node-fetch/1.0 (+https://github.com/bitinn/node-fetch)" "54.36.164.187"
172.69.170.122 - - [03/Apr/2021:07:27:08 +0000] "HEAD / HTTP/1.1" 200 0 "https://FatesList.xyz" "Mozilla/5.0+(compatible; UptimeRobot/2.0; http://www.uptimerobot.com/)" "69.162.124.237"
162.158.88.234 - - [03/Apr/2021:07:27:43 +0000] "POST /api/bots/356268235697553409/stats HTTP/1.1" 401 25 "-" "BotListAPI 5.5.2 - .fmbot#8173" "46.4.197.65"
162.158.88.40 - - [03/Apr/2021:07:29:55 +0000] "POST /api/bots/434556304661544960/stats HTTP/1.1" 401 25 "-" "BotListAPI 1.1.1 - Waifu#2747" "46.4.197.65"
162.158.93.69 - - [03/Apr/2021:07:30:08 +0000] "POST /api/bots/760515811000582165/stats HTTP/1.1" 200 27 "-" "node-fetch/1.0 (+https://github.com/bitinn/node-fetch)" "46.4.197.65"
172.68.238.148 - - [03/Apr/2021:07:30:10 +0000] "POST /api/bots/715906723982082139/stats HTTP/1.1" 200 27 "-" "-" "2001:41d0:602:2ed::f00a"
162.158.88.100 - - [03/Apr/2021:07:30:42 +0000] "POST /api/bots/429656936435286016/stats HTTP/1.1" 200 27 "-" "RinBot" "46.4.197.65"
172.69.170.70 - - [03/Apr/2021:07:32:08 +0000] "HEAD / HTTP/1.1" 200 0 "https://FatesList.xyz" "Mozilla/5.0+(compatible; UptimeRobot/2.0; http://www.uptimerobot.com/)" "69.162.124.237"
141.101.99.117 - - [03/Apr/2021:07:33:03 +0000] "POST /api/bots/713142514986778715/stats HTTP/1.1" 200 27 "-" "Python/3.8 aiohttp/3.7.3" "46.4.197.65"
172.68.37.46 - - [03/Apr/2021:07:33:44 +0000] "POST /api/bots/663515546557480990/stats HTTP/1.1" 200 27 "-" "-" "209.126.8.122"
141.101.98.68 - - [03/Apr/2021:07:33:46 +0000] "POST /api/bots/785358819021815828/stats HTTP/1.1" 200 27 "-" "BotListAPI 1.1.1 - Reactify#5687" "46.4.197.65"
108.162.210.250 - - [03/Apr/2021:07:33:54 +0000] "GET /bot/187636089073172481 HTTP/1.1" 200 67662 "-" "Mozilla/5.0 (Linux; Android 6.0.1; Nexus 5X Build/MMB29P) AppleWebKit/537.36 (KHTML, like Gecko) Chrome/89.0.4389.102 Mobile Safari/537.36 (compatible; Googlebot/2.1; +http://www.google.com/bot.html)" "66.249.64.228"
172.68.37.48 - - [03/Apr/2021:07:34:08 +0000] "POST /api/bots/617706329229754379/stats HTTP/2.0" 200 27 "-" "-" "209.126.8.122"
162.158.126.152 - - [03/Apr/2021:07:34:38 +0000] "POST /api/bots/536991182035746816/stats HTTP/1.1" 200 27 "-" "node-fetch/1.0 (+https://github.com/bitinn/node-fetch)" "144.172.120.123"
172.69.170.118 - - [03/Apr/2021:07:37:08 +0000] "HEAD / HTTP/1.1" 200 0 "https://FatesList.xyz" "Mozilla/5.0+(compatible; UptimeRobot/2.0; http://www.uptimerobot.com/)" "69.162.124.237"
162.158.159.46 - - [03/Apr/2021:07:37:44 +0000] "POST /api/bots/356268235697553409/stats HTTP/1.1" 401 25 "-" "BotListAPI 5.5.2 - .fmbot#8173" "46.4.197.65"
141.101.98.26 - - [03/Apr/2021:07:39:56 +0000] "POST /api/bots/434556304661544960/stats HTTP/2.0" 401 25 "-" "BotListAPI 1.1.1 - Waifu#2747" "46.4.197.65"
108.162.229.148 - - [03/Apr/2021:07:39:56 +0000] "GET /api/bots/187636089073172481/votes?user_id=194623247592062976 HTTP/1.1" 200 87 "-" "Python/3.9 aiohttp/3.7.4.post0" "78.197.116.88"
162.158.74.71 - - [03/Apr/2021:07:40:01 +0000] "GET /bot/187636089073172481/vote HTTP/1.1" 200 10433 "-" "Mozilla/5.0 (Windows NT 10.0; Win64; x64) AppleWebKit/537.36 (KHTML, like Gecko) Chrome/89.0.4389.90 Safari/537.36" "2001:48f8:8:16f4:5961:2159:7420:7915"
172.68.238.112 - - [03/Apr/2021:07:40:10 +0000] "POST /api/bots/715906723982082139/stats HTTP/1.1" 200 27 "-" "-" "2001:41d0:602:2ed::f00a"
162.158.74.71 - - [03/Apr/2021:07:40:10 +0000] "POST /bot/187636089073172481/vote HTTP/1.1" 303 5 "https://fateslist.xyz/bot/187636089073172481/vote" "Mozilla/5.0 (Windows NT 10.0; Win64; x64) AppleWebKit/537.36 (KHTML, like Gecko) Chrome/89.0.4389.90 Safari/537.36" "2001:48f8:8:16f4:5961:2159:7420:7915"
162.158.74.71 - - [03/Apr/2021:07:40:10 +0000] "GET /auth/login?redirect=/bot/187636089073172481&pretty=to+vote+for+this+bot HTTP/1.1" 200 11998 "https://fateslist.xyz/bot/187636089073172481/vote" "Mozilla/5.0 (Windows NT 10.0; Win64; x64) AppleWebKit/537.36 (KHTML, like Gecko) Chrome/89.0.4389.90 Safari/537.36" "2001:48f8:8:16f4:5961:2159:7420:7915"
162.158.74.71 - - [03/Apr/2021:07:40:12 +0000] "POST /auth/login?redirect=/bot/187636089073172481&pretty=to+vote+for+this+bot HTTP/1.1" 303 5 "https://fateslist.xyz/auth/login?redirect=/bot/187636089073172481&pretty=to+vote+for+this+bot" "Mozilla/5.0 (Windows NT 10.0; Win64; x64) AppleWebKit/537.36 (KHTML, like Gecko) Chrome/89.0.4389.90 Safari/537.36" "2001:48f8:8:16f4:5961:2159:7420:7915"
162.158.74.71 - - [03/Apr/2021:07:40:15 +0000] "GET /auth/login/confirm?code=0mu7qnVUG1dYVPt3TXYPPaWHVk8ZQy&state=iXUL9ZBH6ULTG7yuJTh4L4PqNOCipHNxBWFybJFgCP9ImXLR2dvnofvuwDt46WPptqzlfZjIoSdRZ6TWewvpUlh2LUnxFcpuAttG1 HTTP/2.0" 307 0 "https://discord.com/" "Mozilla/5.0 (Windows NT 10.0; Win64; x64) AppleWebKit/537.36 (KHTML, like Gecko) Chrome/89.0.4389.90 Safari/537.36" "2001:48f8:8:16f4:5961:2159:7420:7915"
162.158.74.71 - - [03/Apr/2021:07:40:15 +0000] "GET /bot/187636089073172481 HTTP/1.1" 200 69126 "https://discord.com/" "Mozilla/5.0 (Windows NT 10.0; Win64; x64) AppleWebKit/537.36 (KHTML, like Gecko) Chrome/89.0.4389.90 Safari/537.36" "2001:48f8:8:16f4:5961:2159:7420:7915"
162.158.74.71 - - [03/Apr/2021:07:40:17 +0000] "POST /bot/187636089073172481/vote HTTP/1.1" 200 9784 "https://fateslist.xyz/bot/187636089073172481" "Mozilla/5.0 (Windows NT 10.0; Win64; x64) AppleWebKit/537.36 (KHTML, like Gecko) Chrome/89.0.4389.90 Safari/537.36" "2001:48f8:8:16f4:5961:2159:7420:7915"
162.158.74.71 - - [03/Apr/2021:07:40:17 +0000] "GET /bot/187636089073172481 HTTP/1.1" 200 69126 "https://fateslist.xyz/bot/187636089073172481/vote" "Mozilla/5.0 (Windows NT 10.0; Win64; x64) AppleWebKit/537.36 (KHTML, like Gecko) Chrome/89.0.4389.90 Safari/537.36" "2001:48f8:8:16f4:5961:2159:7420:7915"
162.158.159.88 - - [03/Apr/2021:07:41:43 +0000] "POST /api/bots/600781202617663617/stats HTTP/1.1" 200 27 "-" "node-fetch/1.0 (+https://github.com/bitinn/node-fetch)" "54.36.164.187"
172.69.170.132 - - [03/Apr/2021:07:42:07 +0000] "HEAD / HTTP/1.1" 200 0 "https://FatesList.xyz" "Mozilla/5.0+(compatible; UptimeRobot/2.0; http://www.uptimerobot.com/)" "69.162.124.237"
172.68.37.48 - - [03/Apr/2021:07:43:44 +0000] "POST /api/bots/663515546557480990/stats HTTP/1.1" 200 27 "-" "-" "209.126.8.122"
162.158.155.254 - - [03/Apr/2021:07:43:46 +0000] "POST /api/bots/785358819021815828/stats HTTP/1.1" 200 27 "-" "BotListAPI 1.1.1 - Reactify#5687" "46.4.197.65"
141.101.98.68 - - [03/Apr/2021:07:43:58 +0000] "POST /api/bots/709585762319990814/stats HTTP/2.0" 200 27 "-" "node-fetch/1.0 (+https://github.com/bitinn/node-fetch)" "46.4.197.65"
172.68.37.46 - - [03/Apr/2021:07:44:08 +0000] "POST /api/bots/617706329229754379/stats HTTP/1.1" 200 27 "-" "-" "209.126.8.122"
172.69.170.70 - - [03/Apr/2021:07:47:07 +0000] "HEAD / HTTP/1.1" 200 0 "https://FatesList.xyz" "Mozilla/5.0+(compatible; UptimeRobot/2.0; http://www.uptimerobot.com/)" "69.162.124.237"
141.101.98.68 - - [03/Apr/2021:07:47:44 +0000] "POST /api/bots/356268235697553409/stats HTTP/1.1" 401 25 "-" "BotListAPI 5.5.2 - .fmbot#8173" "46.4.197.65"
162.158.155.254 - - [03/Apr/2021:07:48:15 +0000] "POST /api/bots/764153912190042133/stats HTTP/1.1" 200 27 "-" "node-fetch/1.0 (+https://github.com/bitinn/node-fetch)" "46.4.197.65"
162.158.158.201 - - [03/Apr/2021:07:49:56 +0000] "POST /api/bots/434556304661544960/stats HTTP/1.1" 401 25 "-" "BotListAPI 1.1.1 - Waifu#2747" "46.4.197.65"
172.68.239.197 - - [03/Apr/2021:07:50:12 +0000] "POST /api/bots/715906723982082139/stats HTTP/1.1" 200 27 "-" "-" "2001:41d0:602:2ed::f00a"
172.69.170.132 - - [03/Apr/2021:07:52:08 +0000] "HEAD / HTTP/1.1" 200 0 "https://FatesList.xyz" "Mozilla/5.0+(compatible; UptimeRobot/2.0; http://www.uptimerobot.com/)" "69.162.124.237"
162.158.63.100 - - [03/Apr/2021:07:52:15 +0000] "GET /robots.txt HTTP/1.1" 200 83 "-" "Mozilla/5.0 (compatible; bingbot/2.0; +http://www.bing.com/bingbot.htm)" "40.77.167.87"
172.68.37.40 - - [03/Apr/2021:07:53:44 +0000] "POST /api/bots/663515546557480990/stats HTTP/1.1" 200 27 "-" "-" "209.126.8.122"
162.158.155.128 - - [03/Apr/2021:07:53:45 +0000] "POST /api/bots/785358819021815828/stats HTTP/1.1" 200 27 "-" "BotListAPI 1.1.1 - Reactify#5687" "46.4.197.65"
108.162.210.238 - - [03/Apr/2021:07:54:04 +0000] "GET /?utm_source=BotBlock HTTP/1.1" 200 100329 "-" "Mozilla/5.0 (Linux; Android 6.0.1; Nexus 5X Build/MMB29P) AppleWebKit/537.36 (KHTML, like Gecko) Chrome/89.0.4389.102 Mobile Safari/537.36 (compatible; Googlebot/2.1; +http://www.google.com/bot.html)" "66.249.64.228"
172.68.37.48 - - [03/Apr/2021:07:54:08 +0000] "POST /api/bots/617706329229754379/stats HTTP/1.1" 200 27 "-" "-" "209.126.8.122"
108.162.210.110 - - [03/Apr/2021:07:55:28 +0000] "GET / HTTP/1.1" 200 100329 "-" "Mozilla/5.0 (compatible; Googlebot/2.1; +http://www.google.com/bot.html)" "66.249.64.254"
141.101.68.22 - - [03/Apr/2021:07:56:04 +0000] "GET /api/bots/187636089073172481/votes?user_id=454509197946650645 HTTP/1.1" 200 92 "-" "Python/3.9 aiohttp/3.7.4.post0" "78.197.116.88"
162.158.158.201 - - [03/Apr/2021:07:56:44 +0000] "POST /api/bots/600781202617663617/stats HTTP/1.1" 200 27 "-" "node-fetch/1.0 (+https://github.com/bitinn/node-fetch)" "54.36.164.187"
172.69.170.118 - - [03/Apr/2021:07:57:08 +0000] "HEAD / HTTP/1.1" 200 0 "https://FatesList.xyz" "Mozilla/5.0+(compatible; UptimeRobot/2.0; http://www.uptimerobot.com/)" "69.162.124.237"
162.158.158.229 - - [03/Apr/2021:07:57:44 +0000] "POST /api/bots/356268235697553409/stats HTTP/1.1" 401 25 "-" "BotListAPI 5.5.2 - .fmbot#8173" "46.4.197.65"
162.158.165.210 - - [03/Apr/2021:07:59:05 +0000] "GET /bot/821287256231772161 HTTP/1.1" 200 23602 "-" "Mozilla/5.0 (Windows NT 6.1) AppleWebKit/537.36 (KHTML, like Gecko) Chrome/89.0.4389.114 Safari/537.36" "117.216.148.215"
162.158.166.199 - - [03/Apr/2021:07:59:14 +0000] "GET /static/favicon.ico HTTP/1.1" 200 3115 "https://fateslist.xyz/bot/821287256231772161" "Mozilla/5.0 (Windows NT 6.1) AppleWebKit/537.36 (KHTML, like Gecko) Chrome/89.0.4389.114 Safari/537.36" "117.216.148.215"
162.158.158.253 - - [03/Apr/2021:07:59:56 +0000] "POST /api/bots/434556304661544960/stats HTTP/1.1" 401 25 "-" "BotListAPI 1.1.1 - Waifu#2747" "46.4.197.65"
162.158.155.254 - - [03/Apr/2021:08:00:10 +0000] "POST /api/bots/727039427775299605/stats HTTP/1.1" 200 27 "-" "node-fetch/1.0 (+https://github.com/bitinn/node-fetch)" "46.4.197.65"
172.68.238.112 - - [03/Apr/2021:08:00:14 +0000] "POST /api/bots/715906723982082139/stats HTTP/1.1" 200 27 "-" "-" "2001:41d0:602:2ed::f00a"
141.101.76.88 - - [03/Apr/2021:08:01:42 +0000] "GET / HTTP/1.1" 200 100329 "-" "Mozilla/5.0 (compatible; AhrefsBot/7.0; +http://ahrefs.com/robot/)" "54.36.148.98"
172.69.170.122 - - [03/Apr/2021:08:02:07 +0000] "HEAD / HTTP/1.1" 200 0 "https://FatesList.xyz" "Mozilla/5.0+(compatible; UptimeRobot/2.0; http://www.uptimerobot.com/)" "69.162.124.237"
162.158.155.254 - - [03/Apr/2021:08:03:19 +0000] "POST /api/bots/713142514986778715/stats HTTP/1.1" 200 27 "-" "Python/3.8 aiohttp/3.7.3" "46.4.197.65"
172.68.37.46 - - [03/Apr/2021:08:03:44 +0000] "POST /api/bots/663515546557480990/stats HTTP/1.1" 200 27 "-" "-" "209.126.8.122"
162.158.159.88 - - [03/Apr/2021:08:03:55 +0000] "POST /api/bots/785358819021815828/stats HTTP/1.1" 200 27 "-" "BotListAPI 1.1.1 - Reactify#5687" "46.4.197.65"
172.68.37.36 - - [03/Apr/2021:08:04:08 +0000] "POST /api/bots/617706329229754379/stats HTTP/1.1" 200 27 "-" "-" "209.126.8.122"
172.69.170.70 - - [03/Apr/2021:08:07:08 +0000] "HEAD / HTTP/1.1" 200 0 "https://FatesList.xyz" "Mozilla/5.0+(compatible; UptimeRobot/2.0; http://www.uptimerobot.com/)" "69.162.124.237"
162.158.88.10 - - [03/Apr/2021:08:07:44 +0000] "POST /api/bots/356268235697553409/stats HTTP/1.1" 401 25 "-" "BotListAPI 5.5.2 - .fmbot#8173" "46.4.197.65"
141.101.69.115 - - [03/Apr/2021:08:09:49 +0000] "POST /api/bots/187636089073172481/stats HTTP/1.1" 200 27 "-" "Python/3.9 aiohttp/3.7.4.post0" "78.197.116.88"
162.158.94.116 - - [03/Apr/2021:08:09:55 +0000] "POST /api/bots/434556304661544960/stats HTTP/1.1" 401 25 "-" "BotListAPI 1.1.1 - Waifu#2747" "46.4.197.65"
172.68.239.221 - - [03/Apr/2021:08:10:26 +0000] "POST /api/bots/715906723982082139/stats HTTP/1.1" 200 27 "-" "-" "2001:41d0:602:2ed::f00a"
108.162.219.86 - - [03/Apr/2021:08:11:07 +0000] "GET /bot/719524114536333342 HTTP/1.1" 200 25913 "-" "Mozilla/5.0 (compatible; SemrushBot/7~bl; +http://www.semrush.com/bot.html)" "185.191.171.23"
141.101.99.63 - - [03/Apr/2021:08:11:43 +0000] "POST /api/bots/600781202617663617/stats HTTP/1.1" 200 27 "-" "node-fetch/1.0 (+https://github.com/bitinn/node-fetch)" "54.36.164.187"
172.69.170.132 - - [03/Apr/2021:08:12:07 +0000] "HEAD / HTTP/1.1" 200 0 "https://FatesList.xyz" "Mozilla/5.0+(compatible; UptimeRobot/2.0; http://www.uptimerobot.com/)" "69.162.124.237"
162.158.166.117 - - [03/Apr/2021:08:13:14 +0000] "GET /robots.txt HTTP/1.1" 304 0 "-" "(compatible;PetalBot;+https://aspiegel.com/petalbot)" "114.119.133.161"
172.68.37.46 - - [03/Apr/2021:08:13:44 +0000] "POST /api/bots/663515546557480990/stats HTTP/1.1" 200 27 "-" "-" "209.126.8.122"
162.158.88.234 - - [03/Apr/2021:08:13:46 +0000] "POST /api/bots/785358819021815828/stats HTTP/1.1" 200 27 "-" "BotListAPI 1.1.1 - Reactify#5687" "46.4.197.65"
162.158.89.35 - - [03/Apr/2021:08:13:58 +0000] "POST /api/bots/709585762319990814/stats HTTP/1.1" 200 27 "-" "node-fetch/1.0 (+https://github.com/bitinn/node-fetch)" "46.4.197.65"
172.68.37.36 - - [03/Apr/2021:08:14:08 +0000] "POST /api/bots/617706329229754379/stats HTTP/1.1" 200 27 "-" "-" "209.126.8.122"
172.69.170.132 - - [03/Apr/2021:08:17:08 +0000] "HEAD / HTTP/1.1" 200 0 "https://FatesList.xyz" "Mozilla/5.0+(compatible; UptimeRobot/2.0; http://www.uptimerobot.com/)" "69.162.124.237"
162.158.88.134 - - [03/Apr/2021:08:17:43 +0000] "POST /api/bots/356268235697553409/stats HTTP/1.1" 401 25 "-" "BotListAPI 5.5.2 - .fmbot#8173" "46.4.197.65"
162.158.93.93 - - [03/Apr/2021:08:18:15 +0000] "POST /api/bots/764153912190042133/stats HTTP/1.1" 200 27 "-" "node-fetch/1.0 (+https://github.com/bitinn/node-fetch)" "46.4.197.65"
162.158.91.83 - - [03/Apr/2021:08:19:56 +0000] "POST /api/bots/434556304661544960/stats HTTP/1.1" 401 25 "-" "BotListAPI 1.1.1 - Waifu#2747" "46.4.197.65"
172.68.238.106 - - [03/Apr/2021:08:20:12 +0000] "POST /api/bots/715906723982082139/stats HTTP/1.1" 200 27 "-" "-" "2001:41d0:602:2ed::f00a"
108.162.210.110 - - [03/Apr/2021:08:20:56 +0000] "GET / HTTP/1.1" 200 100329 "-" "Mozilla/5.0 (compatible; Googlebot/2.1; +http://www.google.com/bot.html)" "66.249.64.249"
172.69.170.132 - - [03/Apr/2021:08:22:08 +0000] "HEAD / HTTP/1.1" 200 0 "https://FatesList.xyz" "Mozilla/5.0+(compatible; UptimeRobot/2.0; http://www.uptimerobot.com/)" "69.162.124.237"
172.68.37.48 - - [03/Apr/2021:08:23:44 +0000] "POST /api/bots/663515546557480990/stats HTTP/1.1" 200 27 "-" "-" "209.126.8.122"
162.158.88.234 - - [03/Apr/2021:08:23:47 +0000] "POST /api/bots/785358819021815828/stats HTTP/1.1" 200 27 "-" "BotListAPI 1.1.1 - Reactify#5687" "46.4.197.65"
172.68.37.48 - - [03/Apr/2021:08:24:08 +0000] "POST /api/bots/617706329229754379/stats HTTP/1.1" 200 27 "-" "-" "209.126.8.122"
141.101.99.103 - - [03/Apr/2021:08:26:45 +0000] "POST /api/bots/600781202617663617/stats HTTP/1.1" 200 27 "-" "node-fetch/1.0 (+https://github.com/bitinn/node-fetch)" "54.36.164.187"
172.69.170.70 - - [03/Apr/2021:08:27:08 +0000] "HEAD / HTTP/1.1" 200 0 "https://FatesList.xyz" "Mozilla/5.0+(compatible; UptimeRobot/2.0; http://www.uptimerobot.com/)" "69.162.124.237"
162.158.91.83 - - [03/Apr/2021:08:27:43 +0000] "POST /api/bots/356268235697553409/stats HTTP/1.1" 401 25 "-" "BotListAPI 5.5.2 - .fmbot#8173" "46.4.197.65"
162.158.91.83 - - [03/Apr/2021:08:29:55 +0000] "POST /api/bots/434556304661544960/stats HTTP/1.1" 401 25 "-" "BotListAPI 1.1.1 - Waifu#2747" "46.4.197.65"
162.158.88.234 - - [03/Apr/2021:08:30:09 +0000] "POST /api/bots/760515811000582165/stats HTTP/1.1" 200 27 "-" "node-fetch/1.0 (+https://github.com/bitinn/node-fetch)" "46.4.197.65"
172.68.238.112 - - [03/Apr/2021:08:30:12 +0000] "POST /api/bots/715906723982082139/stats HTTP/1.1" 200 27 "-" "-" "2001:41d0:602:2ed::f00a"
162.158.88.100 - - [03/Apr/2021:08:30:39 +0000] "POST /api/bots/429656936435286016/stats HTTP/2.0" 200 27 "-" "RinBot" "46.4.197.65"
172.69.170.118 - - [03/Apr/2021:08:32:08 +0000] "HEAD / HTTP/1.1" 200 0 "https://FatesList.xyz" "Mozilla/5.0+(compatible; UptimeRobot/2.0; http://www.uptimerobot.com/)" "69.162.124.237"
162.158.94.116 - - [03/Apr/2021:08:33:27 +0000] "POST /api/bots/713142514986778715/stats HTTP/1.1" 200 27 "-" "Python/3.8 aiohttp/3.7.3" "46.4.197.65"
172.68.37.46 - - [03/Apr/2021:08:33:44 +0000] "POST /api/bots/663515546557480990/stats HTTP/1.1" 200 27 "-" "-" "209.126.8.122"
162.158.88.154 - - [03/Apr/2021:08:33:47 +0000] "POST /api/bots/785358819021815828/stats HTTP/1.1" 200 27 "-" "BotListAPI 1.1.1 - Reactify#5687" "46.4.197.65"
172.68.37.40 - - [03/Apr/2021:08:34:08 +0000] "POST /api/bots/617706329229754379/stats HTTP/1.1" 200 27 "-" "-" "209.126.8.122"
172.69.170.118 - - [03/Apr/2021:08:37:08 +0000] "HEAD / HTTP/1.1" 200 0 "https://FatesList.xyz" "Mozilla/5.0+(compatible; UptimeRobot/2.0; http://www.uptimerobot.com/)" "69.162.124.237"
172.69.34.130 - - [03/Apr/2021:08:37:29 +0000] "HEAD / HTTP/1.1" 200 0 "https://t.co/2GfjSkwXDP" "-" "104.199.112.227"
162.158.89.187 - - [03/Apr/2021:08:37:44 +0000] "POST /api/bots/356268235697553409/stats HTTP/1.1" 401 25 "-" "BotListAPI 5.5.2 - .fmbot#8173" "46.4.197.65"
141.101.68.42 - - [03/Apr/2021:08:39:55 +0000] "POST /api/bots/187636089073172481/stats HTTP/1.1" 200 27 "-" "Python/3.9 aiohttp/3.7.4.post0" "78.197.116.88"
162.158.88.100 - - [03/Apr/2021:08:39:56 +0000] "POST /api/bots/434556304661544960/stats HTTP/1.1" 401 25 "-" "BotListAPI 1.1.1 - Waifu#2747" "46.4.197.65"
172.68.239.197 - - [03/Apr/2021:08:40:11 +0000] "POST /api/bots/715906723982082139/stats HTTP/1.1" 200 27 "-" "-" "2001:41d0:602:2ed::f00a"
162.158.158.253 - - [03/Apr/2021:08:41:44 +0000] "POST /api/bots/600781202617663617/stats HTTP/1.1" 200 27 "-" "node-fetch/1.0 (+https://github.com/bitinn/node-fetch)" "54.36.164.187"
172.69.170.122 - - [03/Apr/2021:08:42:08 +0000] "HEAD / HTTP/1.1" 200 0 "https://FatesList.xyz" "Mozilla/5.0+(compatible; UptimeRobot/2.0; http://www.uptimerobot.com/)" "69.162.124.237"
108.162.210.224 - - [03/Apr/2021:08:43:10 +0000] "GET /invite HTTP/1.1" 404 9320 "-" "Mozilla/5.0 (Linux; Android 6.0.1; Nexus 5X Build/MMB29P) AppleWebKit/537.36 (KHTML, like Gecko) Chrome/89.0.4389.102 Mobile Safari/537.36 (compatible; Googlebot/2.1; +http://www.google.com/bot.html)" "66.249.64.253"
172.68.37.40 - - [03/Apr/2021:08:43:44 +0000] "POST /api/bots/663515546557480990/stats HTTP/1.1" 200 27 "-" "-" "209.126.8.122"
162.158.89.35 - - [03/Apr/2021:08:43:46 +0000] "POST /api/bots/785358819021815828/stats HTTP/1.1" 200 27 "-" "BotListAPI 1.1.1 - Reactify#5687" "46.4.197.65"
162.158.93.69 - - [03/Apr/2021:08:43:58 +0000] "POST /api/bots/709585762319990814/stats HTTP/1.1" 200 27 "-" "node-fetch/1.0 (+https://github.com/bitinn/node-fetch)" "46.4.197.65"
172.68.37.40 - - [03/Apr/2021:08:44:08 +0000] "POST /api/bots/617706329229754379/stats HTTP/1.1" 200 27 "-" "-" "209.126.8.122"
108.162.212.101 - - [03/Apr/2021:08:44:13 +0000] "GET /fates/tos HTTP/1.1" 200 11147 "-" "Mozilla/5.0 (compatible; Googlebot/2.1; +http://www.google.com/bot.html)" "66.249.64.253"
172.69.170.132 - - [03/Apr/2021:08:47:08 +0000] "HEAD / HTTP/1.1" 200 0 "https://FatesList.xyz" "Mozilla/5.0+(compatible; UptimeRobot/2.0; http://www.uptimerobot.com/)" "69.162.124.237"
162.158.159.36 - - [03/Apr/2021:08:47:43 +0000] "POST /api/bots/356268235697553409/stats HTTP/1.1" 401 25 "-" "BotListAPI 5.5.2 - .fmbot#8173" "46.4.197.65"
162.158.158.201 - - [03/Apr/2021:08:48:15 +0000] "POST /api/bots/764153912190042133/stats HTTP/1.1" 200 27 "-" "node-fetch/1.0 (+https://github.com/bitinn/node-fetch)" "46.4.197.65"
162.158.155.254 - - [03/Apr/2021:08:49:56 +0000] "POST /api/bots/434556304661544960/stats HTTP/1.1" 401 25 "-" "BotListAPI 1.1.1 - Waifu#2747" "46.4.197.65"
172.68.238.112 - - [03/Apr/2021:08:50:11 +0000] "POST /api/bots/715906723982082139/stats HTTP/1.1" 200 27 "-" "-" "2001:41d0:602:2ed::f00a"
172.69.170.122 - - [03/Apr/2021:08:52:08 +0000] "HEAD / HTTP/1.1" 200 0 "https://FatesList.xyz" "Mozilla/5.0+(compatible; UptimeRobot/2.0; http://www.uptimerobot.com/)" "69.162.124.237"
172.68.37.36 - - [03/Apr/2021:08:53:44 +0000] "POST /api/bots/663515546557480990/stats HTTP/1.1" 200 27 "-" "-" "209.126.8.122"
162.158.159.46 - - [03/Apr/2021:08:53:46 +0000] "POST /api/bots/785358819021815828/stats HTTP/1.1" 200 27 "-" "BotListAPI 1.1.1 - Reactify#5687" "46.4.197.65"
172.68.37.36 - - [03/Apr/2021:08:54:08 +0000] "POST /api/bots/617706329229754379/stats HTTP/1.1" 200 27 "-" "-" "209.126.8.122"
141.101.98.26 - - [03/Apr/2021:08:56:45 +0000] "POST /api/bots/600781202617663617/stats HTTP/1.1" 200 27 "-" "node-fetch/1.0 (+https://github.com/bitinn/node-fetch)" "54.36.164.187"
172.69.170.118 - - [03/Apr/2021:08:57:08 +0000] "HEAD / HTTP/1.1" 200 0 "https://FatesList.xyz" "Mozilla/5.0+(compatible; UptimeRobot/2.0; http://www.uptimerobot.com/)" "69.162.124.237"
162.158.159.88 - - [03/Apr/2021:08:57:44 +0000] "POST /api/bots/356268235697553409/stats HTTP/1.1" 401 25 "-" "BotListAPI 5.5.2 - .fmbot#8173" "46.4.197.65"
162.158.158.229 - - [03/Apr/2021:08:59:55 +0000] "POST /api/bots/434556304661544960/stats HTTP/1.1" 401 25 "-" "BotListAPI 1.1.1 - Waifu#2747" "46.4.197.65"
162.158.158.201 - - [03/Apr/2021:09:00:09 +0000] "POST /api/bots/727039427775299605/stats HTTP/1.1" 200 27 "-" "node-fetch/1.0 (+https://github.com/bitinn/node-fetch)" "46.4.197.65"
172.68.238.244 - - [03/Apr/2021:09:00:11 +0000] "POST /api/bots/715906723982082139/stats HTTP/1.1" 200 27 "-" "-" "2001:41d0:602:2ed::f00a"
172.69.170.122 - - [03/Apr/2021:09:02:08 +0000] "HEAD / HTTP/1.1" 200 0 "https://FatesList.xyz" "Mozilla/5.0+(compatible; UptimeRobot/2.0; http://www.uptimerobot.com/)" "69.162.124.237"
162.158.122.8 - - [03/Apr/2021:09:03:15 +0000] "GET /robots.txt HTTP/2.0" 200 83 "-" "Mozilla/5.0 (compatible; Googlebot/2.1; +http://www.google.com/bot.html)" "66.249.64.226"
108.162.210.110 - - [03/Apr/2021:09:03:16 +0000] "GET / HTTP/1.1" 200 100329 "-" "Mozilla/5.0 (compatible; Googlebot/2.1; +http://www.google.com/bot.html)" "66.249.64.228"
162.158.158.229 - - [03/Apr/2021:09:03:34 +0000] "POST /api/bots/713142514986778715/stats HTTP/1.1" 200 27 "-" "Python/3.8 aiohttp/3.7.3" "46.4.197.65"
172.68.37.36 - - [03/Apr/2021:09:03:44 +0000] "POST /api/bots/663515546557480990/stats HTTP/1.1" 200 27 "-" "-" "209.126.8.122"
162.158.158.201 - - [03/Apr/2021:09:03:46 +0000] "POST /api/bots/785358819021815828/stats HTTP/1.1" 200 27 "-" "BotListAPI 1.1.1 - Reactify#5687" "46.4.197.65"
172.68.37.46 - - [03/Apr/2021:09:04:08 +0000] "POST /api/bots/617706329229754379/stats HTTP/1.1" 200 27 "-" "-" "209.126.8.122"
172.69.170.118 - - [03/Apr/2021:09:07:08 +0000] "HEAD / HTTP/2.0" 200 0 "https://FatesList.xyz" "Mozilla/5.0+(compatible; UptimeRobot/2.0; http://www.uptimerobot.com/)" "69.162.124.237"
141.101.98.68 - - [03/Apr/2021:09:07:43 +0000] "POST /api/bots/356268235697553409/stats HTTP/1.1" 401 25 "-" "BotListAPI 5.5.2 - .fmbot#8173" "46.4.197.65"
108.162.215.50 - - [03/Apr/2021:09:09:30 +0000] "HEAD / HTTP/1.1" 200 0 "https://t.co/2GfjSkwXDP" "-" "35.203.154.86"
108.162.210.250 - - [03/Apr/2021:09:09:45 +0000] "GET /bot/187636089073172481 HTTP/2.0" 200 67662 "-" "Mozilla/5.0 (compatible; Googlebot/2.1; +http://www.google.com/bot.html)" "66.249.64.253"
162.158.159.130 - - [03/Apr/2021:09:09:56 +0000] "POST /api/bots/434556304661544960/stats HTTP/1.1" 401 25 "-" "BotListAPI 1.1.1 - Waifu#2747" "46.4.197.65"
172.68.238.106 - - [03/Apr/2021:09:10:11 +0000] "POST /api/bots/715906723982082139/stats HTTP/1.1" 200 27 "-" "-" "2001:41d0:602:2ed::f00a"
162.158.155.254 - - [03/Apr/2021:09:11:10 +0000] "POST /api/bots/709585762319990814/stats HTTP/1.1" 200 27 "-" "node-fetch/1.0 (+https://github.com/bitinn/node-fetch)" "46.4.197.65"
162.158.159.36 - - [03/Apr/2021:09:11:44 +0000] "POST /api/bots/600781202617663617/stats HTTP/1.1" 200 27 "-" "node-fetch/1.0 (+https://github.com/bitinn/node-fetch)" "54.36.164.187"
172.69.170.132 - - [03/Apr/2021:09:12:08 +0000] "HEAD / HTTP/1.1" 200 0 "https://FatesList.xyz" "Mozilla/5.0+(compatible; UptimeRobot/2.0; http://www.uptimerobot.com/)" "69.162.124.237"
172.68.37.48 - - [03/Apr/2021:09:13:44 +0000] "POST /api/bots/663515546557480990/stats HTTP/1.1" 200 27 "-" "-" "209.126.8.122"
162.158.158.229 - - [03/Apr/2021:09:13:46 +0000] "POST /api/bots/785358819021815828/stats HTTP/1.1" 200 27 "-" "BotListAPI 1.1.1 - Reactify#5687" "46.4.197.65"
172.68.37.36 - - [03/Apr/2021:09:14:08 +0000] "POST /api/bots/617706329229754379/stats HTTP/1.1" 200 27 "-" "-" "209.126.8.122"
141.101.105.140 - - [03/Apr/2021:09:16:25 +0000] "GET /bot/429656936435286016 HTTP/1.1" 200 25600 "-" "Mozilla/5.0 (Windows NT 10.0; Win64; x64; rv:87.0) Gecko/20100101 Firefox/87.0" "83.128.77.21"
141.101.104.239 - - [03/Apr/2021:09:17:06 +0000] "POST /bot/429656936435286016/vote HTTP/1.1" 303 5 "https://fateslist.xyz/bot/429656936435286016" "Mozilla/5.0 (Windows NT 10.0; Win64; x64; rv:87.0) Gecko/20100101 Firefox/87.0" "83.128.77.21"
141.101.104.239 - - [03/Apr/2021:09:17:06 +0000] "GET /auth/login?redirect=/bot/429656936435286016&pretty=to+vote+for+this+bot HTTP/1.1" 200 11998 "https://fateslist.xyz/bot/429656936435286016" "Mozilla/5.0 (Windows NT 10.0; Win64; x64; rv:87.0) Gecko/20100101 Firefox/87.0" "83.128.77.21"
172.69.170.122 - - [03/Apr/2021:09:17:08 +0000] "HEAD / HTTP/1.1" 200 0 "https://FatesList.xyz" "Mozilla/5.0+(compatible; UptimeRobot/2.0; http://www.uptimerobot.com/)" "69.162.124.237"
141.101.104.239 - - [03/Apr/2021:09:17:09 +0000] "POST /auth/login?redirect=/bot/429656936435286016&pretty=to+vote+for+this+bot HTTP/1.1" 303 5 "https://fateslist.xyz/auth/login?redirect=/bot/429656936435286016&pretty=to+vote+for+this+bot" "Mozilla/5.0 (Windows NT 10.0; Win64; x64; rv:87.0) Gecko/20100101 Firefox/87.0" "83.128.77.21"
141.101.104.239 - - [03/Apr/2021:09:17:14 +0000] "GET /auth/login/confirm?code=UTXVSHVfYon4oTTWGvKiyIP3Eu00cc&state=cZfMqB2pc49jPz8A6OTNakyIElJcW2XDIxTS8JCAZn6l5zTqg2tbd4Xa6geGcgG3qw0Jq2v2g52fZg6iqlhibUUeBi8IfY4Cvr0VV HTTP/1.1" 307 5 "https://discord.com/" "Mozilla/5.0 (Windows NT 10.0; Win64; x64; rv:87.0) Gecko/20100101 Firefox/87.0" "83.128.77.21"
141.101.104.239 - - [03/Apr/2021:09:17:14 +0000] "GET /bot/429656936435286016 HTTP/1.1" 200 27808 "https://discord.com/" "Mozilla/5.0 (Windows NT 10.0; Win64; x64; rv:87.0) Gecko/20100101 Firefox/87.0" "83.128.77.21"
141.101.104.239 - - [03/Apr/2021:09:17:16 +0000] "POST /bot/429656936435286016/vote HTTP/1.1" 200 9778 "https://fateslist.xyz/bot/429656936435286016" "Mozilla/5.0 (Windows NT 10.0; Win64; x64; rv:87.0) Gecko/20100101 Firefox/87.0" "83.128.77.21"
141.101.104.239 - - [03/Apr/2021:09:17:17 +0000] "GET /bot/429656936435286016 HTTP/1.1" 200 27808 "https://fateslist.xyz/bot/429656936435286016/vote" "Mozilla/5.0 (Windows NT 10.0; Win64; x64; rv:87.0) Gecko/20100101 Firefox/87.0" "83.128.77.21"
162.158.62.151 - - [03/Apr/2021:09:17:21 +0000] "GET /bot/716944009930473494 HTTP/1.1" 200 24642 "-" "Mozilla/5.0 (compatible; SemrushBot/7~bl; +http://www.semrush.com/bot.html)" "185.191.171.43"
162.158.159.130 - - [03/Apr/2021:09:17:43 +0000] "POST /api/bots/356268235697553409/stats HTTP/1.1" 401 25 "-" "BotListAPI 5.5.2 - .fmbot#8173" "46.4.197.65"
141.101.99.103 - - [03/Apr/2021:09:18:15 +0000] "POST /api/bots/764153912190042133/stats HTTP/1.1" 200 27 "-" "node-fetch/1.0 (+https://github.com/bitinn/node-fetch)" "46.4.197.65"
141.101.98.68 - - [03/Apr/2021:09:19:55 +0000] "POST /api/bots/434556304661544960/stats HTTP/1.1" 401 25 "-" "BotListAPI 1.1.1 - Waifu#2747" "46.4.197.65"
172.68.239.221 - - [03/Apr/2021:09:20:26 +0000] "POST /api/bots/715906723982082139/stats HTTP/1.1" 200 27 "-" "-" "2001:41d0:602:2ed::f00a"
141.101.96.184 - - [03/Apr/2021:09:20:30 +0000] "GET /robots.txt HTTP/1.1" 200 83 "-" "Mozilla/5.0 (compatible; SeznamBot/3.2; +http://napoveda.seznam.cz/en/seznambot-intro/)" "77.75.76.168"
